Archive member included to satisfy reference by file (symbol)

C:/devkitPro/libctru/lib\libcitro2d.a(base.o)
                              main.o (C2D_Init)
C:/devkitPro/libctru/lib\libcitro2d.a(spritesheet.o)
                              main.o (C2D_SpriteSheetLoad)
C:/devkitPro/libctru/lib\libcitro2d.a(render2d.shbin.o)
                              C:/devkitPro/libctru/lib\libcitro2d.a(base.o) (render2d_shbin)
C:/devkitPro/libctru/lib\libcitro3d.a(base.o)
                              main.o (C3D_Init)
C:/devkitPro/libctru/lib\libcitro3d.a(renderqueue.o)
                              C:/devkitPro/libctru/lib\libcitro3d.a(base.o) (C3Di_RenderQueueEnableVBlank)
C:/devkitPro/libctru/lib\libcitro3d.a(texture.o)
                              C:/devkitPro/libctru/lib\libcitro2d.a(base.o) (C3D_TexBind)
C:/devkitPro/libctru/lib\libcitro3d.a(tex3ds.o)
                              C:/devkitPro/libctru/lib\libcitro2d.a(spritesheet.o) (Tex3DS_TextureImport)
C:/devkitPro/libctru/lib\libcitro3d.a(framebuffer.o)
                              C:/devkitPro/libctru/lib\libcitro3d.a(renderqueue.o) (C3D_CalcColorBufSize)
C:/devkitPro/libctru/lib\libcitro3d.a(texenv.o)
                              C:/devkitPro/libctru/lib\libcitro2d.a(base.o) (C3D_GetTexEnv)
C:/devkitPro/libctru/lib\libcitro3d.a(proctex.o)
                              C:/devkitPro/libctru/lib\libcitro2d.a(base.o) (C3D_ProcTexInit)
C:/devkitPro/libctru/lib\libcitro3d.a(buffers.o)
                              C:/devkitPro/libctru/lib\libcitro2d.a(base.o) (BufInfo_Init)
C:/devkitPro/libctru/lib\libcitro3d.a(drawArrays.o)
                              C:/devkitPro/libctru/lib\libcitro2d.a(base.o) (C3D_DrawArrays)
C:/devkitPro/libctru/lib\libcitro3d.a(effect.o)
                              C:/devkitPro/libctru/lib\libcitro3d.a(base.o) (C3D_DepthMap)
C:/devkitPro/libctru/lib\libcitro3d.a(attribs.o)
                              C:/devkitPro/libctru/lib\libcitro2d.a(base.o) (AttrInfo_Init)
C:/devkitPro/libctru/lib\libcitro3d.a(immediate.o)
                              C:/devkitPro/libctru/lib\libcitro3d.a(base.o) (C3D_ImmSendAttrib)
C:/devkitPro/libctru/lib\libcitro3d.a(uniforms.o)
                              C:/devkitPro/libctru/lib\libcitro3d.a(base.o) (C3D_UpdateUniforms)
C:/devkitPro/libctru/lib\libcitro3d.a(mtx_ortho.o)
                              C:/devkitPro/libctru/lib\libcitro2d.a(base.o) (Mtx_Ortho)
C:/devkitPro/libctru/lib\libcitro3d.a(mtx_scale.o)
                              C:/devkitPro/libctru/lib\libcitro2d.a(base.o) (Mtx_Scale)
C:/devkitPro/libctru/lib\libcitro3d.a(mtx_multiply.o)
                              C:/devkitPro/libctru/lib\libcitro2d.a(base.o) (Mtx_Multiply)
C:/devkitPro/libctru/lib\libcitro3d.a(mtx_orthotilt.o)
                              C:/devkitPro/libctru/lib\libcitro2d.a(base.o) (Mtx_OrthoTilt)
C:/devkitPro/libctru/lib\libcitro3d.a(mtx_translate.o)
                              C:/devkitPro/libctru/lib\libcitro2d.a(base.o) (Mtx_Translate)
C:/devkitPro/libctru/lib\libcitro3d.a(mtx_rotatez.o)
                              C:/devkitPro/libctru/lib\libcitro2d.a(base.o) (Mtx_RotateZ)
C:/devkitPro/libctru/lib\libctru.a(vram.o)
                              C:/devkitPro/libctru/lib\libcitro3d.a(renderqueue.o) (vramAlloc)
C:/devkitPro/libctru/lib\libctru.a(linear.o)
                              C:/devkitPro/libctru/lib\libcitro2d.a(base.o) (linearAlloc)
C:/devkitPro/libctru/lib\libctru.a(mem_pool.o)
                              C:/devkitPro/libctru/lib\libctru.a(vram.o) (MemPool::Allocate(MemChunk&, unsigned long, int))
C:/devkitPro/libctru/lib\libctru.a(romfs_dev.o)
                              main.o (romfsMountSelf)
C:/devkitPro/libctru/lib\libctru.a(os.o)
                              C:/devkitPro/libctru/lib\libcitro3d.a(texture.o) (osConvertVirtToPhys)
C:/devkitPro/libctru/lib\libctru.a(console.o)
                              main.o (consoleInit)
C:/devkitPro/libctru/lib\libctru.a(path_buf.o)
                              C:/devkitPro/libctru/lib\libctru.a(romfs_dev.o) (__ctru_dev_utf16_buf)
C:/devkitPro/libctru/lib\libctru.a(gfx.o)
                              C:/devkitPro/libctru/lib\libcitro2d.a(base.o) (gfxIsWide)
C:/devkitPro/libctru/lib\libctru.a(thread.o)
                              main.o (threadCreate)
C:/devkitPro/libctru/lib\libctru.a(shaderProgram.o)
                              C:/devkitPro/libctru/lib\libcitro2d.a(base.o) (shaderInstanceGetUniformLocation)
C:/devkitPro/libctru/lib\libctru.a(shbin.o)
                              C:/devkitPro/libctru/lib\libcitro2d.a(base.o) (DVLB_ParseFile)
C:/devkitPro/libctru/lib\libctru.a(gx.o)
                              C:/devkitPro/libctru/lib\libcitro3d.a(renderqueue.o) (GX_BindQueue)
C:/devkitPro/libctru/lib\libctru.a(gxqueue.o)
                              C:/devkitPro/libctru/lib\libcitro3d.a(renderqueue.o) (gxCmdQueueClear)
C:/devkitPro/libctru/lib\libctru.a(gpu.o)
[...]
Memory Configuration

Name             Origin             Length             Attributes
*default*        0x0000000000000000 0xffffffffffffffff

Linker script and memory map

                0x0000000000100000                PROVIDE (__start__ = 0x100000)
                0x0000000000100000                . = __start__

.text           0x0000000000100000    0x2b8e4
 *(.crt0)
 .crt0          0x0000000000100000       0x94 c:/devkitpro/devkitarm/bin/../lib/gcc/arm-none-eabi/10.2.0/../../../../arm-none-eabi/lib/armv6k/fpu/3dsx_crt0.o
                0x0000000000100000                _start
                0x0000000000100008                __service_ptr
                0x000000000010000c                __apt_appid
                0x0000000000100010                __heap_size
                0x0000000000100014                __linear_heap_size
                0x0000000000100018                __system_arglist
                0x000000000010001c                __system_runflags
 *(.init)
 .init          0x0000000000100094        0xc c:/devkitpro/devkitarm/bin/../lib/gcc/arm-none-eabi/10.2.0/armv6k/fpu/crti.o
                0x0000000000100094                _init
 .init          0x00000000001000a0        0xc c:/devkitpro/devkitarm/bin/../lib/gcc/arm-none-eabi/10.2.0/armv6k/fpu/crtn.o
                0x00000000001000ac                . = ALIGN (0x4)
 *(.text)
 .text          0x00000000001000ac      0x20c c:/devkitpro/devkitarm/bin/../lib/gcc/arm-none-eabi/10.2.0/armv6k/fpu\libgcc.a(_udivsi3.o)
                0x00000000001000ac                __aeabi_uidiv
                0x00000000001000ac                __udivsi3
                0x0000000000100298                __aeabi_uidivmod
 .text          0x00000000001002b8      0x240 c:/devkitpro/devkitarm/bin/../lib/gcc/arm-none-eabi/10.2.0/armv6k/fpu\libgcc.a(_divsi3.o)
                0x00000000001002b8                __divsi3
                0x00000000001002b8                __aeabi_idiv
                0x00000000001004d8                __aeabi_idivmod
 .text          0x00000000001004f8        0x4 c:/devkitpro/devkitarm/bin/../lib/gcc/arm-none-eabi/10.2.0/armv6k/fpu\libgcc.a(_dvmd_tls.o)
                0x00000000001004f8                __aeabi_idiv0
                0x00000000001004f8                __aeabi_ldiv0
 .text          0x00000000001004fc      0x3c0 c:/devkitpro/devkitarm/bin/../lib/gcc/arm-none-eabi/10.2.0/armv6k/fpu\libgcc.a(_arm_addsubdf3.o)
                0x00000000001004fc                __aeabi_drsub
                0x0000000000100504                __aeabi_dsub
                0x0000000000100504                __subdf3
                0x0000000000100508                __aeabi_dadd
                0x0000000000100508                __adddf3
                0x00000000001007b4                __floatunsidf
                0x00000000001007b4                __aeabi_ui2d
                0x00000000001007d8                __floatsidf
                0x00000000001007d8                __aeabi_i2d
                0x0000000000100800                __aeabi_f2d
                0x0000000000100800                __extendsfdf2
                0x0000000000100848                __floatundidf
                0x0000000000100848                __aeabi_ul2d
                0x000000000010085c                __floatdidf
                0x000000000010085c                __aeabi_l2d
 .text          0x00000000001008bc       0xd4 c:/devkitpro/devkitarm/bin/../lib/gcc/arm-none-eabi/10.2.0/armv6k/fpu\libgcc.a(_aeabi_ldivmod.o)
                0x00000000001008bc                __aeabi_ldivmod
 .text          0x0000000000100990       0x3c c:/devkitpro/devkitarm/bin/../lib/gcc/arm-none-eabi/10.2.0/armv6k/fpu\libgcc.a(_aeabi_uldivmod.o)
                0x0000000000100990                __aeabi_uldivmod
 *fill*         0x00000000001009cc       0x14 
 .text          0x00000000001009e0      0x390 c:/devkitpro/devkitarm/bin/../lib/gcc/arm-none-eabi/10.2.0/../../../../arm-none-eabi/lib/armv6k/fpu\libg.a(lib_a-strcmp.o)
                0x00000000001009e8                strcmp
 *(.text.*)
 .text.__do_global_dtors_aux
                0x0000000000100d70       0x40 c:/devkitpro/devkitarm/bin/../lib/gcc/arm-none-eabi/10.2.0/armv6k/fpu/crtbegin.o
 .text.frame_dummy
                0x0000000000100db0       0x2c c:/devkitpro/devkitarm/bin/../lib/gcc/arm-none-eabi/10.2.0/armv6k/fpu/crtbegin.o
 .text.threadMain
                0x0000000000100ddc      0x188 main.o
                0x0000000000100ddc                threadMain
 .text.startup.main
                0x0000000000100f64      0x694 main.o
                0x0000000000100f64                main
 .text.C2Di_FrameEndHook
                0x00000000001015f8       0x34 C:/devkitPro/libctru/lib\libcitro2d.a(base.o)
 *fill*         0x000000000010162c        0x4 
 .text.C2D_Init
                0x0000000000101630      0x330 C:/devkitPro/libctru/lib\libcitro2d.a(base.o)
                0x0000000000101630                C2D_Init
 .text.C2D_Fini
                0x0000000000101960       0x44 C:/devkitPro/libctru/lib\libcitro2d.a(base.o)
                0x0000000000101960                C2D_Fini
 .text.C2D_Prepare
                0x00000000001019a4       0xd0 C:/devkitPro/libctru/lib\libcitro2d.a(base.o)
                0x00000000001019a4                C2D_Prepare
 .text.C2D_Flush
                0x0000000000101a74       0x3c C:/devkitPro/libctru/lib\libcitro2d.a(base.o)
                0x0000000000101a74                C2D_Flush
 .text.C2D_SceneSize
                0x0000000000101ab0      0x108 C:/devkitPro/libctru/lib\libcitro2d.a(base.o)
                0x0000000000101ab0                C2D_SceneSize
 .text.C2D_CreateScreenTarget
                0x0000000000101bb8       0x58 C:/devkitPro/libctru/lib\libcitro2d.a(base.o)
                0x0000000000101bb8                C2D_CreateScreenTarget
 .text.C2D_TargetClear
                0x0000000000101c10       0x58 C:/devkitPro/libctru/lib\libcitro2d.a(base.o)
                0x0000000000101c10                C2D_TargetClear
 .text.C2Di_CalcQuad
                0x0000000000101c68      0x13c C:/devkitPro/libctru/lib\libcitro2d.a(base.o)
                0x0000000000101c68                C2Di_CalcQuad
 .text.C2Di_Update
                0x0000000000101da4      0x22c C:/devkitPro/libctru/lib\libcitro2d.a(base.o)
                0x0000000000101da4                C2Di_Update
 .text.C2D_DrawImage
                0x0000000000101fd0      0x2f8 C:/devkitPro/libctru/lib\libcitro2d.a(base.o)
                0x0000000000101fd0                C2D_DrawImage
 .text.C2D_SpriteSheetLoadFromHandle
                0x00000000001022c8       0x6c C:/devkitPro/libctru/lib\libcitro2d.a(spritesheet.o)
                0x00000000001022c8                C2D_SpriteSheetLoadFromHandle
 .text.C2D_SpriteSheetLoad
                0x0000000000102334       0x48 C:/devkitPro/libctru/lib\libcitro2d.a(spritesheet.o)
                0x0000000000102334                C2D_SpriteSheetLoad
 .text.C2D_SpriteSheetFree
                0x000000000010237c       0x28 C:/devkitPro/libctru/lib\libcitro2d.a(spritesheet.o)
                0x000000000010237c                C2D_SpriteSheetFree
 .text.C2D_SpriteSheetCount
                0x00000000001023a4        0x8 C:/devkitPro/libctru/lib\libcitro2d.a(spritesheet.o)
                0x00000000001023a4                C2D_SpriteSheetCount
 .text.C2D_SpriteSheetGetImage
                0x00000000001023ac       0x2c C:/devkitPro/libctru/lib\libcitro2d.a(spritesheet.o)
                0x00000000001023ac                C2D_SpriteSheetGetImage
 .text.C3Di_LightEnvUpdate
                0x00000000001023d8        0x4 C:/devkitPro/libctru/lib\libcitro3d.a(base.o)
                0x00000000001023d8                C3Di_LightEnvUpdate
 .text.C3Di_LightEnvDirty
                0x00000000001023dc        0x4 C:/devkitPro/libctru/lib\libcitro3d.a(base.o)
                0x00000000001023dc                C3Di_LightEnvDirty
 .text.C3Di_AptEventHook
                0x00000000001023e0       0xb4 C:/devkitPro/libctru/lib\libcitro3d.a(base.o)
 .text.C3Di_GasUpdate
                0x0000000000102494        0x4 C:/devkitPro/libctru/lib\libcitro3d.a(base.o)
                0x0000000000102494                C3Di_GasUpdate
 .text.C3D_Init
                0x0000000000102498      0x1e0 C:/devkitPro/libctru/lib\libcitro3d.a(base.o)
                0x0000000000102498                C3D_Init
 .text.C3D_SetViewport
                0x0000000000102678       0x98 C:/devkitPro/libctru/lib\libcitro3d.a(base.o)
                0x0000000000102678                C3D_SetViewport
 .text.C3Di_UpdateContext
                0x0000000000102710      0x4ec C:/devkitPro/libctru/lib\libcitro3d.a(base.o)
                0x0000000000102710                C3Di_UpdateContext
 .text.C3Di_SplitFrame
                0x0000000000102bfc       0xe0 C:/devkitPro/libctru/lib\libcitro3d.a(base.o)
                0x0000000000102bfc                C3Di_SplitFrame
 .text.C3D_GetCmdBufUsage
                0x0000000000102cdc       0x10 C:/devkitPro/libctru/lib\libcitro3d.a(base.o)
                0x0000000000102cdc                C3D_GetCmdBufUsage
 .text.C3D_Fini
                0x0000000000102cec       0x44 C:/devkitPro/libctru/lib\libcitro3d.a(base.o)
                0x0000000000102cec                C3D_Fini
 .text.C3D_BindProgram
                0x0000000000102d30      0x108 C:/devkitPro/libctru/lib\libcitro3d.a(base.o)
                0x0000000000102d30                C3D_BindProgram
 .text.onVBlank0
                0x0000000000102e38       0x4c C:/devkitPro/libctru/lib\libcitro3d.a(renderqueue.o)
 .text.onVBlank1
                0x0000000000102e84       0x4c C:/devkitPro/libctru/lib\libcitro3d.a(renderqueue.o)
 .text.C3Di_RenderTargetDestroy
                0x0000000000102ed0       0x80 C:/devkitPro/libctru/lib\libcitro3d.a(renderqueue.o)
 .text.onQueueFinish
                0x0000000000102f50       0xf4 C:/devkitPro/libctru/lib\libcitro3d.a(renderqueue.o)
 .text.C3Di_RenderQueueEnableVBlank
                0x0000000000103044       0x38 C:/devkitPro/libctru/lib\libcitro3d.a(renderqueue.o)
                0x0000000000103044                C3Di_RenderQueueEnableVBlank
 .text.C3Di_RenderQueueDisableVBlank
                0x000000000010307c       0x30 C:/devkitPro/libctru/lib\libcitro3d.a(renderqueue.o)
                0x000000000010307c                C3Di_RenderQueueDisableVBlank
 .text.C3Di_RenderQueueInit
                0x00000000001030ac       0x60 C:/devkitPro/libctru/lib\libcitro3d.a(renderqueue.o)
                0x00000000001030ac                C3Di_RenderQueueInit
 .text.C3Di_RenderQueueExit
                0x000000000010310c       0xb0 C:/devkitPro/libctru/lib\libcitro3d.a(renderqueue.o)
                0x000000000010310c                C3Di_RenderQueueExit
 .text.C3Di_RenderQueueWaitDone
                0x00000000001031bc       0x34 C:/devkitPro/libctru/lib\libcitro3d.a(renderqueue.o)
                0x00000000001031bc                C3Di_RenderQueueWaitDone
 .text.C3D_FrameBegin
                0x00000000001031f0       0xe4 C:/devkitPro/libctru/lib\libcitro3d.a(renderqueue.o)
                0x00000000001031f0                C3D_FrameBegin
 .text.C3D_FrameDrawOn
                0x00000000001032d4       0x48 C:/devkitPro/libctru/lib\libcitro3d.a(renderqueue.o)
                0x00000000001032d4                C3D_FrameDrawOn
 .text.C3D_FrameSplit
                0x000000000010331c       0x58 C:/devkitPro/libctru/lib\libcitro3d.a(renderqueue.o)
                0x000000000010331c                C3D_FrameSplit
 .text.C3D_FrameEnd
                0x0000000000103374      0x1d8 C:/devkitPro/libctru/lib\libcitro3d.a(renderqueue.o)
                0x0000000000103374                C3D_FrameEnd
 .text.C3D_FrameEndHook
                0x000000000010354c       0x1c C:/devkitPro/libctru/lib\libcitro3d.a(renderqueue.o)
                0x000000000010354c                C3D_FrameEndHook
 .text.C3D_GetDrawingTime
                0x0000000000103568       0x18 C:/devkitPro/libctru/lib\libcitro3d.a(renderqueue.o)
                0x0000000000103568                C3D_GetDrawingTime
 .text.C3D_GetProcessingTime
                0x0000000000103580       0x18 C:/devkitPro/libctru/lib\libcitro3d.a(renderqueue.o)
                0x0000000000103580                C3D_GetProcessingTime
 .text.C3D_RenderTargetCreate
                0x0000000000103598      0x128 C:/devkitPro/libctru/lib\libcitro3d.a(renderqueue.o)
                0x0000000000103598                C3D_RenderTargetCreate
 .text.C3D_RenderTargetSetOutput
                0x00000000001036c0       0xa8 C:/devkitPro/libctru/lib\libcitro3d.a(renderqueue.o)
                0x00000000001036c0                C3D_RenderTargetSetOutput
 .text.C3D_SyncTextureCopy
                0x0000000000103768       0xfc C:/devkitPro/libctru/lib\libcitro3d.a(renderqueue.o)
                0x0000000000103768                C3D_SyncTextureCopy
 .text.C3D_TexInitWithParams
                0x0000000000103864      0x2a0 C:/devkitPro/libctru/lib\libcitro3d.a(texture.o)
                0x0000000000103864                C3D_TexInitWithParams
 .text.C3D_TexLoadImage
                0x0000000000103b04       0xc8 C:/devkitPro/libctru/lib\libcitro3d.a(texture.o)
                0x0000000000103b04                C3D_TexLoadImage
 .text.C3D_TexBind
                0x0000000000103bcc       0x44 C:/devkitPro/libctru/lib\libcitro3d.a(texture.o)
                0x0000000000103bcc                C3D_TexBind
 .text.C3D_TexDelete
                0x0000000000103c10       0x74 C:/devkitPro/libctru/lib\libcitro3d.a(texture.o)
                0x0000000000103c10                C3D_TexDelete
 .text.C3Di_SetTex
                0x0000000000103c84      0x16c C:/devkitPro/libctru/lib\libcitro3d.a(texture.o)
                0x0000000000103c84                C3Di_SetTex
 .text.Tex3DSi_ImportCommon
                0x0000000000103df0      0x3f4 C:/devkitPro/libctru/lib\libcitro3d.a(tex3ds.o)
 .text.Tex3DS_TextureImportStdio
                0x00000000001041e4       0x38 C:/devkitPro/libctru/lib\libcitro3d.a(tex3ds.o)
                0x00000000001041e4                Tex3DS_TextureImportStdio
 .text.Tex3DS_GetNumSubTextures
                0x000000000010421c        0x8 C:/devkitPro/libctru/lib\libcitro3d.a(tex3ds.o)
                0x000000000010421c                Tex3DS_GetNumSubTextures
 .text.Tex3DS_GetSubTexture
                0x0000000000104224       0x1c C:/devkitPro/libctru/lib\libcitro3d.a(tex3ds.o)
                0x0000000000104224                Tex3DS_GetSubTexture
 .text.Tex3DS_TextureFree
                0x0000000000104240        0x4 C:/devkitPro/libctru/lib\libcitro3d.a(tex3ds.o)
                0x0000000000104240                Tex3DS_TextureFree
 .text.C3D_CalcColorBufSize
                0x0000000000104244       0x1c C:/devkitPro/libctru/lib\libcitro3d.a(framebuffer.o)
                0x0000000000104244                C3D_CalcColorBufSize
 .text.C3D_CalcDepthBufSize
                0x0000000000104260       0x1c C:/devkitPro/libctru/lib\libcitro3d.a(framebuffer.o)
                0x0000000000104260                C3D_CalcDepthBufSize
 .text.C3D_SetFrameBuf
                0x000000000010427c       0x44 C:/devkitPro/libctru/lib\libcitro3d.a(framebuffer.o)
                0x000000000010427c                C3D_SetFrameBuf
 .text.C3Di_FrameBufBind
                0x00000000001042c0      0x16c C:/devkitPro/libctru/lib\libcitro3d.a(framebuffer.o)
                0x00000000001042c0                C3Di_FrameBufBind
 .text.C3D_FrameBufClear
                0x000000000010442c       0xcc C:/devkitPro/libctru/lib\libcitro3d.a(framebuffer.o)
                0x000000000010442c                C3D_FrameBufClear
 .text.C3D_FrameBufTransfer
                0x00000000001044f8       0x44 C:/devkitPro/libctru/lib\libcitro3d.a(framebuffer.o)
                0x00000000001044f8                C3D_FrameBufTransfer
 .text.C3D_GetTexEnv
                0x000000000010453c       0x34 C:/devkitPro/libctru/lib\libcitro3d.a(texenv.o)
                0x000000000010453c                C3D_GetTexEnv
 .text.C3Di_TexEnvBind
                0x0000000000104570       0x24 C:/devkitPro/libctru/lib\libcitro3d.a(texenv.o)
                0x0000000000104570                C3Di_TexEnvBind
 .text.C3D_ProcTexInit
                0x0000000000104594       0x70 C:/devkitPro/libctru/lib\libcitro3d.a(proctex.o)
                0x0000000000104594                C3D_ProcTexInit
 .text.C3D_ProcTexBind
                0x0000000000104604       0x54 C:/devkitPro/libctru/lib\libcitro3d.a(proctex.o)
                0x0000000000104604                C3D_ProcTexBind
 .text.C3D_ProcTexLutBind
                0x0000000000104658       0x5c C:/devkitPro/libctru/lib\libcitro3d.a(proctex.o)
                0x0000000000104658                C3D_ProcTexLutBind
 .text.ProcTexLut_FromArray
                0x00000000001046b4       0xa4 C:/devkitPro/libctru/lib\libcitro3d.a(proctex.o)
                0x00000000001046b4                ProcTexLut_FromArray
 .text.C3Di_ProcTexUpdate
                0x0000000000104758      0x17c C:/devkitPro/libctru/lib\libcitro3d.a(proctex.o)
                0x0000000000104758                C3Di_ProcTexUpdate
 .text.C3Di_ProcTexDirty
                0x00000000001048d4       0x68 C:/devkitPro/libctru/lib\libcitro3d.a(proctex.o)
                0x00000000001048d4                C3Di_ProcTexDirty
 .text.BufInfo_Init
                0x000000000010493c       0x24 C:/devkitPro/libctru/lib\libcitro3d.a(buffers.o)
                0x000000000010493c                BufInfo_Init
 .text.BufInfo_Add
                0x0000000000104960       0x80 C:/devkitPro/libctru/lib\libcitro3d.a(buffers.o)
                0x0000000000104960                BufInfo_Add
 .text.C3D_SetBufInfo
                0x00000000001049e0       0x40 C:/devkitPro/libctru/lib\libcitro3d.a(buffers.o)
                0x00000000001049e0                C3D_SetBufInfo
 .text.C3Di_BufInfoBind
                0x0000000000104a20       0x48 C:/devkitPro/libctru/lib\libcitro3d.a(buffers.o)
                0x0000000000104a20                C3Di_BufInfoBind
 .text.C3D_DrawArrays
                0x0000000000104a68      0x148 C:/devkitPro/libctru/lib\libcitro3d.a(drawArrays.o)
                0x0000000000104a68                C3D_DrawArrays
 .text.C3D_DepthMap
                0x0000000000104bb0       0x40 C:/devkitPro/libctru/lib\libcitro3d.a(effect.o)
                0x0000000000104bb0                C3D_DepthMap
 .text.C3D_CullFace
                0x0000000000104bf0       0x1c C:/devkitPro/libctru/lib\libcitro3d.a(effect.o)
                0x0000000000104bf0                C3D_CullFace
 .text.C3D_StencilTest
                0x0000000000104c0c       0x40 C:/devkitPro/libctru/lib\libcitro3d.a(effect.o)
                0x0000000000104c0c                C3D_StencilTest
 .text.C3D_StencilOp
                0x0000000000104c4c       0x24 C:/devkitPro/libctru/lib\libcitro3d.a(effect.o)
                0x0000000000104c4c                C3D_StencilOp
 .text.C3D_BlendingColor
                0x0000000000104c70       0x1c C:/devkitPro/libctru/lib\libcitro3d.a(effect.o)
                0x0000000000104c70                C3D_BlendingColor
 .text.C3D_EarlyDepthTest
                0x0000000000104c8c       0x24 C:/devkitPro/libctru/lib\libcitro3d.a(effect.o)
                0x0000000000104c8c                C3D_EarlyDepthTest
 .text.C3D_DepthTest
                0x0000000000104cb0       0x2c C:/devkitPro/libctru/lib\libcitro3d.a(effect.o)
                0x0000000000104cb0                C3D_DepthTest
 .text.C3D_AlphaTest
                0x0000000000104cdc       0x2c C:/devkitPro/libctru/lib\libcitro3d.a(effect.o)
                0x0000000000104cdc                C3D_AlphaTest
 .text.C3D_AlphaBlend
                0x0000000000104d08       0x50 C:/devkitPro/libctru/lib\libcitro3d.a(effect.o)
                0x0000000000104d08                C3D_AlphaBlend
 .text.C3D_FragOpMode
                0x0000000000104d58       0x30 C:/devkitPro/libctru/lib\libcitro3d.a(effect.o)
                0x0000000000104d58                C3D_FragOpMode
 .text.C3D_FragOpShadow
                0x0000000000104d88       0x44 C:/devkitPro/libctru/lib\libcitro3d.a(effect.o)
                0x0000000000104d88                C3D_FragOpShadow
 .text.C3Di_EffectBind
                0x0000000000104dcc      0x1ac C:/devkitPro/libctru/lib\libcitro3d.a(effect.o)
                0x0000000000104dcc                C3Di_EffectBind
 .text.AttrInfo_Init
                0x0000000000104f78       0x28 C:/devkitPro/libctru/lib\libcitro3d.a(attribs.o)
                0x0000000000104f78                AttrInfo_Init
 .text.AttrInfo_AddLoader
                0x0000000000104fa0       0x98 C:/devkitPro/libctru/lib\libcitro3d.a(attribs.o)
                0x0000000000104fa0                AttrInfo_AddLoader
 .text.C3D_SetAttrInfo
                0x0000000000105038       0x54 C:/devkitPro/libctru/lib\libcitro3d.a(attribs.o)
                0x0000000000105038                C3D_SetAttrInfo
 .text.C3Di_AttrInfoBind
                0x000000000010508c       0x80 C:/devkitPro/libctru/lib\libcitro3d.a(attribs.o)
                0x000000000010508c                C3Di_AttrInfoBind
 .text.C3D_ImmSendAttrib
                0x000000000010510c       0xa8 C:/devkitPro/libctru/lib\libcitro3d.a(immediate.o)
                0x000000000010510c                C3D_ImmSendAttrib
 .text.C3D_UpdateUniforms
                0x00000000001051b4      0x29c C:/devkitPro/libctru/lib\libcitro3d.a(uniforms.o)
                0x00000000001051b4                C3D_UpdateUniforms
 .text.C3Di_DirtyUniforms
                0x0000000000105450       0xc0 C:/devkitPro/libctru/lib\libcitro3d.a(uniforms.o)
                0x0000000000105450                C3Di_DirtyUniforms
 .text.C3Di_LoadShaderUniforms
                0x0000000000105510       0xd8 C:/devkitPro/libctru/lib\libcitro3d.a(uniforms.o)
                0x0000000000105510                C3Di_LoadShaderUniforms
 .text.C3Di_ClearShaderUniforms
                0x00000000001055e8       0x28 C:/devkitPro/libctru/lib\libcitro3d.a(uniforms.o)
                0x00000000001055e8                C3Di_ClearShaderUniforms
 .text.Mtx_Ortho
                0x0000000000105610       0xcc C:/devkitPro/libctru/lib\libcitro3d.a(mtx_ortho.o)
                0x0000000000105610                Mtx_Ortho
 .text.Mtx_OrthoTilt
                0x00000000001056dc       0xcc C:/devkitPro/libctru/lib\libcitro3d.a(mtx_orthotilt.o)
                0x00000000001056dc                Mtx_OrthoTilt
 .text._ZL21addrMapNodeComparatorPK11rbtree_nodeS1_
                0x00000000001057a8       0x24 C:/devkitPro/libctru/lib\libctru.a(vram.o)
 .text._ZL21addrMapNodeDestructorP11rbtree_node
                0x00000000001057cc        0x4 C:/devkitPro/libctru/lib\libctru.a(vram.o)
 .text.vramMemAlign
                0x00000000001057d0      0x114 C:/devkitPro/libctru/lib\libctru.a(vram.o)
                0x00000000001057d0                vramMemAlign
 .text.vramAlloc
                0x00000000001058e4        0x8 C:/devkitPro/libctru/lib\libctru.a(vram.o)
                0x00000000001058e4                vramAlloc
 .text.vramFree
                0x00000000001058ec       0x5c C:/devkitPro/libctru/lib\libctru.a(vram.o)
                0x00000000001058ec                vramFree
 .text._ZL21addrMapNodeComparatorPK11rbtree_nodeS1_
                0x0000000000105948       0x24 C:/devkitPro/libctru/lib\libctru.a(linear.o)
 .text._ZL21addrMapNodeDestructorP11rbtree_node
                0x000000000010596c        0x4 C:/devkitPro/libctru/lib\libctru.a(linear.o)
 .text.linearMemAlign
                0x0000000000105970      0x120 C:/devkitPro/libctru/lib\libctru.a(linear.o)
                0x0000000000105970                linearMemAlign
 .text.linearAlloc
                0x0000000000105a90        0x8 C:/devkitPro/libctru/lib\libctru.a(linear.o)
                0x0000000000105a90                linearAlloc
 .text.linearFree
                0x0000000000105a98       0x5c C:/devkitPro/libctru/lib\libctru.a(linear.o)
                0x0000000000105a98                linearFree
 .text._ZN7MemPool13CoalesceRightEP8MemBlock
                0x0000000000105af4       0x84 C:/devkitPro/libctru/lib\libctru.a(mem_pool.o)
                0x0000000000105af4                MemPool::CoalesceRight(MemBlock*)
 .text._ZN7MemPool8AllocateER8MemChunkmi
                0x0000000000105b78      0x170 C:/devkitPro/libctru/lib\libctru.a(mem_pool.o)
                0x0000000000105b78                MemPool::Allocate(MemChunk&, unsigned long, int)
 .text._ZN7MemPool10DeallocateERK8MemChunk
                0x0000000000105ce8       0xfc C:/devkitPro/libctru/lib\libctru.a(mem_pool.o)
                0x0000000000105ce8                MemPool::Deallocate(MemChunk const&)
 .text.romfs_close
                0x0000000000105de4        0x8 C:/devkitPro/libctru/lib\libctru.a(romfs_dev.o)
 .text.romfs_seek
                0x0000000000105dec       0xc8 C:/devkitPro/libctru/lib\libctru.a(romfs_dev.o)
 .text.romfs_dirreset
                0x0000000000105eb4       0x24 C:/devkitPro/libctru/lib\libctru.a(romfs_dev.o)
 .text.fill_dir
                0x0000000000105ed8       0xc8 C:/devkitPro/libctru/lib\libctru.a(romfs_dev.o)
 .text.romfs_dirnext
                0x0000000000105fa0      0x2b0 C:/devkitPro/libctru/lib\libctru.a(romfs_dev.o)
 .text.romfs_free
                0x0000000000106250       0x84 C:/devkitPro/libctru/lib\libctru.a(romfs_dev.o)
 .text.searchForFile.constprop.0
                0x00000000001062d4       0xd4 C:/devkitPro/libctru/lib\libctru.a(romfs_dev.o)
 .text.searchForDir.constprop.0
                0x00000000001063a8       0xd8 C:/devkitPro/libctru/lib\libctru.a(romfs_dev.o)
 .text.navigateToDir.constprop.0
                0x0000000000106480      0x1c0 C:/devkitPro/libctru/lib\libctru.a(romfs_dev.o)
 .text.romfs_open
                0x0000000000106640      0x128 C:/devkitPro/libctru/lib\libctru.a(romfs_dev.o)
 .text.romfs_chdir
                0x0000000000106768       0x4c C:/devkitPro/libctru/lib\libctru.a(romfs_dev.o)
 .text.romfs_diropen
                0x00000000001067b4       0x70 C:/devkitPro/libctru/lib\libctru.a(romfs_dev.o)
 .text.romfs_stat
                0x0000000000106824      0x17c C:/devkitPro/libctru/lib\libctru.a(romfs_dev.o)
 .text.romfs_dirclose
                0x00000000001069a0        0x8 C:/devkitPro/libctru/lib\libctru.a(romfs_dev.o)
 .text.romfs_fstat
                0x00000000001069a8       0x7c C:/devkitPro/libctru/lib\libctru.a(romfs_dev.o)
 .text.romfs_read
                0x0000000000106a24       0xd4 C:/devkitPro/libctru/lib\libctru.a(romfs_dev.o)
 .text.romfsMountFromFile
                0x0000000000106af8      0x290 C:/devkitPro/libctru/lib\libctru.a(romfs_dev.o)
                0x0000000000106af8                romfsMountFromFile
 .text.romfsMountFromCurrentProcess
                0x0000000000106d88       0x98 C:/devkitPro/libctru/lib\libctru.a(romfs_dev.o)
                0x0000000000106d88                romfsMountFromCurrentProcess
 .text.romfsMountSelf
                0x0000000000106e20      0x25c C:/devkitPro/libctru/lib\libctru.a(romfs_dev.o)
                0x0000000000106e20                romfsMountSelf
 .text.romfsUnmount
                0x000000000010707c       0xac C:/devkitPro/libctru/lib\libctru.a(romfs_dev.o)
                0x000000000010707c                romfsUnmount
 .text.osConvertVirtToPhys
                0x0000000000107128       0x74 C:/devkitPro/libctru/lib\libctru.a(os.o)
                0x0000000000107128                osConvertVirtToPhys
 .text.osGetTimeRef
                0x000000000010719c       0x54 C:/devkitPro/libctru/lib\libctru.a(os.o)
                0x000000000010719c                osGetTimeRef
 .text.osGetTime
                0x00000000001071f0       0xe4 C:/devkitPro/libctru/lib\libctru.a(os.o)
                0x00000000001071f0                osGetTime
 .text.__libctru_gtod
                0x00000000001072d4       0x74 C:/devkitPro/libctru/lib\libctru.a(os.o)
                0x00000000001072d4                __libctru_gtod
 .text.osTickCounterRead
                0x0000000000107348       0x38 C:/devkitPro/libctru/lib\libctru.a(os.o)
                0x0000000000107348                osTickCounterRead
 .text.__ctru_speedup_config
                0x0000000000107380       0x34 C:/devkitPro/libctru/lib\libctru.a(os.o)
                0x0000000000107380                __ctru_speedup_config
 .text.consoleDrawChar
                0x00000000001073b4      0x178 C:/devkitPro/libctru/lib\libctru.a(console.o)
                0x00000000001073b4                consoleDrawChar
 .text.consolePrintChar
                0x000000000010752c      0x124 C:/devkitPro/libctru/lib\libctru.a(console.o)
                0x000000000010752c                consolePrintChar
 .text.con_write
                0x0000000000107650      0xa00 C:/devkitPro/libctru/lib\libctru.a(console.o)
                0x0000000000107650                con_write
 .text.consoleInit
                0x0000000000108050      0x168 C:/devkitPro/libctru/lib\libctru.a(console.o)
                0x0000000000108050                consoleInit
 .text.newRow   0x00000000001081b8       0xf4 C:/devkitPro/libctru/lib\libctru.a(console.o)
 .text.gfxPresentFramebuffer
                0x00000000001082ac       0xd0 C:/devkitPro/libctru/lib\libctru.a(gfx.o)
 .text.gfxIsWide
                0x000000000010837c       0x1c C:/devkitPro/libctru/lib\libctru.a(gfx.o)
                0x000000000010837c                gfxIsWide
 .text.gfxSetScreenFormat
                0x0000000000108398       0xec C:/devkitPro/libctru/lib\libctru.a(gfx.o)
                0x0000000000108398                gfxSetScreenFormat
 .text.gfxSetDoubleBuffering
                0x0000000000108484       0x10 C:/devkitPro/libctru/lib\libctru.a(gfx.o)
                0x0000000000108484                gfxSetDoubleBuffering
 .text.gfxInit  0x0000000000108494      0x108 C:/devkitPro/libctru/lib\libctru.a(gfx.o)
                0x0000000000108494                gfxInit
 .text.gfxInitDefault
                0x000000000010859c       0x10 C:/devkitPro/libctru/lib\libctru.a(gfx.o)
                0x000000000010859c                gfxInitDefault
 .text.gfxExit  0x00000000001085ac       0xb4 C:/devkitPro/libctru/lib\libctru.a(gfx.o)
                0x00000000001085ac                gfxExit
 .text.gfxGetFramebuffer
                0x0000000000108660       0xa0 C:/devkitPro/libctru/lib\libctru.a(gfx.o)
                0x0000000000108660                gfxGetFramebuffer
 .text.gfxFlushBuffers
                0x0000000000108700      0x10c C:/devkitPro/libctru/lib\libctru.a(gfx.o)
                0x0000000000108700                gfxFlushBuffers
 .text.gfxScreenSwapBuffers
                0x000000000010880c       0x30 C:/devkitPro/libctru/lib\libctru.a(gfx.o)
                0x000000000010880c                gfxScreenSwapBuffers
 .text.gfxSwapBuffersGpu
                0x000000000010883c       0x50 C:/devkitPro/libctru/lib\libctru.a(gfx.o)
                0x000000000010883c                gfxSwapBuffersGpu
 .text.threadCreate
                0x000000000010888c      0x188 C:/devkitPro/libctru/lib\libctru.a(thread.o)
                0x000000000010888c                threadCreate
 .text.threadFree
                0x0000000000108a14       0x2c C:/devkitPro/libctru/lib\libctru.a(thread.o)
                0x0000000000108a14                threadFree
 .text.threadJoin
                0x0000000000108a40       0x24 C:/devkitPro/libctru/lib\libctru.a(thread.o)
                0x0000000000108a40                threadJoin
 .text.threadGetCurrent
                0x0000000000108a64       0x30 C:/devkitPro/libctru/lib\libctru.a(thread.o)
                0x0000000000108a64                threadGetCurrent
 .text.threadExit
                0x0000000000108a94       0x40 C:/devkitPro/libctru/lib\libctru.a(thread.o)
                0x0000000000108a94                threadExit
 .text._thread_begin
                0x0000000000108ad4       0x44 C:/devkitPro/libctru/lib\libctru.a(thread.o)
 .text.shaderInstanceInit
                0x0000000000108b18      0x1e0 C:/devkitPro/libctru/lib\libctru.a(shaderProgram.o)
                0x0000000000108b18                shaderInstanceInit
 .text.shaderInstanceGetUniformLocation
                0x0000000000108cf8       0x18 C:/devkitPro/libctru/lib\libctru.a(shaderProgram.o)
                0x0000000000108cf8                shaderInstanceGetUniformLocation
 .text.shaderProgramInit
                0x0000000000108d10       0x1c C:/devkitPro/libctru/lib\libctru.a(shaderProgram.o)
                0x0000000000108d10                shaderProgramInit
 .text.shaderProgramFree
                0x0000000000108d2c       0x64 C:/devkitPro/libctru/lib\libctru.a(shaderProgram.o)
                0x0000000000108d2c                shaderProgramFree
 .text.shaderProgramSetVsh
                0x0000000000108d90       0x80 C:/devkitPro/libctru/lib\libctru.a(shaderProgram.o)
                0x0000000000108d90                shaderProgramSetVsh
 .text.shaderProgramConfigure
                0x0000000000108e10      0x8c0 C:/devkitPro/libctru/lib\libctru.a(shaderProgram.o)
                0x0000000000108e10                shaderProgramConfigure
 .text.DVLE_GenerateOutmap.part.0
                0x00000000001096d0      0x1f8 C:/devkitPro/libctru/lib\libctru.a(shbin.o)
 .text.DVLB_ParseFile
                0x00000000001098c8      0x1cc C:/devkitPro/libctru/lib\libctru.a(shbin.o)
                0x00000000001098c8                DVLB_ParseFile
 .text.DVLB_Free
                0x0000000000109a94       0x38 C:/devkitPro/libctru/lib\libctru.a(shbin.o)
                0x0000000000109a94                DVLB_Free
 .text.DVLE_GetUniformRegister
                0x0000000000109acc       0x74 C:/devkitPro/libctru/lib\libctru.a(shbin.o)
                0x0000000000109acc                DVLE_GetUniformRegister
 .text.GX_BindQueue
                0x0000000000109b40       0x10 C:/devkitPro/libctru/lib\libctru.a(gx.o)
                0x0000000000109b40                GX_BindQueue
 .text.GX_ProcessCommandList
                0x0000000000109b50       0x78 C:/devkitPro/libctru/lib\libctru.a(gx.o)
                0x0000000000109b50                GX_ProcessCommandList
 .text.GX_MemoryFill
                0x0000000000109bc8       0x74 C:/devkitPro/libctru/lib\libctru.a(gx.o)
                0x0000000000109bc8                GX_MemoryFill
 .text.GX_DisplayTransfer
                0x0000000000109c3c       0x70 C:/devkitPro/libctru/lib\libctru.a(gx.o)
                0x0000000000109c3c                GX_DisplayTransfer
 .text.GX_TextureCopy
                0x0000000000109cac       0x74 C:/devkitPro/libctru/lib\libctru.a(gx.o)
                0x0000000000109cac                GX_TextureCopy
 .text.gxCmdQueueDoCommands.part.0
                0x0000000000109d20       0x68 C:/devkitPro/libctru/lib\libctru.a(gxqueue.o)
 .text.gxCmdQueueInterrupt
                0x0000000000109d88       0xc8 C:/devkitPro/libctru/lib\libctru.a(gxqueue.o)
                0x0000000000109d88                gxCmdQueueInterrupt
 .text.gxCmdQueueClear
                0x0000000000109e50       0x4c C:/devkitPro/libctru/lib\libctru.a(gxqueue.o)
                0x0000000000109e50                gxCmdQueueClear
 .text.gxCmdQueueAdd
                0x0000000000109e9c       0xf8 C:/devkitPro/libctru/lib\libctru.a(gxqueue.o)
                0x0000000000109e9c                gxCmdQueueAdd
 .text.gxCmdQueueRun
                0x0000000000109f94       0x80 C:/devkitPro/libctru/lib\libctru.a(gxqueue.o)
                0x0000000000109f94                gxCmdQueueRun
 .text.gxCmdQueueStop
                0x000000000010a014       0x60 C:/devkitPro/libctru/lib\libctru.a(gxqueue.o)
                0x000000000010a014                gxCmdQueueStop
 .text.gxCmdQueueWait
                0x000000000010a074       0x74 C:/devkitPro/libctru/lib\libctru.a(gxqueue.o)
                0x000000000010a074                gxCmdQueueWait
 .text.GPUCMD_Add
                0x000000000010a0e8      0x13c C:/devkitPro/libctru/lib\libctru.a(gpu.o)
                0x000000000010a0e8                GPUCMD_Add
 .text.GPUCMD_Split
                0x000000000010a224       0xac C:/devkitPro/libctru/lib\libctru.a(gpu.o)
                0x000000000010a224                GPUCMD_Split
 .text.f32tof16
                0x000000000010a2d0       0x40 C:/devkitPro/libctru/lib\libctru.a(gpu.o)
                0x000000000010a2d0                f32tof16
 .text.f32tof24
                0x000000000010a310       0x40 C:/devkitPro/libctru/lib\libctru.a(gpu.o)
                0x000000000010a310                f32tof24
 .text.f32tof31
                0x000000000010a350       0x44 C:/devkitPro/libctru/lib\libctru.a(gpu.o)
                0x000000000010a350                f32tof31
 .text.gspHardwareInit
                0x000000000010a394      0xc58 C:/devkitPro/libctru/lib\libctru.a(gspgpu.o)
 .text.gspInit  0x000000000010afec      0x254 C:/devkitPro/libctru/lib\libctru.a(gspgpu.o)
                0x000000000010afec                gspInit
 .text.gspExit  0x000000000010b240       0xf0 C:/devkitPro/libctru/lib\libctru.a(gspgpu.o)
                0x000000000010b240                gspExit
 .text.gspHasGpuRight
                0x000000000010b330       0x10 C:/devkitPro/libctru/lib\libctru.a(gspgpu.o)
                0x000000000010b330                gspHasGpuRight
 .text.gspPresentBuffer
                0x000000000010b340       0x98 C:/devkitPro/libctru/lib\libctru.a(gspgpu.o)
                0x000000000010b340                gspPresentBuffer
 .text.gspSetEventCallback
                0x000000000010b3d8       0x30 C:/devkitPro/libctru/lib\libctru.a(gspgpu.o)
                0x000000000010b3d8                gspSetEventCallback
 .text.gspWaitForEvent
                0x000000000010b408       0x50 C:/devkitPro/libctru/lib\libctru.a(gspgpu.o)
                0x000000000010b408                gspWaitForEvent
 .text.gspWaitForAnyEvent
                0x000000000010b458       0x4c C:/devkitPro/libctru/lib\libctru.a(gspgpu.o)
                0x000000000010b458                gspWaitForAnyEvent
 .text.gspEventThreadMain
                0x000000000010b4a4      0x160 C:/devkitPro/libctru/lib\libctru.a(gspgpu.o)
 .text.gspSubmitGxCommand
                0x000000000010b604      0x130 C:/devkitPro/libctru/lib\libctru.a(gspgpu.o)
                0x000000000010b604                gspSubmitGxCommand
 .text.GSPGPU_FlushDataCache
                0x000000000010b734       0x50 C:/devkitPro/libctru/lib\libctru.a(gspgpu.o)
                0x000000000010b734                GSPGPU_FlushDataCache
 .text.GSPGPU_SetLcdForceBlack
                0x000000000010b784       0x34 C:/devkitPro/libctru/lib\libctru.a(gspgpu.o)
                0x000000000010b784                GSPGPU_SetLcdForceBlack
 .text.GSPGPU_AcquireRight
                0x000000000010b7b8       0x68 C:/devkitPro/libctru/lib\libctru.a(gspgpu.o)
                0x000000000010b7b8                GSPGPU_AcquireRight
 .text.GSPGPU_ReleaseRight
                0x000000000010b820       0x48 C:/devkitPro/libctru/lib\libctru.a(gspgpu.o)
                0x000000000010b820                GSPGPU_ReleaseRight
 .text.GSPGPU_ImportDisplayCaptureInfo
                0x000000000010b868       0x7c C:/devkitPro/libctru/lib\libctru.a(gspgpu.o)
                0x000000000010b868                GSPGPU_ImportDisplayCaptureInfo
 .text.GSPGPU_SaveVramSysArea
                0x000000000010b8e4       0x2c C:/devkitPro/libctru/lib\libctru.a(gspgpu.o)
                0x000000000010b8e4                GSPGPU_SaveVramSysArea
 .text.GSPGPU_RestoreVramSysArea
                0x000000000010b910       0x2c C:/devkitPro/libctru/lib\libctru.a(gspgpu.o)
                0x000000000010b910                GSPGPU_RestoreVramSysArea
 .text.aptConvertScreenForCapture
                0x000000000010b93c      0x1b0 C:/devkitPro/libctru/lib\libctru.a(apt.o)
 .text.aptDspSleep
                0x000000000010baec        0x8 C:/devkitPro/libctru/lib\libctru.a(apt.o)
                0x000000000010baec                aptDspSleep
 .text.aptDspWakeup
                0x000000000010baf4        0x4 C:/devkitPro/libctru/lib\libctru.a(apt.o)
                0x000000000010baf4                aptDspWakeup
 .text.aptDspCancel
                0x000000000010baf8        0x4 C:/devkitPro/libctru/lib\libctru.a(apt.o)
                0x000000000010baf8                aptDspCancel
 .text.aptSendCommand
                0x000000000010bafc      0x15c C:/devkitPro/libctru/lib\libctru.a(apt.o)
                0x000000000010bafc                aptSendCommand
 .text.aptExitProcess
                0x000000000010bc58       0x38 C:/devkitPro/libctru/lib\libctru.a(apt.o)
 .text.aptExit  0x000000000010bc90      0x2f0 C:/devkitPro/libctru/lib\libctru.a(apt.o)
                0x000000000010bc90                aptExit
 .text.aptHandleSleep
                0x000000000010bf80       0xd8 C:/devkitPro/libctru/lib\libctru.a(apt.o)
                0x000000000010bf80                aptHandleSleep
 .text.aptHook  0x000000000010c058       0x30 C:/devkitPro/libctru/lib\libctru.a(apt.o)
                0x000000000010c058                aptHook
 .text.aptUnhook
                0x000000000010c088       0x30 C:/devkitPro/libctru/lib\libctru.a(apt.o)
                0x000000000010c088                aptUnhook
 .text.APT_SleepIfShellClosed
                0x000000000010c0b8       0x84 C:/devkitPro/libctru/lib\libctru.a(apt.o)
                0x000000000010c0b8                APT_SleepIfShellClosed
 .text.aptSetSleepAllowed
                0x000000000010c13c       0x84 C:/devkitPro/libctru/lib\libctru.a(apt.o)
                0x000000000010c13c                aptSetSleepAllowed
 .text.APT_UnlockTransition
                0x000000000010c1c0       0x84 C:/devkitPro/libctru/lib\libctru.a(apt.o)
                0x000000000010c1c0                APT_UnlockTransition
 *fill*         0x000000000010c244        0x4 
 .text.aptEventHandler
                0x000000000010c248      0x484 C:/devkitPro/libctru/lib\libctru.a(apt.o)
 .text.APT_ReceiveParameter
                0x000000000010c6cc       0xb0 C:/devkitPro/libctru/lib\libctru.a(apt.o)
                0x000000000010c6cc                APT_ReceiveParameter
 .text.aptReceiveParameter.constprop.0
                0x000000000010c77c       0xb0 C:/devkitPro/libctru/lib\libctru.a(apt.o)
 *fill*         0x000000000010c82c        0x4 
 .text.aptScreenTransfer
                0x000000000010c830      0x2bc C:/devkitPro/libctru/lib\libctru.a(apt.o)
 .text.aptWaitForWakeUp.isra.0
                0x000000000010caec      0x2d0 C:/devkitPro/libctru/lib\libctru.a(apt.o)
 .text.aptJumpToHomeMenu
                0x000000000010cdbc       0xf8 C:/devkitPro/libctru/lib\libctru.a(apt.o)
                0x000000000010cdbc                aptJumpToHomeMenu
 .text.aptMainLoop
                0x000000000010ceb4       0x4c C:/devkitPro/libctru/lib\libctru.a(apt.o)
                0x000000000010ceb4                aptMainLoop
 .text.aptInit  0x000000000010cf00      0x234 C:/devkitPro/libctru/lib\libctru.a(apt.o)
                0x000000000010cf00                aptInit
 .text.APT_CheckNew3DS
                0x000000000010d134       0x7c C:/devkitPro/libctru/lib\libctru.a(apt.o)
                0x000000000010d134                APT_CheckNew3DS
 .text.hidShouldUseIrrst
                0x000000000010d1b0       0x24 C:/devkitPro/libctru/lib\libctru.a(hid.o)
                0x000000000010d1b0                hidShouldUseIrrst
 .text.hidInit  0x000000000010d1d4      0x18c C:/devkitPro/libctru/lib\libctru.a(hid.o)
                0x000000000010d1d4                hidInit
 .text.hidExit  0x000000000010d360       0xe8 C:/devkitPro/libctru/lib\libctru.a(hid.o)
                0x000000000010d360                hidExit
 .text.hidScanInput
                0x000000000010d448      0x294 C:/devkitPro/libctru/lib\libctru.a(hid.o)
                0x000000000010d448                hidScanInput
 .text.hidKeysHeld
                0x000000000010d6dc       0x10 C:/devkitPro/libctru/lib\libctru.a(hid.o)
                0x000000000010d6dc                hidKeysHeld
 .text.hidKeysDown
                0x000000000010d6ec       0x10 C:/devkitPro/libctru/lib\libctru.a(hid.o)
                0x000000000010d6ec                hidKeysDown
 .text.ptmSysmInit
                0x000000000010d6fc       0x74 C:/devkitPro/libctru/lib\libctru.a(ptmsysm.o)
                0x000000000010d6fc                ptmSysmInit
 .text.ptmSysmExit
                0x000000000010d770       0x3c C:/devkitPro/libctru/lib\libctru.a(ptmsysm.o)
                0x000000000010d770                ptmSysmExit
 .text.PTMSYSM_ConfigureNew3DSCPU
                0x000000000010d7ac       0x34 C:/devkitPro/libctru/lib\libctru.a(ptmsysm.o)
                0x000000000010d7ac                PTMSYSM_ConfigureNew3DSCPU
 .text.fsInit   0x000000000010d7e0       0xc8 C:/devkitPro/libctru/lib\libctru.a(fs.o)
                0x000000000010d7e0                fsInit
 .text.fsExit   0x000000000010d8a8       0x3c C:/devkitPro/libctru/lib\libctru.a(fs.o)
                0x000000000010d8a8                fsExit
 .text.fsExemptFromSession
                0x000000000010d8e4       0x60 C:/devkitPro/libctru/lib\libctru.a(fs.o)
                0x000000000010d8e4                fsExemptFromSession
 .text.fsUnexemptFromSession
                0x000000000010d944       0x50 C:/devkitPro/libctru/lib\libctru.a(fs.o)
                0x000000000010d944                fsUnexemptFromSession
 .text.FSUSER_OpenFile
                0x000000000010d994       0xcc C:/devkitPro/libctru/lib\libctru.a(fs.o)
                0x000000000010d994                FSUSER_OpenFile
 .text.FSUSER_OpenFileDirectly
                0x000000000010da60       0xd4 C:/devkitPro/libctru/lib\libctru.a(fs.o)
                0x000000000010da60                FSUSER_OpenFileDirectly
 .text.FSUSER_DeleteFile
                0x000000000010db34       0xbc C:/devkitPro/libctru/lib\libctru.a(fs.o)
                0x000000000010db34                FSUSER_DeleteFile
 .text.FSUSER_RenameFile
                0x000000000010dbf0       0xf8 C:/devkitPro/libctru/lib\libctru.a(fs.o)
                0x000000000010dbf0                FSUSER_RenameFile
 .text.FSUSER_DeleteDirectory
                0x000000000010dce8       0xbc C:/devkitPro/libctru/lib\libctru.a(fs.o)
                0x000000000010dce8                FSUSER_DeleteDirectory
 .text.FSUSER_CreateFile
                0x000000000010dda4       0xd4 C:/devkitPro/libctru/lib\libctru.a(fs.o)
                0x000000000010dda4                FSUSER_CreateFile
 .text.FSUSER_CreateDirectory
                0x000000000010de78       0xc4 C:/devkitPro/libctru/lib\libctru.a(fs.o)
                0x000000000010de78                FSUSER_CreateDirectory
 .text.FSUSER_RenameDirectory
                0x000000000010df3c       0xf8 C:/devkitPro/libctru/lib\libctru.a(fs.o)
                0x000000000010df3c                FSUSER_RenameDirectory
 .text.FSUSER_OpenDirectory
                0x000000000010e034       0xb4 C:/devkitPro/libctru/lib\libctru.a(fs.o)
                0x000000000010e034                FSUSER_OpenDirectory
 .text.FSUSER_OpenArchive
                0x000000000010e0e8       0x94 C:/devkitPro/libctru/lib\libctru.a(fs.o)
                0x000000000010e0e8                FSUSER_OpenArchive
 .text.FSUSER_CloseArchive
                0x000000000010e17c       0x8c C:/devkitPro/libctru/lib\libctru.a(fs.o)
                0x000000000010e17c                FSUSER_CloseArchive
 .text.FSUSER_GetSdmcArchiveResource
                0x000000000010e208       0x74 C:/devkitPro/libctru/lib\libctru.a(fs.o)
                0x000000000010e208                FSUSER_GetSdmcArchiveResource
 .text.FSUSER_IsSdmcWritable
                0x000000000010e27c       0x64 C:/devkitPro/libctru/lib\libctru.a(fs.o)
                0x000000000010e27c                FSUSER_IsSdmcWritable
 .text.FSFILE_Read
                0x000000000010e2e0       0x58 C:/devkitPro/libctru/lib\libctru.a(fs.o)
                0x000000000010e2e0                FSFILE_Read
 .text.FSFILE_Write
                0x000000000010e338       0x60 C:/devkitPro/libctru/lib\libctru.a(fs.o)
                0x000000000010e338                FSFILE_Write
 .text.FSFILE_GetSize
                0x000000000010e398       0x38 C:/devkitPro/libctru/lib\libctru.a(fs.o)
                0x000000000010e398                FSFILE_GetSize
 .text.FSFILE_SetSize
                0x000000000010e3d0       0x28 C:/devkitPro/libctru/lib\libctru.a(fs.o)
                0x000000000010e3d0                FSFILE_SetSize
 .text.FSFILE_Close
                0x000000000010e3f8       0x3c C:/devkitPro/libctru/lib\libctru.a(fs.o)
                0x000000000010e3f8                FSFILE_Close
 .text.FSFILE_Flush
                0x000000000010e434       0x24 C:/devkitPro/libctru/lib\libctru.a(fs.o)
                0x000000000010e434                FSFILE_Flush
 .text.FSDIR_Read
                0x000000000010e458       0x50 C:/devkitPro/libctru/lib\libctru.a(fs.o)
                0x000000000010e458                FSDIR_Read
 .text.FSDIR_Close
                0x000000000010e4a8       0x3c C:/devkitPro/libctru/lib\libctru.a(fs.o)
                0x000000000010e4a8                FSDIR_Close
 .text.buffer_read
                0x000000000010e4e4       0xcc C:/devkitPro/libctru/lib\libctru.a(decompress.o)
 .text.iov_read
                0x000000000010e5b0       0xd0 C:/devkitPro/libctru/lib\libctru.a(decompress.o)
 .text.iov_memmove
                0x000000000010e680      0x128 C:/devkitPro/libctru/lib\libctru.a(decompress.o)
 .text.decompress_rle
                0x000000000010e7a8      0x1d8 C:/devkitPro/libctru/lib\libctru.a(decompress.o)
 .text.decompress_lzss
                0x000000000010e980      0x258 C:/devkitPro/libctru/lib\libctru.a(decompress.o)
 .text.decompress_huff.part.0
                0x000000000010ebd8      0x2ec C:/devkitPro/libctru/lib\libctru.a(decompress.o)
 .text.decompress_lz11
                0x000000000010eec4      0x440 C:/devkitPro/libctru/lib\libctru.a(decompress.o)
 .text.decompressCallback_Stdio
                0x000000000010f304       0x10 C:/devkitPro/libctru/lib\libctru.a(decompress.o)
                0x000000000010f304                decompressCallback_Stdio
 .text.decompressHeader
                0x000000000010f314       0xe4 C:/devkitPro/libctru/lib\libctru.a(decompress.o)
                0x000000000010f314                decompressHeader
 .text.decompressV
                0x000000000010f3f8      0x250 C:/devkitPro/libctru/lib\libctru.a(decompress.o)
                0x000000000010f3f8                decompressV
 .text.rbtree_init
                0x000000000010f648       0x10 C:/devkitPro/libctru/lib\libctru.a(rbtree_init.o)
                0x000000000010f648                rbtree_init
 .text.do_insert
                0x000000000010f658      0x1a0 C:/devkitPro/libctru/lib\libctru.a(rbtree_insert.o)
 .text.rbtree_insert
                0x000000000010f7f8        0x8 C:/devkitPro/libctru/lib\libctru.a(rbtree_insert.o)
                0x000000000010f7f8                rbtree_insert
 .text.rbtree_rotate
                0x000000000010f800       0x90 C:/devkitPro/libctru/lib\libctru.a(rbtree_rotate.o)
                0x000000000010f800                rbtree_rotate
 .text.rbtree_remove
                0x000000000010f890      0x338 C:/devkitPro/libctru/lib\libctru.a(rbtree_remove.o)
                0x000000000010f890                rbtree_remove
 .text.rbtree_find
                0x000000000010fbc8       0x74 C:/devkitPro/libctru/lib\libctru.a(rbtree_find.o)
                0x000000000010fbc8                rbtree_find
 .text.utf16_to_utf8
                0x000000000010fc3c       0xe8 C:/devkitPro/libctru/lib\libctru.a(utf16_to_utf8.o)
                0x000000000010fc3c                utf16_to_utf8
 .text.decode_utf16
                0x000000000010fd24       0x64 C:/devkitPro/libctru/lib\libctru.a(decode_utf16.o)
                0x000000000010fd24                decode_utf16
 .text.utf8_to_utf16
                0x000000000010fd88       0xc0 C:/devkitPro/libctru/lib\libctru.a(utf8_to_utf16.o)
                0x000000000010fd88                utf8_to_utf16
 .text.__system_allocateHeaps
                0x000000000010fe48      0x1e0 C:/devkitPro/libctru/lib\libctru.a(allocateHeaps.o)
                0x000000000010fe48                __system_allocateHeaps
 .text.__libctru_init
                0x0000000000110028       0x38 C:/devkitPro/libctru/lib\libctru.a(ctru_init.o)
                0x0000000000110028                __libctru_init
 .text.__system_initArgv
                0x0000000000110060       0xf0 C:/devkitPro/libctru/lib\libctru.a(initArgv.o)
                0x0000000000110060                __system_initArgv
 .text.svcControlMemory
                0x0000000000110150       0x20 C:/devkitPro/libctru/lib\libctru.a(svc.o)
                0x0000000000110150                svcControlMemory
 .text.svcQueryMemory
                0x0000000000110170       0x30 C:/devkitPro/libctru/lib\libctru.a(svc.o)
                0x0000000000110170                svcQueryMemory
 .text.svcExitProcess
                0x00000000001101a0        0x8 C:/devkitPro/libctru/lib\libctru.a(svc.o)
                0x00000000001101a0                svcExitProcess
 .text.svcCreateThread
                0x00000000001101a8       0x20 C:/devkitPro/libctru/lib\libctru.a(svc.o)
                0x00000000001101a8                svcCreateThread
 .text.svcExitThread
                0x00000000001101c8        0x8 C:/devkitPro/libctru/lib\libctru.a(svc.o)
                0x00000000001101c8                svcExitThread
 .text.svcSleepThread
                0x00000000001101d0        0x8 C:/devkitPro/libctru/lib\libctru.a(svc.o)
                0x00000000001101d0                svcSleepThread
 .text.svcGetThreadPriority
                0x00000000001101d8       0x14 C:/devkitPro/libctru/lib\libctru.a(svc.o)
                0x00000000001101d8                svcGetThreadPriority
 .text.svcReleaseMutex
                0x00000000001101ec        0x8 C:/devkitPro/libctru/lib\libctru.a(svc.o)
                0x00000000001101ec                svcReleaseMutex
 .text.svcCreateEvent
                0x00000000001101f4       0x14 C:/devkitPro/libctru/lib\libctru.a(svc.o)
                0x00000000001101f4                svcCreateEvent
 .text.svcSignalEvent
                0x0000000000110208        0x8 C:/devkitPro/libctru/lib\libctru.a(svc.o)
                0x0000000000110208                svcSignalEvent
 .text.svcClearEvent
                0x0000000000110210        0x8 C:/devkitPro/libctru/lib\libctru.a(svc.o)
                0x0000000000110210                svcClearEvent
 .text.svcMapMemoryBlock
                0x0000000000110218        0x8 C:/devkitPro/libctru/lib\libctru.a(svc.o)
                0x0000000000110218                svcMapMemoryBlock
 .text.svcUnmapMemoryBlock
                0x0000000000110220        0x8 C:/devkitPro/libctru/lib\libctru.a(svc.o)
                0x0000000000110220                svcUnmapMemoryBlock
 .text.svcCreateAddressArbiter
                0x0000000000110228       0x14 C:/devkitPro/libctru/lib\libctru.a(svc.o)
                0x0000000000110228                svcCreateAddressArbiter
 .text.svcArbitrateAddressNoTimeout
                0x000000000011023c        0x8 C:/devkitPro/libctru/lib\libctru.a(svc.o)
                0x000000000011023c                svcArbitrateAddressNoTimeout
 .text.svcCloseHandle
                0x0000000000110244        0x8 C:/devkitPro/libctru/lib\libctru.a(svc.o)
                0x0000000000110244                svcCloseHandle
 .text.svcWaitSynchronization
                0x000000000011024c        0x8 C:/devkitPro/libctru/lib\libctru.a(svc.o)
                0x000000000011024c                svcWaitSynchronization
 .text.svcWaitSynchronizationN
                0x0000000000110254       0x28 C:/devkitPro/libctru/lib\libctru.a(svc.o)
                0x0000000000110254                svcWaitSynchronizationN
 .text.svcDuplicateHandle
                0x000000000011027c       0x14 C:/devkitPro/libctru/lib\libctru.a(svc.o)
                0x000000000011027c                svcDuplicateHandle
 .text.svcGetSystemTick
                0x0000000000110290        0x8 C:/devkitPro/libctru/lib\libctru.a(svc.o)
                0x0000000000110290                svcGetSystemTick
 .text.svcConnectToPort
                0x0000000000110298       0x14 C:/devkitPro/libctru/lib\libctru.a(svc.o)
                0x0000000000110298                svcConnectToPort
 .text.svcSendSyncRequest
                0x00000000001102ac        0x8 C:/devkitPro/libctru/lib\libctru.a(svc.o)
                0x00000000001102ac                svcSendSyncRequest
 .text.svcGetResourceLimit
                0x00000000001102b4       0x14 C:/devkitPro/libctru/lib\libctru.a(svc.o)
                0x00000000001102b4                svcGetResourceLimit
 .text.svcGetResourceLimitLimitValues
                0x00000000001102c8        0x8 C:/devkitPro/libctru/lib\libctru.a(svc.o)
                0x00000000001102c8                svcGetResourceLimitLimitValues
 .text.svcGetResourceLimitCurrentValues
                0x00000000001102d0        0x8 C:/devkitPro/libctru/lib\libctru.a(svc.o)
                0x00000000001102d0                svcGetResourceLimitCurrentValues
 .text.svcBreak
                0x00000000001102d8        0x8 C:/devkitPro/libctru/lib\libctru.a(svc.o)
                0x00000000001102d8                svcBreak
 .text.initSystem
                0x00000000001102e0       0x50 C:/devkitPro/libctru/lib\libctru.a(stack_adjust.o)
                0x00000000001102e0                initSystem
 .text.__ctru_exit
                0x0000000000110330       0x18 C:/devkitPro/libctru/lib\libctru.a(stack_adjust.o)
                0x0000000000110330                __ctru_exit
 .text.__aeabi_read_tp
                0x0000000000110348        0xc C:/devkitPro/libctru/lib\libctru.a(readtp.o)
                0x0000000000110348                __aeabi_read_tp
 .text.__sync_init
                0x0000000000110354        0xc C:/devkitPro/libctru/lib\libctru.a(synchronization.o)
                0x0000000000110354                __sync_init
 .text.__sync_fini
                0x0000000000110360       0x18 C:/devkitPro/libctru/lib\libctru.a(synchronization.o)
                0x0000000000110360                __sync_fini
 .text.syncArbitrateAddress
                0x0000000000110378       0x2c C:/devkitPro/libctru/lib\libctru.a(synchronization.o)
                0x0000000000110378                syncArbitrateAddress
 .text.LightLock_Init
                0x00000000001103a4       0x1c C:/devkitPro/libctru/lib\libctru.a(synchronization.o)
                0x00000000001103a4                LightLock_Init
 .text.LightLock_Lock
                0x00000000001103c0       0x94 C:/devkitPro/libctru/lib\libctru.a(synchronization.o)
                0x00000000001103c0                LightLock_Lock
 .text.LightLock_TryLock
                0x0000000000110454       0x44 C:/devkitPro/libctru/lib\libctru.a(synchronization.o)
                0x0000000000110454                LightLock_TryLock
 .text.LightLock_Unlock
                0x0000000000110498       0x40 C:/devkitPro/libctru/lib\libctru.a(synchronization.o)
                0x0000000000110498                LightLock_Unlock
 .text.RecursiveLock_Init
                0x00000000001104d8       0x24 C:/devkitPro/libctru/lib\libctru.a(synchronization.o)
                0x00000000001104d8                RecursiveLock_Init
 .text.RecursiveLock_Lock
                0x00000000001104fc       0x30 C:/devkitPro/libctru/lib\libctru.a(synchronization.o)
                0x00000000001104fc                RecursiveLock_Lock
 .text.RecursiveLock_TryLock
                0x000000000011052c       0x78 C:/devkitPro/libctru/lib\libctru.a(synchronization.o)
                0x000000000011052c                RecursiveLock_TryLock
 .text.RecursiveLock_Unlock
                0x00000000001105a4       0x54 C:/devkitPro/libctru/lib\libctru.a(synchronization.o)
                0x00000000001105a4                RecursiveLock_Unlock
 .text.LightEvent_Init
                0x00000000001105f8       0x40 C:/devkitPro/libctru/lib\libctru.a(synchronization.o)
                0x00000000001105f8                LightEvent_Init
 .text.LightEvent_Clear
                0x0000000000110638       0xa4 C:/devkitPro/libctru/lib\libctru.a(synchronization.o)
                0x0000000000110638                LightEvent_Clear
 .text.LightEvent_Signal
                0x00000000001106dc       0xc8 C:/devkitPro/libctru/lib\libctru.a(synchronization.o)
                0x00000000001106dc                LightEvent_Signal
 .text.LightEvent_TryWait
                0x00000000001107a4       0x58 C:/devkitPro/libctru/lib\libctru.a(synchronization.o)
                0x00000000001107a4                LightEvent_TryWait
 .text.LightEvent_Wait
                0x00000000001107fc       0xb0 C:/devkitPro/libctru/lib\libctru.a(synchronization.o)
                0x00000000001107fc                LightEvent_Wait
 .text.envGetHandle
                0x00000000001108ac       0x84 C:/devkitPro/libctru/lib\libctru.a(env.o)
                0x00000000001108ac                envGetHandle
 .text.envDestroyHandles
                0x0000000000110930       0x50 C:/devkitPro/libctru/lib\libctru.a(env.o)
                0x0000000000110930                envDestroyHandles
 .text.srvInit  0x0000000000110980      0x124 C:/devkitPro/libctru/lib\libctru.a(srv.o)
                0x0000000000110980                srvInit
 .text.srvExit  0x0000000000110aa4       0x58 C:/devkitPro/libctru/lib\libctru.a(srv.o)
                0x0000000000110aa4                srvExit
 .text.srvGetServiceHandleDirect
                0x0000000000110afc       0x80 C:/devkitPro/libctru/lib\libctru.a(srv.o)
                0x0000000000110afc                srvGetServiceHandleDirect
 .text.srvGetServiceHandle
                0x0000000000110b7c       0x48 C:/devkitPro/libctru/lib\libctru.a(srv.o)
                0x0000000000110b7c                srvGetServiceHandle
 .text.srvPublishToSubscriber
                0x0000000000110bc4       0x38 C:/devkitPro/libctru/lib\libctru.a(srv.o)
                0x0000000000110bc4                srvPublishToSubscriber
 .text.mappableFindAddressWithin
                0x0000000000110bfc       0x94 C:/devkitPro/libctru/lib\libctru.a(mappable.o)
 .text.mappableInit
                0x0000000000110c90       0x28 C:/devkitPro/libctru/lib\libctru.a(mappable.o)
                0x0000000000110c90                mappableInit
 .text.mappableAlloc
                0x0000000000110cb8       0x80 C:/devkitPro/libctru/lib\libctru.a(mappable.o)
                0x0000000000110cb8                mappableAlloc
 .text.mappableFree
                0x0000000000110d38        0x4 C:/devkitPro/libctru/lib\libctru.a(mappable.o)
                0x0000000000110d38                mappableFree
 .text.irrstInit
                0x0000000000110d3c      0x160 C:/devkitPro/libctru/lib\libctru.a(irrst.o)
                0x0000000000110d3c                irrstInit
 .text.irrstExit
                0x0000000000110e9c       0xcc C:/devkitPro/libctru/lib\libctru.a(irrst.o)
                0x0000000000110e9c                irrstExit
 .text.irrstScanInput
                0x0000000000110f68       0xb0 C:/devkitPro/libctru/lib\libctru.a(irrst.o)
                0x0000000000110f68                irrstScanInput
 .text.irrstKeysHeld
                0x0000000000111018       0x24 C:/devkitPro/libctru/lib\libctru.a(irrst.o)
                0x0000000000111018                irrstKeysHeld
 .text.srvPmGetSessionHandle
                0x000000000011103c        0xc C:/devkitPro/libctru/lib\libctru.a(srvpm.o)
                0x000000000011103c                srvPmGetSessionHandle
 .text.rbtree_node_next
                0x0000000000111048       0x50 C:/devkitPro/libctru/lib\libctru.a(rbtree_iterator.o)
                0x0000000000111048                rbtree_node_next
 .text.encode_utf16
                0x0000000000111098       0x60 C:/devkitPro/libctru/lib\libctru.a(encode_utf16.o)
                0x0000000000111098                encode_utf16
 .text.encode_utf8
                0x00000000001110f8       0xfc C:/devkitPro/libctru/lib\libctru.a(encode_utf8.o)
                0x00000000001110f8                encode_utf8
 .text.decode_utf8
                0x00000000001111f4      0x13c C:/devkitPro/libctru/lib\libctru.a(decode_utf8.o)
                0x00000000001111f4                decode_utf8
 .text.__appInit
                0x0000000000111330       0x30 C:/devkitPro/libctru/lib\libctru.a(appInit.o)
                0x0000000000111330                __appInit
 .text.__libctru_nanosleep
                0x0000000000111360       0x30 C:/devkitPro/libctru/lib\libctru.a(syscalls.o)
 .text.__libctru_get_reent
                0x0000000000111390       0x30 C:/devkitPro/libctru/lib\libctru.a(syscalls.o)
 .text.__system_initSyscalls
                0x00000000001113c0       0xf8 C:/devkitPro/libctru/lib\libctru.a(syscalls.o)
                0x00000000001113c0                __system_initSyscalls
 .text.__appExit
                0x00000000001114b8       0x30 C:/devkitPro/libctru/lib\libctru.a(appExit.o)
                0x00000000001114b8                __appExit
 .text.__libctru_exit
                0x00000000001114e8       0x90 C:/devkitPro/libctru/lib\libctru.a(ctru_exit.o)
                0x00000000001114e8                __libctru_exit
 .text.archive_link
                0x0000000000111578       0x14 C:/devkitPro/libctru/lib\libctru.a(archive_dev.o)
 .text.archive_dirreset
                0x000000000011158c       0x14 C:/devkitPro/libctru/lib\libctru.a(archive_dev.o)
 .text.archive_chmod
                0x00000000001115a0       0x14 C:/devkitPro/libctru/lib\libctru.a(archive_dev.o)
 .text.error_cmp
                0x00000000001115b4       0x24 C:/devkitPro/libctru/lib\libctru.a(archive_dev.o)
 .text.archive_translate_error
                0x00000000001115d8       0x50 C:/devkitPro/libctru/lib\libctru.a(archive_dev.o)
 .text.archive_seek
                0x0000000000111628       0xd4 C:/devkitPro/libctru/lib\libctru.a(archive_dev.o)
 .text._archiveInit.part.0
                0x00000000001116fc       0x7c C:/devkitPro/libctru/lib\libctru.a(archive_dev.o)
 .text.archiveFindDevice.part.0
                0x0000000000111778       0x8c C:/devkitPro/libctru/lib\libctru.a(archive_dev.o)
 .text.archive_utf16path
                0x0000000000111804      0x294 C:/devkitPro/libctru/lib\libctru.a(archive_dev.o)
 .text._archiveUnmountDeviceStruct.part.0
                0x0000000000111a98       0xa0 C:/devkitPro/libctru/lib\libctru.a(archive_dev.o)
 .text.archive_fchmod
                0x0000000000111b38       0x14 C:/devkitPro/libctru/lib\libctru.a(archive_dev.o)
 .text.archive_statvfs
                0x0000000000111b4c       0x14 C:/devkitPro/libctru/lib\libctru.a(archive_dev.o)
 .text._archiveMountDevice
                0x0000000000111b60      0x158 C:/devkitPro/libctru/lib\libctru.a(archive_dev.o)
 .text.archive_diropen
                0x0000000000111cb8       0xe8 C:/devkitPro/libctru/lib\libctru.a(archive_dev.o)
 .text.archive_fstat
                0x0000000000111da0       0xa4 C:/devkitPro/libctru/lib\libctru.a(archive_dev.o)
 .text.archive_close
                0x0000000000111e44       0x6c C:/devkitPro/libctru/lib\libctru.a(archive_dev.o)
 .text.archive_fsync
                0x0000000000111eb0       0x6c C:/devkitPro/libctru/lib\libctru.a(archive_dev.o)
 .text.archive_dirclose
                0x0000000000111f1c       0x70 C:/devkitPro/libctru/lib\libctru.a(archive_dev.o)
 .text.sdmc_statvfs
                0x0000000000111f8c       0xe8 C:/devkitPro/libctru/lib\libctru.a(archive_dev.o)
 .text.archive_ftruncate
                0x0000000000112074       0x80 C:/devkitPro/libctru/lib\libctru.a(archive_dev.o)
 .text.archive_chdir
                0x00000000001120f4       0xfc C:/devkitPro/libctru/lib\libctru.a(archive_dev.o)
 .text.archive_read
                0x00000000001121f0       0xb0 C:/devkitPro/libctru/lib\libctru.a(archive_dev.o)
 .text.archive_unlink
                0x00000000001122a0       0xac C:/devkitPro/libctru/lib\libctru.a(archive_dev.o)
 .text.archive_rmdir
                0x000000000011234c       0xc8 C:/devkitPro/libctru/lib\libctru.a(archive_dev.o)
 .text.archive_mkdir
                0x0000000000112414       0xec C:/devkitPro/libctru/lib\libctru.a(archive_dev.o)
 .text.archive_stat
                0x0000000000112500      0x1a8 C:/devkitPro/libctru/lib\libctru.a(archive_dev.o)
 .text.archive_rename
                0x00000000001126a8      0x184 C:/devkitPro/libctru/lib\libctru.a(archive_dev.o)
 .text.archive_dirnext
                0x000000000011282c      0x168 C:/devkitPro/libctru/lib\libctru.a(archive_dev.o)
 .text.archive_write
                0x0000000000112994      0x12c C:/devkitPro/libctru/lib\libctru.a(archive_dev.o)
 .text.archive_open
                0x0000000000112ac0      0x1f0 C:/devkitPro/libctru/lib\libctru.a(archive_dev.o)
 .text.archiveMountSdmc
                0x0000000000112cb0      0x1a4 C:/devkitPro/libctru/lib\libctru.a(archive_dev.o)
                0x0000000000112cb0                archiveMountSdmc
 .text.archiveUnmountAll
                0x0000000000112e54       0x54 C:/devkitPro/libctru/lib\libctru.a(archive_dev.o)
                0x0000000000112e54                archiveUnmountAll
 .text.cosf     0x0000000000112ea8      0x22c c:/devkitpro/devkitarm/bin/../lib/gcc/arm-none-eabi/10.2.0/../../../../arm-none-eabi/lib/armv6k/fpu\libm.a(lib_a-cosf.o)
                0x0000000000112ea8                cosf
 .text.with_errnof
                0x00000000001130d4       0x24 c:/devkitpro/devkitarm/bin/../lib/gcc/arm-none-eabi/10.2.0/../../../../arm-none-eabi/lib/armv6k/fpu\libm.a(lib_a-math_errf.o)
 .text.__math_invalidf
                0x00000000001130f8       0x1c c:/devkitpro/devkitarm/bin/../lib/gcc/arm-none-eabi/10.2.0/../../../../arm-none-eabi/lib/armv6k/fpu\libm.a(lib_a-math_errf.o)
                0x00000000001130f8                __math_invalidf
 *fill*         0x0000000000113114        0x4 
 .text.sinf     0x0000000000113118      0x274 c:/devkitpro/devkitarm/bin/../lib/gcc/arm-none-eabi/10.2.0/../../../../arm-none-eabi/lib/armv6k/fpu\libm.a(lib_a-sinf.o)
                0x0000000000113118                sinf
 .text.__udivmoddi4
                0x000000000011338c      0x120 c:/devkitpro/devkitarm/bin/../lib/gcc/arm-none-eabi/10.2.0/armv6k/fpu\libgcc.a(_udivmoddi4.o)
                0x000000000011338c                __udivmoddi4
 .text.bsearch  0x00000000001134ac       0x78 c:/devkitpro/devkitarm/bin/../lib/gcc/arm-none-eabi/10.2.0/../../../../arm-none-eabi/lib/armv6k/fpu\libg.a(lib_a-bsearch.o)
                0x00000000001134ac                bsearch
 .text.calloc   0x0000000000113524       0x28 c:/devkitpro/devkitarm/bin/../lib/gcc/arm-none-eabi/10.2.0/../../../../arm-none-eabi/lib/armv6k/fpu\libg.a(lib_a-calloc.o)
                0x0000000000113524                calloc
 .text._calloc_r
                0x000000000011354c       0x94 c:/devkitpro/devkitarm/bin/../lib/gcc/arm-none-eabi/10.2.0/../../../../arm-none-eabi/lib/armv6k/fpu\libg.a(lib_a-callocr.o)
                0x000000000011354c                _calloc_r
 .text.__errno  0x00000000001135e0        0xc c:/devkitpro/devkitarm/bin/../lib/gcc/arm-none-eabi/10.2.0/../../../../arm-none-eabi/lib/armv6k/fpu\libg.a(lib_a-errno.o)
                0x00000000001135e0                __errno
 .text.exit     0x00000000001135ec       0x34 c:/devkitpro/devkitarm/bin/../lib/gcc/arm-none-eabi/10.2.0/../../../../arm-none-eabi/lib/armv6k/fpu\libg.a(lib_a-exit.o)
                0x00000000001135ec                exit
 .text._fclose_r
                0x0000000000113620      0x160 c:/devkitpro/devkitarm/bin/../lib/gcc/arm-none-eabi/10.2.0/../../../../arm-none-eabi/lib/armv6k/fpu\libg.a(lib_a-fclose.o)
                0x0000000000113620                _fclose_r
 .text.fclose   0x0000000000113780       0x20 c:/devkitpro/devkitarm/bin/../lib/gcc/arm-none-eabi/10.2.0/../../../../arm-none-eabi/lib/armv6k/fpu\libg.a(lib_a-fclose.o)
                0x0000000000113780                fclose
 .text.__sflush_r
                0x00000000001137a0      0x258 c:/devkitpro/devkitarm/bin/../lib/gcc/arm-none-eabi/10.2.0/../../../../arm-none-eabi/lib/armv6k/fpu\libg.a(lib_a-fflush.o)
                0x00000000001137a0                __sflush_r
 .text._fflush_r
                0x00000000001139f8       0x94 c:/devkitpro/devkitarm/bin/../lib/gcc/arm-none-eabi/10.2.0/../../../../arm-none-eabi/lib/armv6k/fpu\libg.a(lib_a-fflush.o)
                0x00000000001139f8                _fflush_r
 .text.fflush   0x0000000000113a8c       0x38 c:/devkitpro/devkitarm/bin/../lib/gcc/arm-none-eabi/10.2.0/../../../../arm-none-eabi/lib/armv6k/fpu\libg.a(lib_a-fflush.o)
                0x0000000000113a8c                fflush
 .text._cleanup_r
                0x0000000000113ac4        0xc c:/devkitpro/devkitarm/bin/../lib/gcc/arm-none-eabi/10.2.0/../../../../arm-none-eabi/lib/armv6k/fpu\libg.a(lib_a-findfp.o)
                0x0000000000113ac4                _cleanup_r
 .text.__sinit  0x0000000000113ad0      0x184 c:/devkitpro/devkitarm/bin/../lib/gcc/arm-none-eabi/10.2.0/../../../../arm-none-eabi/lib/armv6k/fpu\libg.a(lib_a-findfp.o)
                0x0000000000113ad0                __sinit
 .text.__sfp    0x0000000000113c54      0x134 c:/devkitpro/devkitarm/bin/../lib/gcc/arm-none-eabi/10.2.0/../../../../arm-none-eabi/lib/armv6k/fpu\libg.a(lib_a-findfp.o)
                0x0000000000113c54                __sfp
 .text.__sfp_lock_acquire
                0x0000000000113d88        0xc c:/devkitpro/devkitarm/bin/../lib/gcc/arm-none-eabi/10.2.0/../../../../arm-none-eabi/lib/armv6k/fpu\libg.a(lib_a-findfp.o)
                0x0000000000113d88                __sfp_lock_acquire
 .text.__sfp_lock_release
                0x0000000000113d94        0xc c:/devkitpro/devkitarm/bin/../lib/gcc/arm-none-eabi/10.2.0/../../../../arm-none-eabi/lib/armv6k/fpu\libg.a(lib_a-findfp.o)
                0x0000000000113d94                __sfp_lock_release
 .text.__libc_fini_array
                0x0000000000113da0       0x3c c:/devkitpro/devkitarm/bin/../lib/gcc/arm-none-eabi/10.2.0/../../../../arm-none-eabi/lib/armv6k/fpu\libg.a(lib_a-fini.o)
                0x0000000000113da0                __libc_fini_array
 .text._fopen_r
                0x0000000000113ddc      0x140 c:/devkitpro/devkitarm/bin/../lib/gcc/arm-none-eabi/10.2.0/../../../../arm-none-eabi/lib/armv6k/fpu\libg.a(lib_a-fopen.o)
                0x0000000000113ddc                _fopen_r
 .text.fopen    0x0000000000113f1c       0x28 c:/devkitpro/devkitarm/bin/../lib/gcc/arm-none-eabi/10.2.0/../../../../arm-none-eabi/lib/armv6k/fpu\libg.a(lib_a-fopen.o)
                0x0000000000113f1c                fopen
 .text._fread_r
                0x0000000000113f44      0x2d0 c:/devkitpro/devkitarm/bin/../lib/gcc/arm-none-eabi/10.2.0/../../../../arm-none-eabi/lib/armv6k/fpu\libg.a(lib_a-fread.o)
                0x0000000000113f44                _fread_r
 .text.fread    0x0000000000114214       0x38 c:/devkitpro/devkitarm/bin/../lib/gcc/arm-none-eabi/10.2.0/../../../../arm-none-eabi/lib/armv6k/fpu\libg.a(lib_a-fread.o)
                0x0000000000114214                fread
 .text._malloc_trim_r
                0x000000000011424c       0xf8 c:/devkitpro/devkitarm/bin/../lib/gcc/arm-none-eabi/10.2.0/../../../../arm-none-eabi/lib/armv6k/fpu\libg.a(lib_a-freer.o)
                0x000000000011424c                _malloc_trim_r
 .text._free_r  0x0000000000114344      0x2e4 c:/devkitpro/devkitarm/bin/../lib/gcc/arm-none-eabi/10.2.0/../../../../arm-none-eabi/lib/armv6k/fpu\libg.a(lib_a-freer.o)
                0x0000000000114344                _free_r
 .text._fseek_r
                0x0000000000114628       0x1c c:/devkitpro/devkitarm/bin/../lib/gcc/arm-none-eabi/10.2.0/../../../../arm-none-eabi/lib/armv6k/fpu\libg.a(lib_a-fseek.o)
                0x0000000000114628                _fseek_r
 .text._fseeko_r
                0x0000000000114644      0x4f8 c:/devkitpro/devkitarm/bin/../lib/gcc/arm-none-eabi/10.2.0/../../../../arm-none-eabi/lib/armv6k/fpu\libg.a(lib_a-fseeko.o)
                0x0000000000114644                _fseeko_r
 .text._ftello_r
                0x0000000000114b3c      0x1bc c:/devkitpro/devkitarm/bin/../lib/gcc/arm-none-eabi/10.2.0/../../../../arm-none-eabi/lib/armv6k/fpu\libg.a(lib_a-ftello.o)
                0x0000000000114b3c                _ftello_r
 .text._fwalk   0x0000000000114cf8       0x68 c:/devkitpro/devkitarm/bin/../lib/gcc/arm-none-eabi/10.2.0/../../../../arm-none-eabi/lib/armv6k/fpu\libg.a(lib_a-fwalk.o)
                0x0000000000114cf8                _fwalk
 .text._fwalk_reent
                0x0000000000114d60       0x70 c:/devkitpro/devkitarm/bin/../lib/gcc/arm-none-eabi/10.2.0/../../../../arm-none-eabi/lib/armv6k/fpu\libg.a(lib_a-fwalk.o)
                0x0000000000114d60                _fwalk_reent
 .text.__libc_init_array
                0x0000000000114dd0       0x7c c:/devkitpro/devkitarm/bin/../lib/gcc/arm-none-eabi/10.2.0/../../../../arm-none-eabi/lib/armv6k/fpu\libg.a(lib_a-init.o)
                0x0000000000114dd0                __libc_init_array
 .text.__smakebuf_r
                0x0000000000114e4c      0x138 c:/devkitpro/devkitarm/bin/../lib/gcc/arm-none-eabi/10.2.0/../../../../arm-none-eabi/lib/armv6k/fpu\libg.a(lib_a-makebuf.o)
                0x0000000000114e4c                __smakebuf_r
 .text.__swhatbuf_r
                0x0000000000114f84       0x94 c:/devkitpro/devkitarm/bin/../lib/gcc/arm-none-eabi/10.2.0/../../../../arm-none-eabi/lib/armv6k/fpu\libg.a(lib_a-makebuf.o)
                0x0000000000114f84                __swhatbuf_r
 .text.memalign
                0x0000000000115018       0x28 c:/devkitpro/devkitarm/bin/../lib/gcc/arm-none-eabi/10.2.0/../../../../arm-none-eabi/lib/armv6k/fpu\libg.a(lib_a-malign.o)
                0x0000000000115018                memalign
 .text._memalign_r
                0x0000000000115040      0x148 c:/devkitpro/devkitarm/bin/../lib/gcc/arm-none-eabi/10.2.0/../../../../arm-none-eabi/lib/armv6k/fpu\libg.a(lib_a-malignr.o)
                0x0000000000115040                _memalign_r
 .text.malloc   0x0000000000115188       0x20 c:/devkitpro/devkitarm/bin/../lib/gcc/arm-none-eabi/10.2.0/../../../../arm-none-eabi/lib/armv6k/fpu\libg.a(lib_a-malloc.o)
                0x0000000000115188                malloc
 .text.free     0x00000000001151a8       0x20 c:/devkitpro/devkitarm/bin/../lib/gcc/arm-none-eabi/10.2.0/../../../../arm-none-eabi/lib/armv6k/fpu\libg.a(lib_a-malloc.o)
                0x00000000001151a8                free
 .text._malloc_r
                0x00000000001151c8      0x7f0 c:/devkitpro/devkitarm/bin/../lib/gcc/arm-none-eabi/10.2.0/../../../../arm-none-eabi/lib/armv6k/fpu\libg.a(lib_a-mallocr.o)
                0x00000000001151c8                _malloc_r
 .text.memchr   0x00000000001159b8       0xe0 c:/devkitpro/devkitarm/bin/../lib/gcc/arm-none-eabi/10.2.0/../../../../arm-none-eabi/lib/armv6k/fpu\libg.a(lib_a-memchr-stub.o)
                0x00000000001159b8                memchr
 .text.memcmp   0x0000000000115a98       0xa8 c:/devkitpro/devkitarm/bin/../lib/gcc/arm-none-eabi/10.2.0/../../../../arm-none-eabi/lib/armv6k/fpu\libg.a(lib_a-memcmp.o)
                0x0000000000115a98                memcmp
 .text.memcpy   0x0000000000115b40      0x11c c:/devkitpro/devkitarm/bin/../lib/gcc/arm-none-eabi/10.2.0/../../../../arm-none-eabi/lib/armv6k/fpu\libg.a(lib_a-memcpy-stub.o)
                0x0000000000115b40                memcpy
 .text.memset   0x0000000000115c5c      0x118 c:/devkitpro/devkitarm/bin/../lib/gcc/arm-none-eabi/10.2.0/../../../../arm-none-eabi/lib/armv6k/fpu\libg.a(lib_a-memset.o)
                0x0000000000115c5c                memset
 .text.__malloc_lock
                0x0000000000115d74        0xc c:/devkitpro/devkitarm/bin/../lib/gcc/arm-none-eabi/10.2.0/../../../../arm-none-eabi/lib/armv6k/fpu\libg.a(lib_a-mlock.o)
                0x0000000000115d74                __malloc_lock
 .text.__malloc_unlock
                0x0000000000115d80        0xc c:/devkitpro/devkitarm/bin/../lib/gcc/arm-none-eabi/10.2.0/../../../../arm-none-eabi/lib/armv6k/fpu\libg.a(lib_a-mlock.o)
                0x0000000000115d80                __malloc_unlock
 .text.printf   0x0000000000115d8c       0x34 c:/devkitpro/devkitarm/bin/../lib/gcc/arm-none-eabi/10.2.0/../../../../arm-none-eabi/lib/armv6k/fpu\libg.a(lib_a-printf.o)
                0x0000000000115d8c                printf
 .text.srand    0x0000000000115dc0       0x1c c:/devkitpro/devkitarm/bin/../lib/gcc/arm-none-eabi/10.2.0/../../../../arm-none-eabi/lib/armv6k/fpu\libg.a(lib_a-rand.o)
                0x0000000000115dc0                srand
 .text.rand     0x0000000000115ddc       0x44 c:/devkitpro/devkitarm/bin/../lib/gcc/arm-none-eabi/10.2.0/../../../../arm-none-eabi/lib/armv6k/fpu\libg.a(lib_a-rand.o)
                0x0000000000115ddc                rand
 .text.lflush   0x0000000000115e20       0x1c c:/devkitpro/devkitarm/bin/../lib/gcc/arm-none-eabi/10.2.0/../../../../arm-none-eabi/lib/armv6k/fpu\libg.a(lib_a-refill.o)
 .text.__srefill_r
                0x0000000000115e3c      0x1ac c:/devkitpro/devkitarm/bin/../lib/gcc/arm-none-eabi/10.2.0/../../../../arm-none-eabi/lib/armv6k/fpu\libg.a(lib_a-refill.o)
                0x0000000000115e3c                __srefill_r
 .text.setvbuf  0x0000000000115fe8      0x260 c:/devkitpro/devkitarm/bin/../lib/gcc/arm-none-eabi/10.2.0/../../../../arm-none-eabi/lib/armv6k/fpu\libg.a(lib_a-setvbuf.o)
                0x0000000000115fe8                setvbuf
 .text.sscanf   0x0000000000116248       0x74 c:/devkitpro/devkitarm/bin/../lib/gcc/arm-none-eabi/10.2.0/../../../../arm-none-eabi/lib/armv6k/fpu\libg.a(lib_a-sscanf.o)
                0x0000000000116248                sscanf
 .text.__sread  0x00000000001162bc       0x44 c:/devkitpro/devkitarm/bin/../lib/gcc/arm-none-eabi/10.2.0/../../../../arm-none-eabi/lib/armv6k/fpu\libg.a(lib_a-stdio.o)
                0x00000000001162bc                __sread
 .text.__seofread
                0x0000000000116300        0x8 c:/devkitpro/devkitarm/bin/../lib/gcc/arm-none-eabi/10.2.0/../../../../arm-none-eabi/lib/armv6k/fpu\libg.a(lib_a-stdio.o)
                0x0000000000116300                __seofread
 .text.__swrite
                0x0000000000116308       0x68 c:/devkitpro/devkitarm/bin/../lib/gcc/arm-none-eabi/10.2.0/../../../../arm-none-eabi/lib/armv6k/fpu\libg.a(lib_a-stdio.o)
                0x0000000000116308                __swrite
 .text.__sseek  0x0000000000116370       0x48 c:/devkitpro/devkitarm/bin/../lib/gcc/arm-none-eabi/10.2.0/../../../../arm-none-eabi/lib/armv6k/fpu\libg.a(lib_a-stdio.o)
                0x0000000000116370                __sseek
 .text.__sclose
                0x00000000001163b8        0x8 c:/devkitpro/devkitarm/bin/../lib/gcc/arm-none-eabi/10.2.0/../../../../arm-none-eabi/lib/armv6k/fpu\libg.a(lib_a-stdio.o)
                0x00000000001163b8                __sclose
 .text.strchr   0x00000000001163c0      0x144 c:/devkitpro/devkitarm/bin/../lib/gcc/arm-none-eabi/10.2.0/../../../../arm-none-eabi/lib/armv6k/fpu\libg.a(lib_a-strchr.o)
                0x00000000001163c0                strchr
 .text.strlen   0x0000000000116504       0x5c c:/devkitpro/devkitarm/bin/../lib/gcc/arm-none-eabi/10.2.0/../../../../arm-none-eabi/lib/armv6k/fpu\libg.a(lib_a-strlen-stub.o)
                0x0000000000116504                strlen
 .text.strncat  0x0000000000116560       0xec c:/devkitpro/devkitarm/bin/../lib/gcc/arm-none-eabi/10.2.0/../../../../arm-none-eabi/lib/armv6k/fpu\libg.a(lib_a-strncat.o)
                0x0000000000116560                strncat
 .text.strncmp  0x000000000011664c       0xdc c:/devkitpro/devkitarm/bin/../lib/gcc/arm-none-eabi/10.2.0/../../../../arm-none-eabi/lib/armv6k/fpu\libg.a(lib_a-strncmp.o)
                0x000000000011664c                strncmp
 .text.strncpy  0x0000000000116728       0xc0 c:/devkitpro/devkitarm/bin/../lib/gcc/arm-none-eabi/10.2.0/../../../../arm-none-eabi/lib/armv6k/fpu\libg.a(lib_a-strncpy.o)
                0x0000000000116728                strncpy
 .text.strnlen  0x00000000001167e8       0x48 c:/devkitpro/devkitarm/bin/../lib/gcc/arm-none-eabi/10.2.0/../../../../arm-none-eabi/lib/armv6k/fpu\libg.a(lib_a-strnlen.o)
                0x00000000001167e8                strnlen
 .text.get_arg  0x0000000000116830       0x50 c:/devkitpro/devkitarm/bin/../lib/gcc/arm-none-eabi/10.2.0/../../../../arm-none-eabi/lib/armv6k/fpu\libg.a(lib_a-svfscanf.o)
 .text.__ssvfscanf_r
                0x0000000000116880     0x2b68 c:/devkitpro/devkitarm/bin/../lib/gcc/arm-none-eabi/10.2.0/../../../../arm-none-eabi/lib/armv6k/fpu\libg.a(lib_a-svfscanf.o)
                0x0000000000116880                __ssvfscanf_r
 .text.time     0x00000000001193e8       0x3c c:/devkitpro/devkitarm/bin/../lib/gcc/arm-none-eabi/10.2.0/../../../../arm-none-eabi/lib/armv6k/fpu\libg.a(lib_a-time.o)
                0x00000000001193e8                time
 .text.get_arg  0x0000000000119424      0x64c c:/devkitpro/devkitarm/bin/../lib/gcc/arm-none-eabi/10.2.0/../../../../arm-none-eabi/lib/armv6k/fpu\libg.a(lib_a-vfiprintf.o)
 .text.__sprint_r
                0x0000000000119a70       0x34 c:/devkitpro/devkitarm/bin/../lib/gcc/arm-none-eabi/10.2.0/../../../../arm-none-eabi/lib/armv6k/fpu\libg.a(lib_a-vfiprintf.o)
                0x0000000000119a70                __sprint_r
 .text._vfiprintf_r
                0x0000000000119aa4     0x2584 c:/devkitpro/devkitarm/bin/../lib/gcc/arm-none-eabi/10.2.0/../../../../arm-none-eabi/lib/armv6k/fpu\libg.a(lib_a-vfiprintf.o)
                0x0000000000119aa4                _vfiprintf_r
 .text.__sbprintf
                0x000000000011c028       0xd4 c:/devkitpro/devkitarm/bin/../lib/gcc/arm-none-eabi/10.2.0/../../../../arm-none-eabi/lib/armv6k/fpu\libg.a(lib_a-vfiprintf.o)
 .text.get_arg  0x000000000011c0fc      0x64c c:/devkitpro/devkitarm/bin/../lib/gcc/arm-none-eabi/10.2.0/../../../../arm-none-eabi/lib/armv6k/fpu\libg.a(lib_a-vfprintf.o)
 .text._vfprintf_r
                0x000000000011c748     0x38d4 c:/devkitpro/devkitarm/bin/../lib/gcc/arm-none-eabi/10.2.0/../../../../arm-none-eabi/lib/armv6k/fpu\libg.a(lib_a-vfprintf.o)
                0x000000000011c748                _vfprintf_r
 .text.__sbprintf
                0x000000000012001c       0xd4 c:/devkitpro/devkitarm/bin/../lib/gcc/arm-none-eabi/10.2.0/../../../../arm-none-eabi/lib/armv6k/fpu\libg.a(lib_a-vfprintf.o)
 .text._wcrtomb_r
                0x00000000001200f0       0x54 c:/devkitpro/devkitarm/bin/../lib/gcc/arm-none-eabi/10.2.0/../../../../arm-none-eabi/lib/armv6k/fpu\libg.a(lib_a-wcrtomb.o)
                0x00000000001200f0                _wcrtomb_r
 .text._wcsrtombs_r
                0x0000000000120144       0x28 c:/devkitpro/devkitarm/bin/../lib/gcc/arm-none-eabi/10.2.0/../../../../arm-none-eabi/lib/armv6k/fpu\libg.a(lib_a-wcsrtombs.o)
                0x0000000000120144                _wcsrtombs_r
 .text.__swsetup_r
                0x000000000012016c      0x154 c:/devkitpro/devkitarm/bin/../lib/gcc/arm-none-eabi/10.2.0/../../../../arm-none-eabi/lib/armv6k/fpu\libg.a(lib_a-wsetup.o)
                0x000000000012016c                __swsetup_r
 .text.__call_exitprocs
                0x00000000001202c0      0x114 c:/devkitpro/devkitarm/bin/../lib/gcc/arm-none-eabi/10.2.0/../../../../arm-none-eabi/lib/armv6k/fpu\libg.a(lib_a-__call_atexit.o)
                0x00000000001202c0                __call_exitprocs
 .text.quorem   0x00000000001203d4      0x1a8 c:/devkitpro/devkitarm/bin/../lib/gcc/arm-none-eabi/10.2.0/../../../../arm-none-eabi/lib/armv6k/fpu\libg.a(lib_a-dtoa.o)
 *fill*         0x000000000012057c        0x4 
 .text._dtoa_r  0x0000000000120580     0x12ec c:/devkitpro/devkitarm/bin/../lib/gcc/arm-none-eabi/10.2.0/../../../../arm-none-eabi/lib/armv6k/fpu\libg.a(lib_a-dtoa.o)
                0x0000000000120580                _dtoa_r
 .text.__sflags
                0x000000000012186c       0xc8 c:/devkitpro/devkitarm/bin/../lib/gcc/arm-none-eabi/10.2.0/../../../../arm-none-eabi/lib/armv6k/fpu\libg.a(lib_a-flags.o)
                0x000000000012186c                __sflags
 .text.__sfvwrite_r
                0x0000000000121934      0x4a4 c:/devkitpro/devkitarm/bin/../lib/gcc/arm-none-eabi/10.2.0/../../../../arm-none-eabi/lib/armv6k/fpu\libg.a(lib_a-fvwrite.o)
                0x0000000000121934                __sfvwrite_r
 .text.iswspace
                0x0000000000121dd8        0x8 c:/devkitpro/devkitarm/bin/../lib/gcc/arm-none-eabi/10.2.0/../../../../arm-none-eabi/lib/armv6k/fpu\libg.a(lib_a-iswspace.o)
                0x0000000000121dd8                iswspace
 .text._localeconv_r
                0x0000000000121de0        0xc c:/devkitpro/devkitarm/bin/../lib/gcc/arm-none-eabi/10.2.0/../../../../arm-none-eabi/lib/armv6k/fpu\libg.a(lib_a-localeconv.o)
                0x0000000000121de0                _localeconv_r
 .text.__locale_mb_cur_max
                0x0000000000121dec       0x10 c:/devkitpro/devkitarm/bin/../lib/gcc/arm-none-eabi/10.2.0/../../../../arm-none-eabi/lib/armv6k/fpu\libg.a(lib_a-locale.o)
                0x0000000000121dec                __locale_mb_cur_max
 .text._mbrtowc_r
                0x0000000000121dfc       0x68 c:/devkitpro/devkitarm/bin/../lib/gcc/arm-none-eabi/10.2.0/../../../../arm-none-eabi/lib/armv6k/fpu\libg.a(lib_a-mbrtowc.o)
                0x0000000000121dfc                _mbrtowc_r
 .text.__utf8_mbtowc
                0x0000000000121e64      0x2fc c:/devkitpro/devkitarm/bin/../lib/gcc/arm-none-eabi/10.2.0/../../../../arm-none-eabi/lib/armv6k/fpu\libg.a(lib_a-mbtowc_r.o)
                0x0000000000121e64                __utf8_mbtowc
 .text.memmove  0x0000000000122160      0x154 c:/devkitpro/devkitarm/bin/../lib/gcc/arm-none-eabi/10.2.0/../../../../arm-none-eabi/lib/armv6k/fpu\libg.a(lib_a-memmove.o)
                0x0000000000122160                memmove
 .text._Balloc  0x00000000001222b4       0x88 c:/devkitpro/devkitarm/bin/../lib/gcc/arm-none-eabi/10.2.0/../../../../arm-none-eabi/lib/armv6k/fpu\libg.a(lib_a-mprec.o)
                0x00000000001222b4                _Balloc
 .text._Bfree   0x000000000012233c       0x1c c:/devkitpro/devkitarm/bin/../lib/gcc/arm-none-eabi/10.2.0/../../../../arm-none-eabi/lib/armv6k/fpu\libg.a(lib_a-mprec.o)
                0x000000000012233c                _Bfree
 .text.__multadd
                0x0000000000122358       0xf4 c:/devkitpro/devkitarm/bin/../lib/gcc/arm-none-eabi/10.2.0/../../../../arm-none-eabi/lib/armv6k/fpu\libg.a(lib_a-mprec.o)
                0x0000000000122358                __multadd
 .text.__s2b    0x000000000012244c      0x110 c:/devkitpro/devkitarm/bin/../lib/gcc/arm-none-eabi/10.2.0/../../../../arm-none-eabi/lib/armv6k/fpu\libg.a(lib_a-mprec.o)
                0x000000000012244c                __s2b
 .text.__hi0bits
                0x000000000012255c       0x58 c:/devkitpro/devkitarm/bin/../lib/gcc/arm-none-eabi/10.2.0/../../../../arm-none-eabi/lib/armv6k/fpu\libg.a(lib_a-mprec.o)
                0x000000000012255c                __hi0bits
 .text.__lo0bits
                0x00000000001225b4       0x9c c:/devkitpro/devkitarm/bin/../lib/gcc/arm-none-eabi/10.2.0/../../../../arm-none-eabi/lib/armv6k/fpu\libg.a(lib_a-mprec.o)
                0x00000000001225b4                __lo0bits
 .text.__i2b    0x0000000000122650       0xa4 c:/devkitpro/devkitarm/bin/../lib/gcc/arm-none-eabi/10.2.0/../../../../arm-none-eabi/lib/armv6k/fpu\libg.a(lib_a-mprec.o)
                0x0000000000122650                __i2b
 .text.__multiply
                0x00000000001226f4      0x204 c:/devkitpro/devkitarm/bin/../lib/gcc/arm-none-eabi/10.2.0/../../../../arm-none-eabi/lib/armv6k/fpu\libg.a(lib_a-mprec.o)
                0x00000000001226f4                __multiply
 .text.__pow5mult
                0x00000000001228f8      0x120 c:/devkitpro/devkitarm/bin/../lib/gcc/arm-none-eabi/10.2.0/../../../../arm-none-eabi/lib/armv6k/fpu\libg.a(lib_a-mprec.o)
                0x00000000001228f8                __pow5mult
 .text.__lshift
                0x0000000000122a18      0x13c c:/devkitpro/devkitarm/bin/../lib/gcc/arm-none-eabi/10.2.0/../../../../arm-none-eabi/lib/armv6k/fpu\libg.a(lib_a-mprec.o)
                0x0000000000122a18                __lshift
 .text.__mcmp   0x0000000000122b54       0x58 c:/devkitpro/devkitarm/bin/../lib/gcc/arm-none-eabi/10.2.0/../../../../arm-none-eabi/lib/armv6k/fpu\libg.a(lib_a-mprec.o)
                0x0000000000122b54                __mcmp
 .text.__mdiff  0x0000000000122bac      0x1cc c:/devkitpro/devkitarm/bin/../lib/gcc/arm-none-eabi/10.2.0/../../../../arm-none-eabi/lib/armv6k/fpu\libg.a(lib_a-mprec.o)
                0x0000000000122bac                __mdiff
 .text.__ulp    0x0000000000122d78       0x88 c:/devkitpro/devkitarm/bin/../lib/gcc/arm-none-eabi/10.2.0/../../../../arm-none-eabi/lib/armv6k/fpu\libg.a(lib_a-mprec.o)
                0x0000000000122d78                __ulp
 .text.__b2d    0x0000000000122e00       0xd4 c:/devkitpro/devkitarm/bin/../lib/gcc/arm-none-eabi/10.2.0/../../../../arm-none-eabi/lib/armv6k/fpu\libg.a(lib_a-mprec.o)
                0x0000000000122e00                __b2d
 .text.__d2b    0x0000000000122ed4      0x12c c:/devkitpro/devkitarm/bin/../lib/gcc/arm-none-eabi/10.2.0/../../../../arm-none-eabi/lib/armv6k/fpu\libg.a(lib_a-mprec.o)
                0x0000000000122ed4                __d2b
 .text.__ratio  0x0000000000123000       0x78 c:/devkitpro/devkitarm/bin/../lib/gcc/arm-none-eabi/10.2.0/../../../../arm-none-eabi/lib/armv6k/fpu\libg.a(lib_a-mprec.o)
                0x0000000000123000                __ratio
 .text.__copybits
                0x0000000000123078       0x88 c:/devkitpro/devkitarm/bin/../lib/gcc/arm-none-eabi/10.2.0/../../../../arm-none-eabi/lib/armv6k/fpu\libg.a(lib_a-mprec.o)
                0x0000000000123078                __copybits
 .text.__any_on
                0x0000000000123100       0x5c c:/devkitpro/devkitarm/bin/../lib/gcc/arm-none-eabi/10.2.0/../../../../arm-none-eabi/lib/armv6k/fpu\libg.a(lib_a-mprec.o)
                0x0000000000123100                __any_on
 .text.realloc  0x000000000012315c       0x28 c:/devkitpro/devkitarm/bin/../lib/gcc/arm-none-eabi/10.2.0/../../../../arm-none-eabi/lib/armv6k/fpu\libg.a(lib_a-realloc.o)
                0x000000000012315c                realloc
 .text._realloc_r
                0x0000000000123184      0x598 c:/devkitpro/devkitarm/bin/../lib/gcc/arm-none-eabi/10.2.0/../../../../arm-none-eabi/lib/armv6k/fpu\libg.a(lib_a-reallocr.o)