Archive member included to satisfy reference by file (symbol)

C:/devkitPro/libctru/lib\libcitro2d.a(base.o)
                              main.o (C2D_Init)
C:/devkitPro/libctru/lib\libcitro2d.a(spritesheet.o)
                              main.o (C2D_SpriteSheetLoad)
C:/devkitPro/libctru/lib\libcitro2d.a(render2d.shbin.o)
                              C:/devkitPro/libctru/lib\libcitro2d.a(base.o) (render2d_shbin)
C:/devkitPro/libctru/lib\libcitro3d.a(base.o)
                              main.o (C3D_Init)
C:/devkitPro/libctru/lib\libcitro3d.a(renderqueue.o)
                              C:/devkitPro/libctru/lib\libcitro3d.a(base.o) (C3Di_RenderQueueEnableVBlank)
C:/devkitPro/libctru/lib\libcitro3d.a(texture.o)
                              C:/devkitPro/libctru/lib\libcitro2d.a(base.o) (C3D_TexBind)
C:/devkitPro/libctru/lib\libcitro3d.a(tex3ds.o)
                              C:/devkitPro/libctru/lib\libcitro2d.a(spritesheet.o) (Tex3DS_TextureImport)
C:/devkitPro/libctru/lib\libcitro3d.a(framebuffer.o)
                              C:/devkitPro/libctru/lib\libcitro3d.a(renderqueue.o) (C3D_CalcColorBufSize)
C:/devkitPro/libctru/lib\libcitro3d.a(texenv.o)
                              C:/devkitPro/libctru/lib\libcitro2d.a(base.o) (C3D_GetTexEnv)
C:/devkitPro/libctru/lib\libcitro3d.a(proctex.o)
                              C:/devkitPro/libctru/lib\libcitro2d.a(base.o) (C3D_ProcTexInit)
C:/devkitPro/libctru/lib\libcitro3d.a(buffers.o)
                              C:/devkitPro/libctru/lib\libcitro2d.a(base.o) (BufInfo_Init)
C:/devkitPro/libctru/lib\libcitro3d.a(drawArrays.o)
                              C:/devkitPro/libctru/lib\libcitro2d.a(base.o) (C3D_DrawArrays)
C:/devkitPro/libctru/lib\libcitro3d.a(effect.o)
                              C:/devkitPro/libctru/lib\libcitro3d.a(base.o) (C3D_DepthMap)
C:/devkitPro/libctru/lib\libcitro3d.a(attribs.o)
                              C:/devkitPro/libctru/lib\libcitro2d.a(base.o) (AttrInfo_Init)
C:/devkitPro/libctru/lib\libcitro3d.a(immediate.o)
                              C:/devkitPro/libctru/lib\libcitro3d.a(base.o) (C3D_ImmSendAttrib)
C:/devkitPro/libctru/lib\libcitro3d.a(uniforms.o)
                              C:/devkitPro/libctru/lib\libcitro3d.a(base.o) (C3D_UpdateUniforms)
C:/devkitPro/libctru/lib\libcitro3d.a(mtx_ortho.o)
                              C:/devkitPro/libctru/lib\libcitro2d.a(base.o) (Mtx_Ortho)
C:/devkitPro/libctru/lib\libcitro3d.a(mtx_scale.o)
                              C:/devkitPro/libctru/lib\libcitro2d.a(base.o) (Mtx_Scale)
C:/devkitPro/libctru/lib\libcitro3d.a(mtx_multiply.o)
                              C:/devkitPro/libctru/lib\libcitro2d.a(base.o) (Mtx_Multiply)
C:/devkitPro/libctru/lib\libcitro3d.a(mtx_orthotilt.o)
                              C:/devkitPro/libctru/lib\libcitro2d.a(base.o) (Mtx_OrthoTilt)
C:/devkitPro/libctru/lib\libcitro3d.a(mtx_translate.o)
                              C:/devkitPro/libctru/lib\libcitro2d.a(base.o) (Mtx_Translate)
C:/devkitPro/libctru/lib\libcitro3d.a(mtx_rotatez.o)
                              C:/devkitPro/libctru/lib\libcitro2d.a(base.o) (Mtx_RotateZ)
C:/devkitPro/libctru/lib\libctru.a(vram.o)
                              C:/devkitPro/libctru/lib\libcitro3d.a(renderqueue.o) (vramAlloc)
C:/devkitPro/libctru/lib\libctru.a(linear.o)
                              C:/devkitPro/libctru/lib\libcitro2d.a(base.o) (linearAlloc)
C:/devkitPro/libctru/lib\libctru.a(mem_pool.o)
                              C:/devkitPro/libctru/lib\libctru.a(vram.o) (MemPool::Allocate(MemChunk&, unsigned long, int))
C:/devkitPro/libctru/lib\libctru.a(romfs_dev.o)
                              main.o (romfsMountSelf)
C:/devkitPro/libctru/lib\libctru.a(os.o)
                              C:/devkitPro/libctru/lib\libcitro3d.a(texture.o) (osConvertVirtToPhys)
C:/devkitPro/libctru/lib\libctru.a(console.o)
                              main.o (consoleInit)
C:/devkitPro/libctru/lib\libctru.a(path_buf.o)
                              C:/devkitPro/libctru/lib\libctru.a(romfs_dev.o) (__ctru_dev_utf16_buf)
C:/devkitPro/libctru/lib\libctru.a(gfx.o)
                              C:/devkitPro/libctru/lib\libcitro2d.a(base.o) (gfxIsWide)
C:/devkitPro/libctru/lib\libctru.a(thread.o)
                              main.o (threadCreate)
C:/devkitPro/libctru/lib\libctru.a(shaderProgram.o)
                              C:/devkitPro/libctru/lib\libcitro2d.a(base.o) (shaderInstanceGetUniformLocation)
C:/devkitPro/libctru/lib\libctru.a(shbin.o)
                              C:/devkitPro/libctru/lib\libcitro2d.a(base.o) (DVLB_ParseFile)
C:/devkitPro/libctru/lib\libctru.a(gx.o)
                              C:/devkitPro/libctru/lib\libcitro3d.a(renderqueue.o) (GX_BindQueue)
C:/devkitPro/libctru/lib\libctru.a(gxqueue.o)
                              C:/devkitPro/libctru/lib\libcitro3d.a(renderqueue.o) (gxCmdQueueClear)
C:/devkitPro/libctru/lib\libctru.a(gpu.o)
[...]
Memory Configuration

Name             Origin             Length             Attributes
*default*        0x0000000000000000 0xffffffffffffffff

Linker script and memory map

                0x0000000000100000                PROVIDE (__start__ = 0x100000)
                0x0000000000100000                . = __start__

.text           0x0000000000100000    0x2b894
 *(.crt0)
 .crt0          0x0000000000100000       0x94 c:/devkitpro/devkitarm/bin/../lib/gcc/arm-none-eabi/10.2.0/../../../../arm-none-eabi/lib/armv6k/fpu/3dsx_crt0.o
                0x0000000000100000                _start
                0x0000000000100008                __service_ptr
                0x000000000010000c                __apt_appid
                0x0000000000100010                __heap_size
                0x0000000000100014                __linear_heap_size
                0x0000000000100018                __system_arglist
                0x000000000010001c                __system_runflags
 *(.init)
 .init          0x0000000000100094        0xc c:/devkitpro/devkitarm/bin/../lib/gcc/arm-none-eabi/10.2.0/armv6k/fpu/crti.o
                0x0000000000100094                _init
 .init          0x00000000001000a0        0xc c:/devkitpro/devkitarm/bin/../lib/gcc/arm-none-eabi/10.2.0/armv6k/fpu/crtn.o
                0x00000000001000ac                . = ALIGN (0x4)
 *(.text)
 .text          0x00000000001000ac      0x20c c:/devkitpro/devkitarm/bin/../lib/gcc/arm-none-eabi/10.2.0/armv6k/fpu\libgcc.a(_udivsi3.o)
                0x00000000001000ac                __aeabi_uidiv
                0x00000000001000ac                __udivsi3
                0x0000000000100298                __aeabi_uidivmod
 .text          0x00000000001002b8      0x240 c:/devkitpro/devkitarm/bin/../lib/gcc/arm-none-eabi/10.2.0/armv6k/fpu\libgcc.a(_divsi3.o)
                0x00000000001002b8                __divsi3
                0x00000000001002b8                __aeabi_idiv
                0x00000000001004d8                __aeabi_idivmod
 .text          0x00000000001004f8        0x4 c:/devkitpro/devkitarm/bin/../lib/gcc/arm-none-eabi/10.2.0/armv6k/fpu\libgcc.a(_dvmd_tls.o)
                0x00000000001004f8                __aeabi_idiv0
                0x00000000001004f8                __aeabi_ldiv0
 .text          0x00000000001004fc      0x3c0 c:/devkitpro/devkitarm/bin/../lib/gcc/arm-none-eabi/10.2.0/armv6k/fpu\libgcc.a(_arm_addsubdf3.o)
                0x00000000001004fc                __aeabi_drsub
                0x0000000000100504                __aeabi_dsub
                0x0000000000100504                __subdf3
                0x0000000000100508                __aeabi_dadd
                0x0000000000100508                __adddf3
                0x00000000001007b4                __floatunsidf
                0x00000000001007b4                __aeabi_ui2d
                0x00000000001007d8                __floatsidf
                0x00000000001007d8                __aeabi_i2d
                0x0000000000100800                __aeabi_f2d
                0x0000000000100800                __extendsfdf2
                0x0000000000100848                __floatundidf
                0x0000000000100848                __aeabi_ul2d
                0x000000000010085c                __floatdidf
                0x000000000010085c                __aeabi_l2d
 .text          0x00000000001008bc       0xd4 c:/devkitpro/devkitarm/bin/../lib/gcc/arm-none-eabi/10.2.0/armv6k/fpu\libgcc.a(_aeabi_ldivmod.o)
                0x00000000001008bc                __aeabi_ldivmod
 .text          0x0000000000100990       0x3c c:/devkitpro/devkitarm/bin/../lib/gcc/arm-none-eabi/10.2.0/armv6k/fpu\libgcc.a(_aeabi_uldivmod.o)
                0x0000000000100990                __aeabi_uldivmod
 *fill*         0x00000000001009cc       0x14 
 .text          0x00000000001009e0      0x390 c:/devkitpro/devkitarm/bin/../lib/gcc/arm-none-eabi/10.2.0/../../../../arm-none-eabi/lib/armv6k/fpu\libg.a(lib_a-strcmp.o)
                0x00000000001009e8                strcmp
 *(.text.*)
 .text.__do_global_dtors_aux
                0x0000000000100d70       0x40 c:/devkitpro/devkitarm/bin/../lib/gcc/arm-none-eabi/10.2.0/armv6k/fpu/crtbegin.o
 .text.frame_dummy
                0x0000000000100db0       0x2c c:/devkitpro/devkitarm/bin/../lib/gcc/arm-none-eabi/10.2.0/armv6k/fpu/crtbegin.o
 .text.threadMain
                0x0000000000100ddc      0x1a8 main.o
                0x0000000000100ddc                threadMain
 .text.startup.main
                0x0000000000100f84      0x624 main.o
                0x0000000000100f84                main
 .text.C2Di_FrameEndHook
                0x00000000001015a8       0x34 C:/devkitPro/libctru/lib\libcitro2d.a(base.o)
 *fill*         0x00000000001015dc        0x4 
 .text.C2D_Init
                0x00000000001015e0      0x330 C:/devkitPro/libctru/lib\libcitro2d.a(base.o)
                0x00000000001015e0                C2D_Init
 .text.C2D_Fini
                0x0000000000101910       0x44 C:/devkitPro/libctru/lib\libcitro2d.a(base.o)
                0x0000000000101910                C2D_Fini
 .text.C2D_Prepare
                0x0000000000101954       0xd0 C:/devkitPro/libctru/lib\libcitro2d.a(base.o)
                0x0000000000101954                C2D_Prepare
 .text.C2D_Flush
                0x0000000000101a24       0x3c C:/devkitPro/libctru/lib\libcitro2d.a(base.o)
                0x0000000000101a24                C2D_Flush
 .text.C2D_SceneSize
                0x0000000000101a60      0x108 C:/devkitPro/libctru/lib\libcitro2d.a(base.o)
                0x0000000000101a60                C2D_SceneSize
 .text.C2D_CreateScreenTarget
                0x0000000000101b68       0x58 C:/devkitPro/libctru/lib\libcitro2d.a(base.o)
                0x0000000000101b68                C2D_CreateScreenTarget
 .text.C2D_TargetClear
                0x0000000000101bc0       0x58 C:/devkitPro/libctru/lib\libcitro2d.a(base.o)
                0x0000000000101bc0                C2D_TargetClear
 .text.C2Di_CalcQuad
                0x0000000000101c18      0x13c C:/devkitPro/libctru/lib\libcitro2d.a(base.o)
                0x0000000000101c18                C2Di_CalcQuad
 .text.C2Di_Update
                0x0000000000101d54      0x22c C:/devkitPro/libctru/lib\libcitro2d.a(base.o)
                0x0000000000101d54                C2Di_Update
 .text.C2D_DrawImage
                0x0000000000101f80      0x2f8 C:/devkitPro/libctru/lib\libcitro2d.a(base.o)
                0x0000000000101f80                C2D_DrawImage
 .text.C2D_SpriteSheetLoadFromHandle
                0x0000000000102278       0x6c C:/devkitPro/libctru/lib\libcitro2d.a(spritesheet.o)
                0x0000000000102278                C2D_SpriteSheetLoadFromHandle
 .text.C2D_SpriteSheetLoad
                0x00000000001022e4       0x48 C:/devkitPro/libctru/lib\libcitro2d.a(spritesheet.o)
                0x00000000001022e4                C2D_SpriteSheetLoad
 .text.C2D_SpriteSheetFree
                0x000000000010232c       0x28 C:/devkitPro/libctru/lib\libcitro2d.a(spritesheet.o)
                0x000000000010232c                C2D_SpriteSheetFree
 .text.C2D_SpriteSheetCount
                0x0000000000102354        0x8 C:/devkitPro/libctru/lib\libcitro2d.a(spritesheet.o)
                0x0000000000102354                C2D_SpriteSheetCount
 .text.C2D_SpriteSheetGetImage
                0x000000000010235c       0x2c C:/devkitPro/libctru/lib\libcitro2d.a(spritesheet.o)
                0x000000000010235c                C2D_SpriteSheetGetImage
 .text.C3Di_LightEnvUpdate
                0x0000000000102388        0x4 C:/devkitPro/libctru/lib\libcitro3d.a(base.o)
                0x0000000000102388                C3Di_LightEnvUpdate
 .text.C3Di_LightEnvDirty
                0x000000000010238c        0x4 C:/devkitPro/libctru/lib\libcitro3d.a(base.o)
                0x000000000010238c                C3Di_LightEnvDirty
 .text.C3Di_AptEventHook
                0x0000000000102390       0xb4 C:/devkitPro/libctru/lib\libcitro3d.a(base.o)
 .text.C3Di_GasUpdate
                0x0000000000102444        0x4 C:/devkitPro/libctru/lib\libcitro3d.a(base.o)
                0x0000000000102444                C3Di_GasUpdate
 .text.C3D_Init
                0x0000000000102448      0x1e0 C:/devkitPro/libctru/lib\libcitro3d.a(base.o)
                0x0000000000102448                C3D_Init
 .text.C3D_SetViewport
                0x0000000000102628       0x98 C:/devkitPro/libctru/lib\libcitro3d.a(base.o)
                0x0000000000102628                C3D_SetViewport
 .text.C3Di_UpdateContext
                0x00000000001026c0      0x4ec C:/devkitPro/libctru/lib\libcitro3d.a(base.o)
                0x00000000001026c0                C3Di_UpdateContext
 .text.C3Di_SplitFrame
                0x0000000000102bac       0xe0 C:/devkitPro/libctru/lib\libcitro3d.a(base.o)
                0x0000000000102bac                C3Di_SplitFrame
 .text.C3D_GetCmdBufUsage
                0x0000000000102c8c       0x10 C:/devkitPro/libctru/lib\libcitro3d.a(base.o)
                0x0000000000102c8c                C3D_GetCmdBufUsage
 .text.C3D_Fini
                0x0000000000102c9c       0x44 C:/devkitPro/libctru/lib\libcitro3d.a(base.o)
                0x0000000000102c9c                C3D_Fini
 .text.C3D_BindProgram
                0x0000000000102ce0      0x108 C:/devkitPro/libctru/lib\libcitro3d.a(base.o)
                0x0000000000102ce0                C3D_BindProgram
 .text.onVBlank0
                0x0000000000102de8       0x4c C:/devkitPro/libctru/lib\libcitro3d.a(renderqueue.o)
 .text.onVBlank1
                0x0000000000102e34       0x4c C:/devkitPro/libctru/lib\libcitro3d.a(renderqueue.o)
 .text.C3Di_RenderTargetDestroy
                0x0000000000102e80       0x80 C:/devkitPro/libctru/lib\libcitro3d.a(renderqueue.o)
 .text.onQueueFinish
                0x0000000000102f00       0xf4 C:/devkitPro/libctru/lib\libcitro3d.a(renderqueue.o)
 .text.C3Di_RenderQueueEnableVBlank
                0x0000000000102ff4       0x38 C:/devkitPro/libctru/lib\libcitro3d.a(renderqueue.o)
                0x0000000000102ff4                C3Di_RenderQueueEnableVBlank
 .text.C3Di_RenderQueueDisableVBlank
                0x000000000010302c       0x30 C:/devkitPro/libctru/lib\libcitro3d.a(renderqueue.o)
                0x000000000010302c                C3Di_RenderQueueDisableVBlank
 .text.C3Di_RenderQueueInit
                0x000000000010305c       0x60 C:/devkitPro/libctru/lib\libcitro3d.a(renderqueue.o)
                0x000000000010305c                C3Di_RenderQueueInit
 .text.C3Di_RenderQueueExit
                0x00000000001030bc       0xb0 C:/devkitPro/libctru/lib\libcitro3d.a(renderqueue.o)
                0x00000000001030bc                C3Di_RenderQueueExit
 .text.C3Di_RenderQueueWaitDone
                0x000000000010316c       0x34 C:/devkitPro/libctru/lib\libcitro3d.a(renderqueue.o)
                0x000000000010316c                C3Di_RenderQueueWaitDone
 .text.C3D_FrameBegin
                0x00000000001031a0       0xe4 C:/devkitPro/libctru/lib\libcitro3d.a(renderqueue.o)
                0x00000000001031a0                C3D_FrameBegin
 .text.C3D_FrameDrawOn
                0x0000000000103284       0x48 C:/devkitPro/libctru/lib\libcitro3d.a(renderqueue.o)
                0x0000000000103284                C3D_FrameDrawOn
 .text.C3D_FrameSplit
                0x00000000001032cc       0x58 C:/devkitPro/libctru/lib\libcitro3d.a(renderqueue.o)
                0x00000000001032cc                C3D_FrameSplit
 .text.C3D_FrameEnd
                0x0000000000103324      0x1d8 C:/devkitPro/libctru/lib\libcitro3d.a(renderqueue.o)
                0x0000000000103324                C3D_FrameEnd
 .text.C3D_FrameEndHook
                0x00000000001034fc       0x1c C:/devkitPro/libctru/lib\libcitro3d.a(renderqueue.o)
                0x00000000001034fc                C3D_FrameEndHook
 .text.C3D_GetDrawingTime
                0x0000000000103518       0x18 C:/devkitPro/libctru/lib\libcitro3d.a(renderqueue.o)
                0x0000000000103518                C3D_GetDrawingTime
 .text.C3D_GetProcessingTime
                0x0000000000103530       0x18 C:/devkitPro/libctru/lib\libcitro3d.a(renderqueue.o)
                0x0000000000103530                C3D_GetProcessingTime
 .text.C3D_RenderTargetCreate
                0x0000000000103548      0x128 C:/devkitPro/libctru/lib\libcitro3d.a(renderqueue.o)
                0x0000000000103548                C3D_RenderTargetCreate
 .text.C3D_RenderTargetSetOutput
                0x0000000000103670       0xa8 C:/devkitPro/libctru/lib\libcitro3d.a(renderqueue.o)
                0x0000000000103670                C3D_RenderTargetSetOutput
 .text.C3D_SyncTextureCopy
                0x0000000000103718       0xfc C:/devkitPro/libctru/lib\libcitro3d.a(renderqueue.o)
                0x0000000000103718                C3D_SyncTextureCopy
 .text.C3D_TexInitWithParams
                0x0000000000103814      0x2a0 C:/devkitPro/libctru/lib\libcitro3d.a(texture.o)
                0x0000000000103814                C3D_TexInitWithParams
 .text.C3D_TexLoadImage
                0x0000000000103ab4       0xc8 C:/devkitPro/libctru/lib\libcitro3d.a(texture.o)
                0x0000000000103ab4                C3D_TexLoadImage
 .text.C3D_TexBind
                0x0000000000103b7c       0x44 C:/devkitPro/libctru/lib\libcitro3d.a(texture.o)
                0x0000000000103b7c                C3D_TexBind
 .text.C3D_TexDelete
                0x0000000000103bc0       0x74 C:/devkitPro/libctru/lib\libcitro3d.a(texture.o)
                0x0000000000103bc0                C3D_TexDelete
 .text.C3Di_SetTex
                0x0000000000103c34      0x16c C:/devkitPro/libctru/lib\libcitro3d.a(texture.o)
                0x0000000000103c34                C3Di_SetTex
 .text.Tex3DSi_ImportCommon
                0x0000000000103da0      0x3f4 C:/devkitPro/libctru/lib\libcitro3d.a(tex3ds.o)
 .text.Tex3DS_TextureImportStdio
                0x0000000000104194       0x38 C:/devkitPro/libctru/lib\libcitro3d.a(tex3ds.o)
                0x0000000000104194                Tex3DS_TextureImportStdio
 .text.Tex3DS_GetNumSubTextures
                0x00000000001041cc        0x8 C:/devkitPro/libctru/lib\libcitro3d.a(tex3ds.o)
                0x00000000001041cc                Tex3DS_GetNumSubTextures
 .text.Tex3DS_GetSubTexture
                0x00000000001041d4       0x1c C:/devkitPro/libctru/lib\libcitro3d.a(tex3ds.o)
                0x00000000001041d4                Tex3DS_GetSubTexture
 .text.Tex3DS_TextureFree
                0x00000000001041f0        0x4 C:/devkitPro/libctru/lib\libcitro3d.a(tex3ds.o)
                0x00000000001041f0                Tex3DS_TextureFree
 .text.C3D_CalcColorBufSize
                0x00000000001041f4       0x1c C:/devkitPro/libctru/lib\libcitro3d.a(framebuffer.o)
                0x00000000001041f4                C3D_CalcColorBufSize
 .text.C3D_CalcDepthBufSize
                0x0000000000104210       0x1c C:/devkitPro/libctru/lib\libcitro3d.a(framebuffer.o)
                0x0000000000104210                C3D_CalcDepthBufSize
 .text.C3D_SetFrameBuf
                0x000000000010422c       0x44 C:/devkitPro/libctru/lib\libcitro3d.a(framebuffer.o)
                0x000000000010422c                C3D_SetFrameBuf
 .text.C3Di_FrameBufBind
                0x0000000000104270      0x16c C:/devkitPro/libctru/lib\libcitro3d.a(framebuffer.o)
                0x0000000000104270                C3Di_FrameBufBind
 .text.C3D_FrameBufClear
                0x00000000001043dc       0xcc C:/devkitPro/libctru/lib\libcitro3d.a(framebuffer.o)
                0x00000000001043dc                C3D_FrameBufClear
 .text.C3D_FrameBufTransfer
                0x00000000001044a8       0x44 C:/devkitPro/libctru/lib\libcitro3d.a(framebuffer.o)
                0x00000000001044a8                C3D_FrameBufTransfer
 .text.C3D_GetTexEnv
                0x00000000001044ec       0x34 C:/devkitPro/libctru/lib\libcitro3d.a(texenv.o)
                0x00000000001044ec                C3D_GetTexEnv
 .text.C3Di_TexEnvBind
                0x0000000000104520       0x24 C:/devkitPro/libctru/lib\libcitro3d.a(texenv.o)
                0x0000000000104520                C3Di_TexEnvBind
 .text.C3D_ProcTexInit
                0x0000000000104544       0x70 C:/devkitPro/libctru/lib\libcitro3d.a(proctex.o)
                0x0000000000104544                C3D_ProcTexInit
 .text.C3D_ProcTexBind
                0x00000000001045b4       0x54 C:/devkitPro/libctru/lib\libcitro3d.a(proctex.o)
                0x00000000001045b4                C3D_ProcTexBind
 .text.C3D_ProcTexLutBind
                0x0000000000104608       0x5c C:/devkitPro/libctru/lib\libcitro3d.a(proctex.o)
                0x0000000000104608                C3D_ProcTexLutBind
 .text.ProcTexLut_FromArray
                0x0000000000104664       0xa4 C:/devkitPro/libctru/lib\libcitro3d.a(proctex.o)
                0x0000000000104664                ProcTexLut_FromArray
 .text.C3Di_ProcTexUpdate
                0x0000000000104708      0x17c C:/devkitPro/libctru/lib\libcitro3d.a(proctex.o)
                0x0000000000104708                C3Di_ProcTexUpdate
 .text.C3Di_ProcTexDirty
                0x0000000000104884       0x68 C:/devkitPro/libctru/lib\libcitro3d.a(proctex.o)
                0x0000000000104884                C3Di_ProcTexDirty
 .text.BufInfo_Init
                0x00000000001048ec       0x24 C:/devkitPro/libctru/lib\libcitro3d.a(buffers.o)
                0x00000000001048ec                BufInfo_Init
 .text.BufInfo_Add
                0x0000000000104910       0x80 C:/devkitPro/libctru/lib\libcitro3d.a(buffers.o)
                0x0000000000104910                BufInfo_Add
 .text.C3D_SetBufInfo
                0x0000000000104990       0x40 C:/devkitPro/libctru/lib\libcitro3d.a(buffers.o)
                0x0000000000104990                C3D_SetBufInfo
 .text.C3Di_BufInfoBind
                0x00000000001049d0       0x48 C:/devkitPro/libctru/lib\libcitro3d.a(buffers.o)
                0x00000000001049d0                C3Di_BufInfoBind
 .text.C3D_DrawArrays
                0x0000000000104a18      0x148 C:/devkitPro/libctru/lib\libcitro3d.a(drawArrays.o)
                0x0000000000104a18                C3D_DrawArrays
 .text.C3D_DepthMap
                0x0000000000104b60       0x40 C:/devkitPro/libctru/lib\libcitro3d.a(effect.o)
                0x0000000000104b60                C3D_DepthMap
 .text.C3D_CullFace
                0x0000000000104ba0       0x1c C:/devkitPro/libctru/lib\libcitro3d.a(effect.o)
                0x0000000000104ba0                C3D_CullFace
 .text.C3D_StencilTest
                0x0000000000104bbc       0x40 C:/devkitPro/libctru/lib\libcitro3d.a(effect.o)
                0x0000000000104bbc                C3D_StencilTest
 .text.C3D_StencilOp
                0x0000000000104bfc       0x24 C:/devkitPro/libctru/lib\libcitro3d.a(effect.o)
                0x0000000000104bfc                C3D_StencilOp
 .text.C3D_BlendingColor
                0x0000000000104c20       0x1c C:/devkitPro/libctru/lib\libcitro3d.a(effect.o)
                0x0000000000104c20                C3D_BlendingColor
 .text.C3D_EarlyDepthTest
                0x0000000000104c3c       0x24 C:/devkitPro/libctru/lib\libcitro3d.a(effect.o)
                0x0000000000104c3c                C3D_EarlyDepthTest
 .text.C3D_DepthTest
                0x0000000000104c60       0x2c C:/devkitPro/libctru/lib\libcitro3d.a(effect.o)
                0x0000000000104c60                C3D_DepthTest
 .text.C3D_AlphaTest
                0x0000000000104c8c       0x2c C:/devkitPro/libctru/lib\libcitro3d.a(effect.o)
                0x0000000000104c8c                C3D_AlphaTest
 .text.C3D_AlphaBlend
                0x0000000000104cb8       0x50 C:/devkitPro/libctru/lib\libcitro3d.a(effect.o)
                0x0000000000104cb8                C3D_AlphaBlend
 .text.C3D_FragOpMode
                0x0000000000104d08       0x30 C:/devkitPro/libctru/lib\libcitro3d.a(effect.o)
                0x0000000000104d08                C3D_FragOpMode
 .text.C3D_FragOpShadow
                0x0000000000104d38       0x44 C:/devkitPro/libctru/lib\libcitro3d.a(effect.o)
                0x0000000000104d38                C3D_FragOpShadow
 .text.C3Di_EffectBind
                0x0000000000104d7c      0x1ac C:/devkitPro/libctru/lib\libcitro3d.a(effect.o)
                0x0000000000104d7c                C3Di_EffectBind
 .text.AttrInfo_Init
                0x0000000000104f28       0x28 C:/devkitPro/libctru/lib\libcitro3d.a(attribs.o)
                0x0000000000104f28                AttrInfo_Init
 .text.AttrInfo_AddLoader
                0x0000000000104f50       0x98 C:/devkitPro/libctru/lib\libcitro3d.a(attribs.o)
                0x0000000000104f50                AttrInfo_AddLoader
 .text.C3D_SetAttrInfo
                0x0000000000104fe8       0x54 C:/devkitPro/libctru/lib\libcitro3d.a(attribs.o)
                0x0000000000104fe8                C3D_SetAttrInfo
 .text.C3Di_AttrInfoBind
                0x000000000010503c       0x80 C:/devkitPro/libctru/lib\libcitro3d.a(attribs.o)
                0x000000000010503c                C3Di_AttrInfoBind
 .text.C3D_ImmSendAttrib
                0x00000000001050bc       0xa8 C:/devkitPro/libctru/lib\libcitro3d.a(immediate.o)
                0x00000000001050bc                C3D_ImmSendAttrib
 .text.C3D_UpdateUniforms
                0x0000000000105164      0x29c C:/devkitPro/libctru/lib\libcitro3d.a(uniforms.o)
                0x0000000000105164                C3D_UpdateUniforms
 .text.C3Di_DirtyUniforms
                0x0000000000105400       0xc0 C:/devkitPro/libctru/lib\libcitro3d.a(uniforms.o)
                0x0000000000105400                C3Di_DirtyUniforms
 .text.C3Di_LoadShaderUniforms
                0x00000000001054c0       0xd8 C:/devkitPro/libctru/lib\libcitro3d.a(uniforms.o)
                0x00000000001054c0                C3Di_LoadShaderUniforms
 .text.C3Di_ClearShaderUniforms
                0x0000000000105598       0x28 C:/devkitPro/libctru/lib\libcitro3d.a(uniforms.o)
                0x0000000000105598                C3Di_ClearShaderUniforms
 .text.Mtx_Ortho
                0x00000000001055c0       0xcc C:/devkitPro/libctru/lib\libcitro3d.a(mtx_ortho.o)
                0x00000000001055c0                Mtx_Ortho
 .text.Mtx_OrthoTilt
                0x000000000010568c       0xcc C:/devkitPro/libctru/lib\libcitro3d.a(mtx_orthotilt.o)
                0x000000000010568c                Mtx_OrthoTilt
 .text._ZL21addrMapNodeComparatorPK11rbtree_nodeS1_
                0x0000000000105758       0x24 C:/devkitPro/libctru/lib\libctru.a(vram.o)
 .text._ZL21addrMapNodeDestructorP11rbtree_node
                0x000000000010577c        0x4 C:/devkitPro/libctru/lib\libctru.a(vram.o)
 .text.vramMemAlign
                0x0000000000105780      0x114 C:/devkitPro/libctru/lib\libctru.a(vram.o)
                0x0000000000105780                vramMemAlign
 .text.vramAlloc
                0x0000000000105894        0x8 C:/devkitPro/libctru/lib\libctru.a(vram.o)
                0x0000000000105894                vramAlloc
 .text.vramFree
                0x000000000010589c       0x5c C:/devkitPro/libctru/lib\libctru.a(vram.o)
                0x000000000010589c                vramFree
 .text._ZL21addrMapNodeComparatorPK11rbtree_nodeS1_
                0x00000000001058f8       0x24 C:/devkitPro/libctru/lib\libctru.a(linear.o)
 .text._ZL21addrMapNodeDestructorP11rbtree_node
                0x000000000010591c        0x4 C:/devkitPro/libctru/lib\libctru.a(linear.o)
 .text.linearMemAlign
                0x0000000000105920      0x120 C:/devkitPro/libctru/lib\libctru.a(linear.o)
                0x0000000000105920                linearMemAlign
 .text.linearAlloc
                0x0000000000105a40        0x8 C:/devkitPro/libctru/lib\libctru.a(linear.o)
                0x0000000000105a40                linearAlloc
 .text.linearFree
                0x0000000000105a48       0x5c C:/devkitPro/libctru/lib\libctru.a(linear.o)
                0x0000000000105a48                linearFree
 .text._ZN7MemPool13CoalesceRightEP8MemBlock
                0x0000000000105aa4       0x84 C:/devkitPro/libctru/lib\libctru.a(mem_pool.o)
                0x0000000000105aa4                MemPool::CoalesceRight(MemBlock*)
 .text._ZN7MemPool8AllocateER8MemChunkmi
                0x0000000000105b28      0x170 C:/devkitPro/libctru/lib\libctru.a(mem_pool.o)
                0x0000000000105b28                MemPool::Allocate(MemChunk&, unsigned long, int)
 .text._ZN7MemPool10DeallocateERK8MemChunk
                0x0000000000105c98       0xfc C:/devkitPro/libctru/lib\libctru.a(mem_pool.o)
                0x0000000000105c98                MemPool::Deallocate(MemChunk const&)
 .text.romfs_close
                0x0000000000105d94        0x8 C:/devkitPro/libctru/lib\libctru.a(romfs_dev.o)
 .text.romfs_seek
                0x0000000000105d9c       0xc8 C:/devkitPro/libctru/lib\libctru.a(romfs_dev.o)
 .text.romfs_dirreset
                0x0000000000105e64       0x24 C:/devkitPro/libctru/lib\libctru.a(romfs_dev.o)
 .text.fill_dir
                0x0000000000105e88       0xc8 C:/devkitPro/libctru/lib\libctru.a(romfs_dev.o)
 .text.romfs_dirnext
                0x0000000000105f50      0x2b0 C:/devkitPro/libctru/lib\libctru.a(romfs_dev.o)
 .text.romfs_free
                0x0000000000106200       0x84 C:/devkitPro/libctru/lib\libctru.a(romfs_dev.o)
 .text.searchForFile.constprop.0
                0x0000000000106284       0xd4 C:/devkitPro/libctru/lib\libctru.a(romfs_dev.o)
 .text.searchForDir.constprop.0
                0x0000000000106358       0xd8 C:/devkitPro/libctru/lib\libctru.a(romfs_dev.o)
 .text.navigateToDir.constprop.0
                0x0000000000106430      0x1c0 C:/devkitPro/libctru/lib\libctru.a(romfs_dev.o)
 .text.romfs_open
                0x00000000001065f0      0x128 C:/devkitPro/libctru/lib\libctru.a(romfs_dev.o)
 .text.romfs_chdir
                0x0000000000106718       0x4c C:/devkitPro/libctru/lib\libctru.a(romfs_dev.o)
 .text.romfs_diropen
                0x0000000000106764       0x70 C:/devkitPro/libctru/lib\libctru.a(romfs_dev.o)
 .text.romfs_stat
                0x00000000001067d4      0x17c C:/devkitPro/libctru/lib\libctru.a(romfs_dev.o)
 .text.romfs_dirclose
                0x0000000000106950        0x8 C:/devkitPro/libctru/lib\libctru.a(romfs_dev.o)
 .text.romfs_fstat
                0x0000000000106958       0x7c C:/devkitPro/libctru/lib\libctru.a(romfs_dev.o)
 .text.romfs_read
                0x00000000001069d4       0xd4 C:/devkitPro/libctru/lib\libctru.a(romfs_dev.o)
 .text.romfsMountFromFile
                0x0000000000106aa8      0x290 C:/devkitPro/libctru/lib\libctru.a(romfs_dev.o)
                0x0000000000106aa8                romfsMountFromFile
 .text.romfsMountFromCurrentProcess
                0x0000000000106d38       0x98 C:/devkitPro/libctru/lib\libctru.a(romfs_dev.o)
                0x0000000000106d38                romfsMountFromCurrentProcess
 .text.romfsMountSelf
                0x0000000000106dd0      0x25c C:/devkitPro/libctru/lib\libctru.a(romfs_dev.o)
                0x0000000000106dd0                romfsMountSelf
 .text.romfsUnmount
                0x000000000010702c       0xac C:/devkitPro/libctru/lib\libctru.a(romfs_dev.o)
                0x000000000010702c                romfsUnmount
 .text.osConvertVirtToPhys
                0x00000000001070d8       0x74 C:/devkitPro/libctru/lib\libctru.a(os.o)
                0x00000000001070d8                osConvertVirtToPhys
 .text.osGetTimeRef
                0x000000000010714c       0x54 C:/devkitPro/libctru/lib\libctru.a(os.o)
                0x000000000010714c                osGetTimeRef
 .text.osGetTime
                0x00000000001071a0       0xe4 C:/devkitPro/libctru/lib\libctru.a(os.o)
                0x00000000001071a0                osGetTime
 .text.__libctru_gtod
                0x0000000000107284       0x74 C:/devkitPro/libctru/lib\libctru.a(os.o)
                0x0000000000107284                __libctru_gtod
 .text.osTickCounterRead
                0x00000000001072f8       0x38 C:/devkitPro/libctru/lib\libctru.a(os.o)
                0x00000000001072f8                osTickCounterRead
 .text.__ctru_speedup_config
                0x0000000000107330       0x34 C:/devkitPro/libctru/lib\libctru.a(os.o)
                0x0000000000107330                __ctru_speedup_config
 .text.consoleDrawChar
                0x0000000000107364      0x178 C:/devkitPro/libctru/lib\libctru.a(console.o)
                0x0000000000107364                consoleDrawChar
 .text.consolePrintChar
                0x00000000001074dc      0x124 C:/devkitPro/libctru/lib\libctru.a(console.o)
                0x00000000001074dc                consolePrintChar
 .text.con_write
                0x0000000000107600      0xa00 C:/devkitPro/libctru/lib\libctru.a(console.o)
                0x0000000000107600                con_write
 .text.consoleInit
                0x0000000000108000      0x168 C:/devkitPro/libctru/lib\libctru.a(console.o)
                0x0000000000108000                consoleInit
 .text.newRow   0x0000000000108168       0xf4 C:/devkitPro/libctru/lib\libctru.a(console.o)
 .text.gfxPresentFramebuffer
                0x000000000010825c       0xd0 C:/devkitPro/libctru/lib\libctru.a(gfx.o)
 .text.gfxIsWide
                0x000000000010832c       0x1c C:/devkitPro/libctru/lib\libctru.a(gfx.o)
                0x000000000010832c                gfxIsWide
 .text.gfxSetScreenFormat
                0x0000000000108348       0xec C:/devkitPro/libctru/lib\libctru.a(gfx.o)
                0x0000000000108348                gfxSetScreenFormat
 .text.gfxSetDoubleBuffering
                0x0000000000108434       0x10 C:/devkitPro/libctru/lib\libctru.a(gfx.o)
                0x0000000000108434                gfxSetDoubleBuffering
 .text.gfxInit  0x0000000000108444      0x108 C:/devkitPro/libctru/lib\libctru.a(gfx.o)
                0x0000000000108444                gfxInit
 .text.gfxInitDefault
                0x000000000010854c       0x10 C:/devkitPro/libctru/lib\libctru.a(gfx.o)
                0x000000000010854c                gfxInitDefault
 .text.gfxExit  0x000000000010855c       0xb4 C:/devkitPro/libctru/lib\libctru.a(gfx.o)
                0x000000000010855c                gfxExit
 .text.gfxGetFramebuffer
                0x0000000000108610       0xa0 C:/devkitPro/libctru/lib\libctru.a(gfx.o)
                0x0000000000108610                gfxGetFramebuffer
 .text.gfxFlushBuffers
                0x00000000001086b0      0x10c C:/devkitPro/libctru/lib\libctru.a(gfx.o)
                0x00000000001086b0                gfxFlushBuffers
 .text.gfxScreenSwapBuffers
                0x00000000001087bc       0x30 C:/devkitPro/libctru/lib\libctru.a(gfx.o)
                0x00000000001087bc                gfxScreenSwapBuffers
 .text.gfxSwapBuffersGpu
                0x00000000001087ec       0x50 C:/devkitPro/libctru/lib\libctru.a(gfx.o)
                0x00000000001087ec                gfxSwapBuffersGpu
 .text.threadCreate
                0x000000000010883c      0x188 C:/devkitPro/libctru/lib\libctru.a(thread.o)
                0x000000000010883c                threadCreate
 .text.threadFree
                0x00000000001089c4       0x2c C:/devkitPro/libctru/lib\libctru.a(thread.o)
                0x00000000001089c4                threadFree
 .text.threadJoin
                0x00000000001089f0       0x24 C:/devkitPro/libctru/lib\libctru.a(thread.o)
                0x00000000001089f0                threadJoin
 .text.threadGetCurrent
                0x0000000000108a14       0x30 C:/devkitPro/libctru/lib\libctru.a(thread.o)
                0x0000000000108a14                threadGetCurrent
 .text.threadExit
                0x0000000000108a44       0x40 C:/devkitPro/libctru/lib\libctru.a(thread.o)
                0x0000000000108a44                threadExit
 .text._thread_begin
                0x0000000000108a84       0x44 C:/devkitPro/libctru/lib\libctru.a(thread.o)
 .text.shaderInstanceInit
                0x0000000000108ac8      0x1e0 C:/devkitPro/libctru/lib\libctru.a(shaderProgram.o)
                0x0000000000108ac8                shaderInstanceInit
 .text.shaderInstanceGetUniformLocation
                0x0000000000108ca8       0x18 C:/devkitPro/libctru/lib\libctru.a(shaderProgram.o)
                0x0000000000108ca8                shaderInstanceGetUniformLocation
 .text.shaderProgramInit
                0x0000000000108cc0       0x1c C:/devkitPro/libctru/lib\libctru.a(shaderProgram.o)
                0x0000000000108cc0                shaderProgramInit
 .text.shaderProgramFree
                0x0000000000108cdc       0x64 C:/devkitPro/libctru/lib\libctru.a(shaderProgram.o)
                0x0000000000108cdc                shaderProgramFree
 .text.shaderProgramSetVsh
                0x0000000000108d40       0x80 C:/devkitPro/libctru/lib\libctru.a(shaderProgram.o)
                0x0000000000108d40                shaderProgramSetVsh
 .text.shaderProgramConfigure
                0x0000000000108dc0      0x8c0 C:/devkitPro/libctru/lib\libctru.a(shaderProgram.o)
                0x0000000000108dc0                shaderProgramConfigure
 .text.DVLE_GenerateOutmap.part.0
                0x0000000000109680      0x1f8 C:/devkitPro/libctru/lib\libctru.a(shbin.o)
 .text.DVLB_ParseFile
                0x0000000000109878      0x1cc C:/devkitPro/libctru/lib\libctru.a(shbin.o)
                0x0000000000109878                DVLB_ParseFile
 .text.DVLB_Free
                0x0000000000109a44       0x38 C:/devkitPro/libctru/lib\libctru.a(shbin.o)
                0x0000000000109a44                DVLB_Free
 .text.DVLE_GetUniformRegister
                0x0000000000109a7c       0x74 C:/devkitPro/libctru/lib\libctru.a(shbin.o)
                0x0000000000109a7c                DVLE_GetUniformRegister
 .text.GX_BindQueue
                0x0000000000109af0       0x10 C:/devkitPro/libctru/lib\libctru.a(gx.o)
                0x0000000000109af0                GX_BindQueue
 .text.GX_ProcessCommandList
                0x0000000000109b00       0x78 C:/devkitPro/libctru/lib\libctru.a(gx.o)
                0x0000000000109b00                GX_ProcessCommandList
 .text.GX_MemoryFill
                0x0000000000109b78       0x74 C:/devkitPro/libctru/lib\libctru.a(gx.o)
                0x0000000000109b78                GX_MemoryFill
 .text.GX_DisplayTransfer
                0x0000000000109bec       0x70 C:/devkitPro/libctru/lib\libctru.a(gx.o)
                0x0000000000109bec                GX_DisplayTransfer
 .text.GX_TextureCopy
                0x0000000000109c5c       0x74 C:/devkitPro/libctru/lib\libctru.a(gx.o)
                0x0000000000109c5c                GX_TextureCopy
 .text.gxCmdQueueDoCommands.part.0
                0x0000000000109cd0       0x68 C:/devkitPro/libctru/lib\libctru.a(gxqueue.o)
 .text.gxCmdQueueInterrupt
                0x0000000000109d38       0xc8 C:/devkitPro/libctru/lib\libctru.a(gxqueue.o)
                0x0000000000109d38                gxCmdQueueInterrupt
 .text.gxCmdQueueClear
                0x0000000000109e00       0x4c C:/devkitPro/libctru/lib\libctru.a(gxqueue.o)
                0x0000000000109e00                gxCmdQueueClear
 .text.gxCmdQueueAdd
                0x0000000000109e4c       0xf8 C:/devkitPro/libctru/lib\libctru.a(gxqueue.o)
                0x0000000000109e4c                gxCmdQueueAdd
 .text.gxCmdQueueRun
                0x0000000000109f44       0x80 C:/devkitPro/libctru/lib\libctru.a(gxqueue.o)
                0x0000000000109f44                gxCmdQueueRun
 .text.gxCmdQueueStop
                0x0000000000109fc4       0x60 C:/devkitPro/libctru/lib\libctru.a(gxqueue.o)
                0x0000000000109fc4                gxCmdQueueStop
 .text.gxCmdQueueWait
                0x000000000010a024       0x74 C:/devkitPro/libctru/lib\libctru.a(gxqueue.o)
                0x000000000010a024                gxCmdQueueWait
 .text.GPUCMD_Add
                0x000000000010a098      0x13c C:/devkitPro/libctru/lib\libctru.a(gpu.o)
                0x000000000010a098                GPUCMD_Add
 .text.GPUCMD_Split
                0x000000000010a1d4       0xac C:/devkitPro/libctru/lib\libctru.a(gpu.o)
                0x000000000010a1d4                GPUCMD_Split
 .text.f32tof16
                0x000000000010a280       0x40 C:/devkitPro/libctru/lib\libctru.a(gpu.o)
                0x000000000010a280                f32tof16
 .text.f32tof24
                0x000000000010a2c0       0x40 C:/devkitPro/libctru/lib\libctru.a(gpu.o)
                0x000000000010a2c0                f32tof24
 .text.f32tof31
                0x000000000010a300       0x44 C:/devkitPro/libctru/lib\libctru.a(gpu.o)
                0x000000000010a300                f32tof31
 .text.gspHardwareInit
                0x000000000010a344      0xc58 C:/devkitPro/libctru/lib\libctru.a(gspgpu.o)
 .text.gspInit  0x000000000010af9c      0x254 C:/devkitPro/libctru/lib\libctru.a(gspgpu.o)
                0x000000000010af9c                gspInit
 .text.gspExit  0x000000000010b1f0       0xf0 C:/devkitPro/libctru/lib\libctru.a(gspgpu.o)
                0x000000000010b1f0                gspExit
 .text.gspHasGpuRight
                0x000000000010b2e0       0x10 C:/devkitPro/libctru/lib\libctru.a(gspgpu.o)
                0x000000000010b2e0                gspHasGpuRight
 .text.gspPresentBuffer
                0x000000000010b2f0       0x98 C:/devkitPro/libctru/lib\libctru.a(gspgpu.o)
                0x000000000010b2f0                gspPresentBuffer
 .text.gspSetEventCallback
                0x000000000010b388       0x30 C:/devkitPro/libctru/lib\libctru.a(gspgpu.o)
                0x000000000010b388                gspSetEventCallback
 .text.gspWaitForEvent
                0x000000000010b3b8       0x50 C:/devkitPro/libctru/lib\libctru.a(gspgpu.o)
                0x000000000010b3b8                gspWaitForEvent
 .text.gspWaitForAnyEvent
                0x000000000010b408       0x4c C:/devkitPro/libctru/lib\libctru.a(gspgpu.o)
                0x000000000010b408                gspWaitForAnyEvent
 .text.gspEventThreadMain
                0x000000000010b454      0x160 C:/devkitPro/libctru/lib\libctru.a(gspgpu.o)
 .text.gspSubmitGxCommand
                0x000000000010b5b4      0x130 C:/devkitPro/libctru/lib\libctru.a(gspgpu.o)
                0x000000000010b5b4                gspSubmitGxCommand
 .text.GSPGPU_FlushDataCache
                0x000000000010b6e4       0x50 C:/devkitPro/libctru/lib\libctru.a(gspgpu.o)
                0x000000000010b6e4                GSPGPU_FlushDataCache
 .text.GSPGPU_SetLcdForceBlack
                0x000000000010b734       0x34 C:/devkitPro/libctru/lib\libctru.a(gspgpu.o)
                0x000000000010b734                GSPGPU_SetLcdForceBlack
 .text.GSPGPU_AcquireRight
                0x000000000010b768       0x68 C:/devkitPro/libctru/lib\libctru.a(gspgpu.o)
                0x000000000010b768                GSPGPU_AcquireRight
 .text.GSPGPU_ReleaseRight
                0x000000000010b7d0       0x48 C:/devkitPro/libctru/lib\libctru.a(gspgpu.o)
                0x000000000010b7d0                GSPGPU_ReleaseRight
 .text.GSPGPU_ImportDisplayCaptureInfo
                0x000000000010b818       0x7c C:/devkitPro/libctru/lib\libctru.a(gspgpu.o)
                0x000000000010b818                GSPGPU_ImportDisplayCaptureInfo
 .text.GSPGPU_SaveVramSysArea
                0x000000000010b894       0x2c C:/devkitPro/libctru/lib\libctru.a(gspgpu.o)
                0x000000000010b894                GSPGPU_SaveVramSysArea
 .text.GSPGPU_RestoreVramSysArea
                0x000000000010b8c0       0x2c C:/devkitPro/libctru/lib\libctru.a(gspgpu.o)
                0x000000000010b8c0                GSPGPU_RestoreVramSysArea
 .text.aptConvertScreenForCapture
                0x000000000010b8ec      0x1b0 C:/devkitPro/libctru/lib\libctru.a(apt.o)
 .text.aptDspSleep
                0x000000000010ba9c        0x8 C:/devkitPro/libctru/lib\libctru.a(apt.o)
                0x000000000010ba9c                aptDspSleep
 .text.aptDspWakeup
                0x000000000010baa4        0x4 C:/devkitPro/libctru/lib\libctru.a(apt.o)
                0x000000000010baa4                aptDspWakeup
 .text.aptDspCancel
                0x000000000010baa8        0x4 C:/devkitPro/libctru/lib\libctru.a(apt.o)
                0x000000000010baa8                aptDspCancel
 .text.aptSendCommand
                0x000000000010baac      0x15c C:/devkitPro/libctru/lib\libctru.a(apt.o)
                0x000000000010baac                aptSendCommand
 .text.aptExitProcess
                0x000000000010bc08       0x38 C:/devkitPro/libctru/lib\libctru.a(apt.o)
 .text.aptExit  0x000000000010bc40      0x2f0 C:/devkitPro/libctru/lib\libctru.a(apt.o)
                0x000000000010bc40                aptExit
 .text.aptHandleSleep
                0x000000000010bf30       0xd8 C:/devkitPro/libctru/lib\libctru.a(apt.o)
                0x000000000010bf30                aptHandleSleep
 .text.aptHook  0x000000000010c008       0x30 C:/devkitPro/libctru/lib\libctru.a(apt.o)
                0x000000000010c008                aptHook
 .text.aptUnhook
                0x000000000010c038       0x30 C:/devkitPro/libctru/lib\libctru.a(apt.o)
                0x000000000010c038                aptUnhook
 .text.APT_SleepIfShellClosed
                0x000000000010c068       0x84 C:/devkitPro/libctru/lib\libctru.a(apt.o)
                0x000000000010c068                APT_SleepIfShellClosed
 .text.aptSetSleepAllowed
                0x000000000010c0ec       0x84 C:/devkitPro/libctru/lib\libctru.a(apt.o)
                0x000000000010c0ec                aptSetSleepAllowed
 .text.APT_UnlockTransition
                0x000000000010c170       0x84 C:/devkitPro/libctru/lib\libctru.a(apt.o)
                0x000000000010c170                APT_UnlockTransition
 *fill*         0x000000000010c1f4        0x4 
 .text.aptEventHandler
                0x000000000010c1f8      0x484 C:/devkitPro/libctru/lib\libctru.a(apt.o)
 .text.APT_ReceiveParameter
                0x000000000010c67c       0xb0 C:/devkitPro/libctru/lib\libctru.a(apt.o)
                0x000000000010c67c                APT_ReceiveParameter
 .text.aptReceiveParameter.constprop.0
                0x000000000010c72c       0xb0 C:/devkitPro/libctru/lib\libctru.a(apt.o)
 *fill*         0x000000000010c7dc        0x4 
 .text.aptScreenTransfer
                0x000000000010c7e0      0x2bc C:/devkitPro/libctru/lib\libctru.a(apt.o)
 .text.aptWaitForWakeUp.isra.0
                0x000000000010ca9c      0x2d0 C:/devkitPro/libctru/lib\libctru.a(apt.o)
 .text.aptJumpToHomeMenu
                0x000000000010cd6c       0xf8 C:/devkitPro/libctru/lib\libctru.a(apt.o)
                0x000000000010cd6c                aptJumpToHomeMenu
 .text.aptMainLoop
                0x000000000010ce64       0x4c C:/devkitPro/libctru/lib\libctru.a(apt.o)
                0x000000000010ce64                aptMainLoop
 .text.aptInit  0x000000000010ceb0      0x234 C:/devkitPro/libctru/lib\libctru.a(apt.o)
                0x000000000010ceb0                aptInit
 .text.APT_CheckNew3DS
                0x000000000010d0e4       0x7c C:/devkitPro/libctru/lib\libctru.a(apt.o)
                0x000000000010d0e4                APT_CheckNew3DS
 .text.hidShouldUseIrrst
                0x000000000010d160       0x24 C:/devkitPro/libctru/lib\libctru.a(hid.o)
                0x000000000010d160                hidShouldUseIrrst
 .text.hidInit  0x000000000010d184      0x18c C:/devkitPro/libctru/lib\libctru.a(hid.o)
                0x000000000010d184                hidInit
 .text.hidExit  0x000000000010d310       0xe8 C:/devkitPro/libctru/lib\libctru.a(hid.o)
                0x000000000010d310                hidExit
 .text.hidScanInput
                0x000000000010d3f8      0x294 C:/devkitPro/libctru/lib\libctru.a(hid.o)
                0x000000000010d3f8                hidScanInput
 .text.hidKeysHeld
                0x000000000010d68c       0x10 C:/devkitPro/libctru/lib\libctru.a(hid.o)
                0x000000000010d68c                hidKeysHeld
 .text.hidKeysDown
                0x000000000010d69c       0x10 C:/devkitPro/libctru/lib\libctru.a(hid.o)
                0x000000000010d69c                hidKeysDown
 .text.ptmSysmInit
                0x000000000010d6ac       0x74 C:/devkitPro/libctru/lib\libctru.a(ptmsysm.o)
                0x000000000010d6ac                ptmSysmInit
 .text.ptmSysmExit
                0x000000000010d720       0x3c C:/devkitPro/libctru/lib\libctru.a(ptmsysm.o)
                0x000000000010d720                ptmSysmExit
 .text.PTMSYSM_ConfigureNew3DSCPU
                0x000000000010d75c       0x34 C:/devkitPro/libctru/lib\libctru.a(ptmsysm.o)
                0x000000000010d75c                PTMSYSM_ConfigureNew3DSCPU
 .text.fsInit   0x000000000010d790       0xc8 C:/devkitPro/libctru/lib\libctru.a(fs.o)
                0x000000000010d790                fsInit
 .text.fsExit   0x000000000010d858       0x3c C:/devkitPro/libctru/lib\libctru.a(fs.o)
                0x000000000010d858                fsExit
 .text.fsExemptFromSession
                0x000000000010d894       0x60 C:/devkitPro/libctru/lib\libctru.a(fs.o)
                0x000000000010d894                fsExemptFromSession
 .text.fsUnexemptFromSession
                0x000000000010d8f4       0x50 C:/devkitPro/libctru/lib\libctru.a(fs.o)
                0x000000000010d8f4                fsUnexemptFromSession
 .text.FSUSER_OpenFile
                0x000000000010d944       0xcc C:/devkitPro/libctru/lib\libctru.a(fs.o)
                0x000000000010d944                FSUSER_OpenFile
 .text.FSUSER_OpenFileDirectly
                0x000000000010da10       0xd4 C:/devkitPro/libctru/lib\libctru.a(fs.o)
                0x000000000010da10                FSUSER_OpenFileDirectly
 .text.FSUSER_DeleteFile
                0x000000000010dae4       0xbc C:/devkitPro/libctru/lib\libctru.a(fs.o)
                0x000000000010dae4                FSUSER_DeleteFile
 .text.FSUSER_RenameFile
                0x000000000010dba0       0xf8 C:/devkitPro/libctru/lib\libctru.a(fs.o)
                0x000000000010dba0                FSUSER_RenameFile
 .text.FSUSER_DeleteDirectory
                0x000000000010dc98       0xbc C:/devkitPro/libctru/lib\libctru.a(fs.o)
                0x000000000010dc98                FSUSER_DeleteDirectory
 .text.FSUSER_CreateFile
                0x000000000010dd54       0xd4 C:/devkitPro/libctru/lib\libctru.a(fs.o)
                0x000000000010dd54                FSUSER_CreateFile
 .text.FSUSER_CreateDirectory
                0x000000000010de28       0xc4 C:/devkitPro/libctru/lib\libctru.a(fs.o)
                0x000000000010de28                FSUSER_CreateDirectory
 .text.FSUSER_RenameDirectory
                0x000000000010deec       0xf8 C:/devkitPro/libctru/lib\libctru.a(fs.o)
                0x000000000010deec                FSUSER_RenameDirectory
 .text.FSUSER_OpenDirectory
                0x000000000010dfe4       0xb4 C:/devkitPro/libctru/lib\libctru.a(fs.o)
                0x000000000010dfe4                FSUSER_OpenDirectory
 .text.FSUSER_OpenArchive
                0x000000000010e098       0x94 C:/devkitPro/libctru/lib\libctru.a(fs.o)
                0x000000000010e098                FSUSER_OpenArchive
 .text.FSUSER_CloseArchive
                0x000000000010e12c       0x8c C:/devkitPro/libctru/lib\libctru.a(fs.o)
                0x000000000010e12c                FSUSER_CloseArchive
 .text.FSUSER_GetSdmcArchiveResource
                0x000000000010e1b8       0x74 C:/devkitPro/libctru/lib\libctru.a(fs.o)
                0x000000000010e1b8                FSUSER_GetSdmcArchiveResource
 .text.FSUSER_IsSdmcWritable
                0x000000000010e22c       0x64 C:/devkitPro/libctru/lib\libctru.a(fs.o)
                0x000000000010e22c                FSUSER_IsSdmcWritable
 .text.FSFILE_Read
                0x000000000010e290       0x58 C:/devkitPro/libctru/lib\libctru.a(fs.o)
                0x000000000010e290                FSFILE_Read
 .text.FSFILE_Write
                0x000000000010e2e8       0x60 C:/devkitPro/libctru/lib\libctru.a(fs.o)
                0x000000000010e2e8                FSFILE_Write
 .text.FSFILE_GetSize
                0x000000000010e348       0x38 C:/devkitPro/libctru/lib\libctru.a(fs.o)
                0x000000000010e348                FSFILE_GetSize
 .text.FSFILE_SetSize
                0x000000000010e380       0x28 C:/devkitPro/libctru/lib\libctru.a(fs.o)
                0x000000000010e380                FSFILE_SetSize
 .text.FSFILE_Close
                0x000000000010e3a8       0x3c C:/devkitPro/libctru/lib\libctru.a(fs.o)
                0x000000000010e3a8                FSFILE_Close
 .text.FSFILE_Flush
                0x000000000010e3e4       0x24 C:/devkitPro/libctru/lib\libctru.a(fs.o)
                0x000000000010e3e4                FSFILE_Flush
 .text.FSDIR_Read
                0x000000000010e408       0x50 C:/devkitPro/libctru/lib\libctru.a(fs.o)
                0x000000000010e408                FSDIR_Read
 .text.FSDIR_Close
                0x000000000010e458       0x3c C:/devkitPro/libctru/lib\libctru.a(fs.o)
                0x000000000010e458                FSDIR_Close
 .text.buffer_read
                0x000000000010e494       0xcc C:/devkitPro/libctru/lib\libctru.a(decompress.o)
 .text.iov_read
                0x000000000010e560       0xd0 C:/devkitPro/libctru/lib\libctru.a(decompress.o)
 .text.iov_memmove
                0x000000000010e630      0x128 C:/devkitPro/libctru/lib\libctru.a(decompress.o)
 .text.decompress_rle
                0x000000000010e758      0x1d8 C:/devkitPro/libctru/lib\libctru.a(decompress.o)
 .text.decompress_lzss
                0x000000000010e930      0x258 C:/devkitPro/libctru/lib\libctru.a(decompress.o)
 .text.decompress_huff.part.0
                0x000000000010eb88      0x2ec C:/devkitPro/libctru/lib\libctru.a(decompress.o)
 .text.decompress_lz11
                0x000000000010ee74      0x440 C:/devkitPro/libctru/lib\libctru.a(decompress.o)
 .text.decompressCallback_Stdio
                0x000000000010f2b4       0x10 C:/devkitPro/libctru/lib\libctru.a(decompress.o)
                0x000000000010f2b4                decompressCallback_Stdio
 .text.decompressHeader
                0x000000000010f2c4       0xe4 C:/devkitPro/libctru/lib\libctru.a(decompress.o)
                0x000000000010f2c4                decompressHeader
 .text.decompressV
                0x000000000010f3a8      0x250 C:/devkitPro/libctru/lib\libctru.a(decompress.o)
                0x000000000010f3a8                decompressV
 .text.rbtree_init
                0x000000000010f5f8       0x10 C:/devkitPro/libctru/lib\libctru.a(rbtree_init.o)
                0x000000000010f5f8                rbtree_init
 .text.do_insert
                0x000000000010f608      0x1a0 C:/devkitPro/libctru/lib\libctru.a(rbtree_insert.o)
 .text.rbtree_insert
                0x000000000010f7a8        0x8 C:/devkitPro/libctru/lib\libctru.a(rbtree_insert.o)
                0x000000000010f7a8                rbtree_insert
 .text.rbtree_rotate
                0x000000000010f7b0       0x90 C:/devkitPro/libctru/lib\libctru.a(rbtree_rotate.o)
                0x000000000010f7b0                rbtree_rotate
 .text.rbtree_remove
                0x000000000010f840      0x338 C:/devkitPro/libctru/lib\libctru.a(rbtree_remove.o)
                0x000000000010f840                rbtree_remove
 .text.rbtree_find
                0x000000000010fb78       0x74 C:/devkitPro/libctru/lib\libctru.a(rbtree_find.o)
                0x000000000010fb78                rbtree_find
 .text.utf16_to_utf8
                0x000000000010fbec       0xe8 C:/devkitPro/libctru/lib\libctru.a(utf16_to_utf8.o)
                0x000000000010fbec                utf16_to_utf8
 .text.decode_utf16
                0x000000000010fcd4       0x64 C:/devkitPro/libctru/lib\libctru.a(decode_utf16.o)
                0x000000000010fcd4                decode_utf16
 .text.utf8_to_utf16
                0x000000000010fd38       0xc0 C:/devkitPro/libctru/lib\libctru.a(utf8_to_utf16.o)
                0x000000000010fd38                utf8_to_utf16
 .text.__system_allocateHeaps
                0x000000000010fdf8      0x1e0 C:/devkitPro/libctru/lib\libctru.a(allocateHeaps.o)
                0x000000000010fdf8                __system_allocateHeaps
 .text.__libctru_init
                0x000000000010ffd8       0x38 C:/devkitPro/libctru/lib\libctru.a(ctru_init.o)
                0x000000000010ffd8                __libctru_init
 .text.__system_initArgv
                0x0000000000110010       0xf0 C:/devkitPro/libctru/lib\libctru.a(initArgv.o)
                0x0000000000110010                __system_initArgv
 .text.svcControlMemory
                0x0000000000110100       0x20 C:/devkitPro/libctru/lib\libctru.a(svc.o)
                0x0000000000110100                svcControlMemory
 .text.svcQueryMemory
                0x0000000000110120       0x30 C:/devkitPro/libctru/lib\libctru.a(svc.o)
                0x0000000000110120                svcQueryMemory
 .text.svcExitProcess
                0x0000000000110150        0x8 C:/devkitPro/libctru/lib\libctru.a(svc.o)
                0x0000000000110150                svcExitProcess
 .text.svcCreateThread
                0x0000000000110158       0x20 C:/devkitPro/libctru/lib\libctru.a(svc.o)
                0x0000000000110158                svcCreateThread
 .text.svcExitThread
                0x0000000000110178        0x8 C:/devkitPro/libctru/lib\libctru.a(svc.o)
                0x0000000000110178                svcExitThread
 .text.svcSleepThread
                0x0000000000110180        0x8 C:/devkitPro/libctru/lib\libctru.a(svc.o)
                0x0000000000110180                svcSleepThread
 .text.svcGetThreadPriority
                0x0000000000110188       0x14 C:/devkitPro/libctru/lib\libctru.a(svc.o)
                0x0000000000110188                svcGetThreadPriority
 .text.svcReleaseMutex
                0x000000000011019c        0x8 C:/devkitPro/libctru/lib\libctru.a(svc.o)
                0x000000000011019c                svcReleaseMutex
 .text.svcCreateEvent
                0x00000000001101a4       0x14 C:/devkitPro/libctru/lib\libctru.a(svc.o)
                0x00000000001101a4                svcCreateEvent
 .text.svcSignalEvent
                0x00000000001101b8        0x8 C:/devkitPro/libctru/lib\libctru.a(svc.o)
                0x00000000001101b8                svcSignalEvent
 .text.svcClearEvent
                0x00000000001101c0        0x8 C:/devkitPro/libctru/lib\libctru.a(svc.o)
                0x00000000001101c0                svcClearEvent
 .text.svcMapMemoryBlock
                0x00000000001101c8        0x8 C:/devkitPro/libctru/lib\libctru.a(svc.o)
                0x00000000001101c8                svcMapMemoryBlock
 .text.svcUnmapMemoryBlock
                0x00000000001101d0        0x8 C:/devkitPro/libctru/lib\libctru.a(svc.o)
                0x00000000001101d0                svcUnmapMemoryBlock
 .text.svcCreateAddressArbiter
                0x00000000001101d8       0x14 C:/devkitPro/libctru/lib\libctru.a(svc.o)
                0x00000000001101d8                svcCreateAddressArbiter
 .text.svcArbitrateAddressNoTimeout
                0x00000000001101ec        0x8 C:/devkitPro/libctru/lib\libctru.a(svc.o)
                0x00000000001101ec                svcArbitrateAddressNoTimeout
 .text.svcCloseHandle
                0x00000000001101f4        0x8 C:/devkitPro/libctru/lib\libctru.a(svc.o)
                0x00000000001101f4                svcCloseHandle
 .text.svcWaitSynchronization
                0x00000000001101fc        0x8 C:/devkitPro/libctru/lib\libctru.a(svc.o)
                0x00000000001101fc                svcWaitSynchronization
 .text.svcWaitSynchronizationN
                0x0000000000110204       0x28 C:/devkitPro/libctru/lib\libctru.a(svc.o)
                0x0000000000110204                svcWaitSynchronizationN
 .text.svcDuplicateHandle
                0x000000000011022c       0x14 C:/devkitPro/libctru/lib\libctru.a(svc.o)
                0x000000000011022c                svcDuplicateHandle
 .text.svcGetSystemTick
                0x0000000000110240        0x8 C:/devkitPro/libctru/lib\libctru.a(svc.o)
                0x0000000000110240                svcGetSystemTick
 .text.svcConnectToPort
                0x0000000000110248       0x14 C:/devkitPro/libctru/lib\libctru.a(svc.o)
                0x0000000000110248                svcConnectToPort
 .text.svcSendSyncRequest
                0x000000000011025c        0x8 C:/devkitPro/libctru/lib\libctru.a(svc.o)
                0x000000000011025c                svcSendSyncRequest
 .text.svcGetResourceLimit
                0x0000000000110264       0x14 C:/devkitPro/libctru/lib\libctru.a(svc.o)
                0x0000000000110264                svcGetResourceLimit
 .text.svcGetResourceLimitLimitValues
                0x0000000000110278        0x8 C:/devkitPro/libctru/lib\libctru.a(svc.o)
                0x0000000000110278                svcGetResourceLimitLimitValues
 .text.svcGetResourceLimitCurrentValues
                0x0000000000110280        0x8 C:/devkitPro/libctru/lib\libctru.a(svc.o)
                0x0000000000110280                svcGetResourceLimitCurrentValues
 .text.svcBreak
                0x0000000000110288        0x8 C:/devkitPro/libctru/lib\libctru.a(svc.o)
                0x0000000000110288                svcBreak
 .text.initSystem
                0x0000000000110290       0x50 C:/devkitPro/libctru/lib\libctru.a(stack_adjust.o)
                0x0000000000110290                initSystem
 .text.__ctru_exit
                0x00000000001102e0       0x18 C:/devkitPro/libctru/lib\libctru.a(stack_adjust.o)
                0x00000000001102e0                __ctru_exit
 .text.__aeabi_read_tp
                0x00000000001102f8        0xc C:/devkitPro/libctru/lib\libctru.a(readtp.o)
                0x00000000001102f8                __aeabi_read_tp
 .text.__sync_init
                0x0000000000110304        0xc C:/devkitPro/libctru/lib\libctru.a(synchronization.o)
                0x0000000000110304                __sync_init
 .text.__sync_fini
                0x0000000000110310       0x18 C:/devkitPro/libctru/lib\libctru.a(synchronization.o)
                0x0000000000110310                __sync_fini
 .text.syncArbitrateAddress
                0x0000000000110328       0x2c C:/devkitPro/libctru/lib\libctru.a(synchronization.o)
                0x0000000000110328                syncArbitrateAddress
 .text.LightLock_Init
                0x0000000000110354       0x1c C:/devkitPro/libctru/lib\libctru.a(synchronization.o)
                0x0000000000110354                LightLock_Init
 .text.LightLock_Lock
                0x0000000000110370       0x94 C:/devkitPro/libctru/lib\libctru.a(synchronization.o)
                0x0000000000110370                LightLock_Lock
 .text.LightLock_TryLock
                0x0000000000110404       0x44 C:/devkitPro/libctru/lib\libctru.a(synchronization.o)
                0x0000000000110404                LightLock_TryLock
 .text.LightLock_Unlock
                0x0000000000110448       0x40 C:/devkitPro/libctru/lib\libctru.a(synchronization.o)
                0x0000000000110448                LightLock_Unlock
 .text.RecursiveLock_Init
                0x0000000000110488       0x24 C:/devkitPro/libctru/lib\libctru.a(synchronization.o)
                0x0000000000110488                RecursiveLock_Init
 .text.RecursiveLock_Lock
                0x00000000001104ac       0x30 C:/devkitPro/libctru/lib\libctru.a(synchronization.o)
                0x00000000001104ac                RecursiveLock_Lock
 .text.RecursiveLock_TryLock
                0x00000000001104dc       0x78 C:/devkitPro/libctru/lib\libctru.a(synchronization.o)
                0x00000000001104dc                RecursiveLock_TryLock
 .text.RecursiveLock_Unlock
                0x0000000000110554       0x54 C:/devkitPro/libctru/lib\libctru.a(synchronization.o)
                0x0000000000110554                RecursiveLock_Unlock
 .text.LightEvent_Init
                0x00000000001105a8       0x40 C:/devkitPro/libctru/lib\libctru.a(synchronization.o)
                0x00000000001105a8                LightEvent_Init
 .text.LightEvent_Clear
                0x00000000001105e8       0xa4 C:/devkitPro/libctru/lib\libctru.a(synchronization.o)
                0x00000000001105e8                LightEvent_Clear
 .text.LightEvent_Signal
                0x000000000011068c       0xc8 C:/devkitPro/libctru/lib\libctru.a(synchronization.o)
                0x000000000011068c                LightEvent_Signal
 .text.LightEvent_TryWait
                0x0000000000110754       0x58 C:/devkitPro/libctru/lib\libctru.a(synchronization.o)
                0x0000000000110754                LightEvent_TryWait
 .text.LightEvent_Wait
                0x00000000001107ac       0xb0 C:/devkitPro/libctru/lib\libctru.a(synchronization.o)
                0x00000000001107ac                LightEvent_Wait
 .text.envGetHandle
                0x000000000011085c       0x84 C:/devkitPro/libctru/lib\libctru.a(env.o)
                0x000000000011085c                envGetHandle
 .text.envDestroyHandles
                0x00000000001108e0       0x50 C:/devkitPro/libctru/lib\libctru.a(env.o)
                0x00000000001108e0                envDestroyHandles
 .text.srvInit  0x0000000000110930      0x124 C:/devkitPro/libctru/lib\libctru.a(srv.o)
                0x0000000000110930                srvInit
 .text.srvExit  0x0000000000110a54       0x58 C:/devkitPro/libctru/lib\libctru.a(srv.o)
                0x0000000000110a54                srvExit
 .text.srvGetServiceHandleDirect
                0x0000000000110aac       0x80 C:/devkitPro/libctru/lib\libctru.a(srv.o)
                0x0000000000110aac                srvGetServiceHandleDirect
 .text.srvGetServiceHandle
                0x0000000000110b2c       0x48 C:/devkitPro/libctru/lib\libctru.a(srv.o)
                0x0000000000110b2c                srvGetServiceHandle
 .text.srvPublishToSubscriber
                0x0000000000110b74       0x38 C:/devkitPro/libctru/lib\libctru.a(srv.o)
                0x0000000000110b74                srvPublishToSubscriber
 .text.mappableFindAddressWithin
                0x0000000000110bac       0x94 C:/devkitPro/libctru/lib\libctru.a(mappable.o)
 .text.mappableInit
                0x0000000000110c40       0x28 C:/devkitPro/libctru/lib\libctru.a(mappable.o)
                0x0000000000110c40                mappableInit
 .text.mappableAlloc
                0x0000000000110c68       0x80 C:/devkitPro/libctru/lib\libctru.a(mappable.o)
                0x0000000000110c68                mappableAlloc
 .text.mappableFree
                0x0000000000110ce8        0x4 C:/devkitPro/libctru/lib\libctru.a(mappable.o)
                0x0000000000110ce8                mappableFree
 .text.irrstInit
                0x0000000000110cec      0x160 C:/devkitPro/libctru/lib\libctru.a(irrst.o)
                0x0000000000110cec                irrstInit
 .text.irrstExit
                0x0000000000110e4c       0xcc C:/devkitPro/libctru/lib\libctru.a(irrst.o)
                0x0000000000110e4c                irrstExit
 .text.irrstScanInput
                0x0000000000110f18       0xb0 C:/devkitPro/libctru/lib\libctru.a(irrst.o)
                0x0000000000110f18                irrstScanInput
 .text.irrstKeysHeld
                0x0000000000110fc8       0x24 C:/devkitPro/libctru/lib\libctru.a(irrst.o)
                0x0000000000110fc8                irrstKeysHeld
 .text.srvPmGetSessionHandle
                0x0000000000110fec        0xc C:/devkitPro/libctru/lib\libctru.a(srvpm.o)
                0x0000000000110fec                srvPmGetSessionHandle
 .text.rbtree_node_next
                0x0000000000110ff8       0x50 C:/devkitPro/libctru/lib\libctru.a(rbtree_iterator.o)
                0x0000000000110ff8                rbtree_node_next
 .text.encode_utf16
                0x0000000000111048       0x60 C:/devkitPro/libctru/lib\libctru.a(encode_utf16.o)
                0x0000000000111048                encode_utf16
 .text.encode_utf8
                0x00000000001110a8       0xfc C:/devkitPro/libctru/lib\libctru.a(encode_utf8.o)
                0x00000000001110a8                encode_utf8
 .text.decode_utf8
                0x00000000001111a4      0x13c C:/devkitPro/libctru/lib\libctru.a(decode_utf8.o)
                0x00000000001111a4                decode_utf8
 .text.__appInit
                0x00000000001112e0       0x30 C:/devkitPro/libctru/lib\libctru.a(appInit.o)
                0x00000000001112e0                __appInit
 .text.__libctru_nanosleep
                0x0000000000111310       0x30 C:/devkitPro/libctru/lib\libctru.a(syscalls.o)
 .text.__libctru_get_reent
                0x0000000000111340       0x30 C:/devkitPro/libctru/lib\libctru.a(syscalls.o)
 .text.__system_initSyscalls
                0x0000000000111370       0xf8 C:/devkitPro/libctru/lib\libctru.a(syscalls.o)
                0x0000000000111370                __system_initSyscalls
 .text.__appExit
                0x0000000000111468       0x30 C:/devkitPro/libctru/lib\libctru.a(appExit.o)
                0x0000000000111468                __appExit
 .text.__libctru_exit
                0x0000000000111498       0x90 C:/devkitPro/libctru/lib\libctru.a(ctru_exit.o)
                0x0000000000111498                __libctru_exit
 .text.archive_link
                0x0000000000111528       0x14 C:/devkitPro/libctru/lib\libctru.a(archive_dev.o)
 .text.archive_dirreset
                0x000000000011153c       0x14 C:/devkitPro/libctru/lib\libctru.a(archive_dev.o)
 .text.archive_chmod
                0x0000000000111550       0x14 C:/devkitPro/libctru/lib\libctru.a(archive_dev.o)
 .text.error_cmp
                0x0000000000111564       0x24 C:/devkitPro/libctru/lib\libctru.a(archive_dev.o)
 .text.archive_translate_error
                0x0000000000111588       0x50 C:/devkitPro/libctru/lib\libctru.a(archive_dev.o)
 .text.archive_seek
                0x00000000001115d8       0xd4 C:/devkitPro/libctru/lib\libctru.a(archive_dev.o)
 .text._archiveInit.part.0
                0x00000000001116ac       0x7c C:/devkitPro/libctru/lib\libctru.a(archive_dev.o)
 .text.archiveFindDevice.part.0
                0x0000000000111728       0x8c C:/devkitPro/libctru/lib\libctru.a(archive_dev.o)
 .text.archive_utf16path
                0x00000000001117b4      0x294 C:/devkitPro/libctru/lib\libctru.a(archive_dev.o)
 .text._archiveUnmountDeviceStruct.part.0
                0x0000000000111a48       0xa0 C:/devkitPro/libctru/lib\libctru.a(archive_dev.o)
 .text.archive_fchmod
                0x0000000000111ae8       0x14 C:/devkitPro/libctru/lib\libctru.a(archive_dev.o)
 .text.archive_statvfs
                0x0000000000111afc       0x14 C:/devkitPro/libctru/lib\libctru.a(archive_dev.o)
 .text._archiveMountDevice
                0x0000000000111b10      0x158 C:/devkitPro/libctru/lib\libctru.a(archive_dev.o)
 .text.archive_diropen
                0x0000000000111c68       0xe8 C:/devkitPro/libctru/lib\libctru.a(archive_dev.o)
 .text.archive_fstat
                0x0000000000111d50       0xa4 C:/devkitPro/libctru/lib\libctru.a(archive_dev.o)
 .text.archive_close
                0x0000000000111df4       0x6c C:/devkitPro/libctru/lib\libctru.a(archive_dev.o)
 .text.archive_fsync
                0x0000000000111e60       0x6c C:/devkitPro/libctru/lib\libctru.a(archive_dev.o)
 .text.archive_dirclose
                0x0000000000111ecc       0x70 C:/devkitPro/libctru/lib\libctru.a(archive_dev.o)
 .text.sdmc_statvfs
                0x0000000000111f3c       0xe8 C:/devkitPro/libctru/lib\libctru.a(archive_dev.o)
 .text.archive_ftruncate
                0x0000000000112024       0x80 C:/devkitPro/libctru/lib\libctru.a(archive_dev.o)
 .text.archive_chdir
                0x00000000001120a4       0xfc C:/devkitPro/libctru/lib\libctru.a(archive_dev.o)
 .text.archive_read
                0x00000000001121a0       0xb0 C:/devkitPro/libctru/lib\libctru.a(archive_dev.o)
 .text.archive_unlink
                0x0000000000112250       0xac C:/devkitPro/libctru/lib\libctru.a(archive_dev.o)
 .text.archive_rmdir
                0x00000000001122fc       0xc8 C:/devkitPro/libctru/lib\libctru.a(archive_dev.o)
 .text.archive_mkdir
                0x00000000001123c4       0xec C:/devkitPro/libctru/lib\libctru.a(archive_dev.o)
 .text.archive_stat
                0x00000000001124b0      0x1a8 C:/devkitPro/libctru/lib\libctru.a(archive_dev.o)
 .text.archive_rename
                0x0000000000112658      0x184 C:/devkitPro/libctru/lib\libctru.a(archive_dev.o)
 .text.archive_dirnext
                0x00000000001127dc      0x168 C:/devkitPro/libctru/lib\libctru.a(archive_dev.o)
 .text.archive_write
                0x0000000000112944      0x12c C:/devkitPro/libctru/lib\libctru.a(archive_dev.o)
 .text.archive_open
                0x0000000000112a70      0x1f0 C:/devkitPro/libctru/lib\libctru.a(archive_dev.o)
 .text.archiveMountSdmc
                0x0000000000112c60      0x1a4 C:/devkitPro/libctru/lib\libctru.a(archive_dev.o)
                0x0000000000112c60                archiveMountSdmc
 .text.archiveUnmountAll
                0x0000000000112e04       0x54 C:/devkitPro/libctru/lib\libctru.a(archive_dev.o)
                0x0000000000112e04                archiveUnmountAll
 .text.cosf     0x0000000000112e58      0x22c c:/devkitpro/devkitarm/bin/../lib/gcc/arm-none-eabi/10.2.0/../../../../arm-none-eabi/lib/armv6k/fpu\libm.a(lib_a-cosf.o)
                0x0000000000112e58                cosf
 .text.with_errnof
                0x0000000000113084       0x24 c:/devkitpro/devkitarm/bin/../lib/gcc/arm-none-eabi/10.2.0/../../../../arm-none-eabi/lib/armv6k/fpu\libm.a(lib_a-math_errf.o)
 .text.__math_invalidf
                0x00000000001130a8       0x1c c:/devkitpro/devkitarm/bin/../lib/gcc/arm-none-eabi/10.2.0/../../../../arm-none-eabi/lib/armv6k/fpu\libm.a(lib_a-math_errf.o)
                0x00000000001130a8                __math_invalidf
 *fill*         0x00000000001130c4        0x4 
 .text.sinf     0x00000000001130c8      0x274 c:/devkitpro/devkitarm/bin/../lib/gcc/arm-none-eabi/10.2.0/../../../../arm-none-eabi/lib/armv6k/fpu\libm.a(lib_a-sinf.o)
                0x00000000001130c8                sinf
 .text.__udivmoddi4
                0x000000000011333c      0x120 c:/devkitpro/devkitarm/bin/../lib/gcc/arm-none-eabi/10.2.0/armv6k/fpu\libgcc.a(_udivmoddi4.o)
                0x000000000011333c                __udivmoddi4
 .text.bsearch  0x000000000011345c       0x78 c:/devkitpro/devkitarm/bin/../lib/gcc/arm-none-eabi/10.2.0/../../../../arm-none-eabi/lib/armv6k/fpu\libg.a(lib_a-bsearch.o)
                0x000000000011345c                bsearch
 .text.calloc   0x00000000001134d4       0x28 c:/devkitpro/devkitarm/bin/../lib/gcc/arm-none-eabi/10.2.0/../../../../arm-none-eabi/lib/armv6k/fpu\libg.a(lib_a-calloc.o)
                0x00000000001134d4                calloc
 .text._calloc_r
                0x00000000001134fc       0x94 c:/devkitpro/devkitarm/bin/../lib/gcc/arm-none-eabi/10.2.0/../../../../arm-none-eabi/lib/armv6k/fpu\libg.a(lib_a-callocr.o)
                0x00000000001134fc                _calloc_r
 .text.__errno  0x0000000000113590        0xc c:/devkitpro/devkitarm/bin/../lib/gcc/arm-none-eabi/10.2.0/../../../../arm-none-eabi/lib/armv6k/fpu\libg.a(lib_a-errno.o)
                0x0000000000113590                __errno
 .text.exit     0x000000000011359c       0x34 c:/devkitpro/devkitarm/bin/../lib/gcc/arm-none-eabi/10.2.0/../../../../arm-none-eabi/lib/armv6k/fpu\libg.a(lib_a-exit.o)
                0x000000000011359c                exit
 .text._fclose_r
                0x00000000001135d0      0x160 c:/devkitpro/devkitarm/bin/../lib/gcc/arm-none-eabi/10.2.0/../../../../arm-none-eabi/lib/armv6k/fpu\libg.a(lib_a-fclose.o)
                0x00000000001135d0                _fclose_r
 .text.fclose   0x0000000000113730       0x20 c:/devkitpro/devkitarm/bin/../lib/gcc/arm-none-eabi/10.2.0/../../../../arm-none-eabi/lib/armv6k/fpu\libg.a(lib_a-fclose.o)
                0x0000000000113730                fclose
 .text.__sflush_r
                0x0000000000113750      0x258 c:/devkitpro/devkitarm/bin/../lib/gcc/arm-none-eabi/10.2.0/../../../../arm-none-eabi/lib/armv6k/fpu\libg.a(lib_a-fflush.o)
                0x0000000000113750                __sflush_r
 .text._fflush_r
                0x00000000001139a8       0x94 c:/devkitpro/devkitarm/bin/../lib/gcc/arm-none-eabi/10.2.0/../../../../arm-none-eabi/lib/armv6k/fpu\libg.a(lib_a-fflush.o)
                0x00000000001139a8                _fflush_r
 .text.fflush   0x0000000000113a3c       0x38 c:/devkitpro/devkitarm/bin/../lib/gcc/arm-none-eabi/10.2.0/../../../../arm-none-eabi/lib/armv6k/fpu\libg.a(lib_a-fflush.o)
                0x0000000000113a3c                fflush
 .text._cleanup_r
                0x0000000000113a74        0xc c:/devkitpro/devkitarm/bin/../lib/gcc/arm-none-eabi/10.2.0/../../../../arm-none-eabi/lib/armv6k/fpu\libg.a(lib_a-findfp.o)
                0x0000000000113a74                _cleanup_r
 .text.__sinit  0x0000000000113a80      0x184 c:/devkitpro/devkitarm/bin/../lib/gcc/arm-none-eabi/10.2.0/../../../../arm-none-eabi/lib/armv6k/fpu\libg.a(lib_a-findfp.o)
                0x0000000000113a80                __sinit
 .text.__sfp    0x0000000000113c04      0x134 c:/devkitpro/devkitarm/bin/../lib/gcc/arm-none-eabi/10.2.0/../../../../arm-none-eabi/lib/armv6k/fpu\libg.a(lib_a-findfp.o)
                0x0000000000113c04                __sfp
 .text.__sfp_lock_acquire
                0x0000000000113d38        0xc c:/devkitpro/devkitarm/bin/../lib/gcc/arm-none-eabi/10.2.0/../../../../arm-none-eabi/lib/armv6k/fpu\libg.a(lib_a-findfp.o)
                0x0000000000113d38                __sfp_lock_acquire
 .text.__sfp_lock_release
                0x0000000000113d44        0xc c:/devkitpro/devkitarm/bin/../lib/gcc/arm-none-eabi/10.2.0/../../../../arm-none-eabi/lib/armv6k/fpu\libg.a(lib_a-findfp.o)
                0x0000000000113d44                __sfp_lock_release
 .text.__libc_fini_array
                0x0000000000113d50       0x3c c:/devkitpro/devkitarm/bin/../lib/gcc/arm-none-eabi/10.2.0/../../../../arm-none-eabi/lib/armv6k/fpu\libg.a(lib_a-fini.o)
                0x0000000000113d50                __libc_fini_array
 .text._fopen_r
                0x0000000000113d8c      0x140 c:/devkitpro/devkitarm/bin/../lib/gcc/arm-none-eabi/10.2.0/../../../../arm-none-eabi/lib/armv6k/fpu\libg.a(lib_a-fopen.o)
                0x0000000000113d8c                _fopen_r
 .text.fopen    0x0000000000113ecc       0x28 c:/devkitpro/devkitarm/bin/../lib/gcc/arm-none-eabi/10.2.0/../../../../arm-none-eabi/lib/armv6k/fpu\libg.a(lib_a-fopen.o)
                0x0000000000113ecc                fopen
 .text._fread_r
                0x0000000000113ef4      0x2d0 c:/devkitpro/devkitarm/bin/../lib/gcc/arm-none-eabi/10.2.0/../../../../arm-none-eabi/lib/armv6k/fpu\libg.a(lib_a-fread.o)
                0x0000000000113ef4                _fread_r
 .text.fread    0x00000000001141c4       0x38 c:/devkitpro/devkitarm/bin/../lib/gcc/arm-none-eabi/10.2.0/../../../../arm-none-eabi/lib/armv6k/fpu\libg.a(lib_a-fread.o)
                0x00000000001141c4                fread
 .text._malloc_trim_r
                0x00000000001141fc       0xf8 c:/devkitpro/devkitarm/bin/../lib/gcc/arm-none-eabi/10.2.0/../../../../arm-none-eabi/lib/armv6k/fpu\libg.a(lib_a-freer.o)
                0x00000000001141fc                _malloc_trim_r
 .text._free_r  0x00000000001142f4      0x2e4 c:/devkitpro/devkitarm/bin/../lib/gcc/arm-none-eabi/10.2.0/../../../../arm-none-eabi/lib/armv6k/fpu\libg.a(lib_a-freer.o)
                0x00000000001142f4                _free_r
 .text._fseek_r
                0x00000000001145d8       0x1c c:/devkitpro/devkitarm/bin/../lib/gcc/arm-none-eabi/10.2.0/../../../../arm-none-eabi/lib/armv6k/fpu\libg.a(lib_a-fseek.o)
                0x00000000001145d8                _fseek_r
 .text._fseeko_r
                0x00000000001145f4      0x4f8 c:/devkitpro/devkitarm/bin/../lib/gcc/arm-none-eabi/10.2.0/../../../../arm-none-eabi/lib/armv6k/fpu\libg.a(lib_a-fseeko.o)
                0x00000000001145f4                _fseeko_r
 .text._ftello_r
                0x0000000000114aec      0x1bc c:/devkitpro/devkitarm/bin/../lib/gcc/arm-none-eabi/10.2.0/../../../../arm-none-eabi/lib/armv6k/fpu\libg.a(lib_a-ftello.o)
                0x0000000000114aec                _ftello_r
 .text._fwalk   0x0000000000114ca8       0x68 c:/devkitpro/devkitarm/bin/../lib/gcc/arm-none-eabi/10.2.0/../../../../arm-none-eabi/lib/armv6k/fpu\libg.a(lib_a-fwalk.o)
                0x0000000000114ca8                _fwalk
 .text._fwalk_reent
                0x0000000000114d10       0x70 c:/devkitpro/devkitarm/bin/../lib/gcc/arm-none-eabi/10.2.0/../../../../arm-none-eabi/lib/armv6k/fpu\libg.a(lib_a-fwalk.o)
                0x0000000000114d10                _fwalk_reent
 .text.__libc_init_array
                0x0000000000114d80       0x7c c:/devkitpro/devkitarm/bin/../lib/gcc/arm-none-eabi/10.2.0/../../../../arm-none-eabi/lib/armv6k/fpu\libg.a(lib_a-init.o)
                0x0000000000114d80                __libc_init_array
 .text.__smakebuf_r
                0x0000000000114dfc      0x138 c:/devkitpro/devkitarm/bin/../lib/gcc/arm-none-eabi/10.2.0/../../../../arm-none-eabi/lib/armv6k/fpu\libg.a(lib_a-makebuf.o)
                0x0000000000114dfc                __smakebuf_r
 .text.__swhatbuf_r
                0x0000000000114f34       0x94 c:/devkitpro/devkitarm/bin/../lib/gcc/arm-none-eabi/10.2.0/../../../../arm-none-eabi/lib/armv6k/fpu\libg.a(lib_a-makebuf.o)
                0x0000000000114f34                __swhatbuf_r
 .text.memalign
                0x0000000000114fc8       0x28 c:/devkitpro/devkitarm/bin/../lib/gcc/arm-none-eabi/10.2.0/../../../../arm-none-eabi/lib/armv6k/fpu\libg.a(lib_a-malign.o)
                0x0000000000114fc8                memalign
 .text._memalign_r
                0x0000000000114ff0      0x148 c:/devkitpro/devkitarm/bin/../lib/gcc/arm-none-eabi/10.2.0/../../../../arm-none-eabi/lib/armv6k/fpu\libg.a(lib_a-malignr.o)
                0x0000000000114ff0                _memalign_r
 .text.malloc   0x0000000000115138       0x20 c:/devkitpro/devkitarm/bin/../lib/gcc/arm-none-eabi/10.2.0/../../../../arm-none-eabi/lib/armv6k/fpu\libg.a(lib_a-malloc.o)
                0x0000000000115138                malloc
 .text.free     0x0000000000115158       0x20 c:/devkitpro/devkitarm/bin/../lib/gcc/arm-none-eabi/10.2.0/../../../../arm-none-eabi/lib/armv6k/fpu\libg.a(lib_a-malloc.o)
                0x0000000000115158                free
 .text._malloc_r
                0x0000000000115178      0x7f0 c:/devkitpro/devkitarm/bin/../lib/gcc/arm-none-eabi/10.2.0/../../../../arm-none-eabi/lib/armv6k/fpu\libg.a(lib_a-mallocr.o)
                0x0000000000115178                _malloc_r
 .text.memchr   0x0000000000115968       0xe0 c:/devkitpro/devkitarm/bin/../lib/gcc/arm-none-eabi/10.2.0/../../../../arm-none-eabi/lib/armv6k/fpu\libg.a(lib_a-memchr-stub.o)
                0x0000000000115968                memchr
 .text.memcmp   0x0000000000115a48       0xa8 c:/devkitpro/devkitarm/bin/../lib/gcc/arm-none-eabi/10.2.0/../../../../arm-none-eabi/lib/armv6k/fpu\libg.a(lib_a-memcmp.o)
                0x0000000000115a48                memcmp
 .text.memcpy   0x0000000000115af0      0x11c c:/devkitpro/devkitarm/bin/../lib/gcc/arm-none-eabi/10.2.0/../../../../arm-none-eabi/lib/armv6k/fpu\libg.a(lib_a-memcpy-stub.o)
                0x0000000000115af0                memcpy
 .text.memset   0x0000000000115c0c      0x118 c:/devkitpro/devkitarm/bin/../lib/gcc/arm-none-eabi/10.2.0/../../../../arm-none-eabi/lib/armv6k/fpu\libg.a(lib_a-memset.o)
                0x0000000000115c0c                memset
 .text.__malloc_lock
                0x0000000000115d24        0xc c:/devkitpro/devkitarm/bin/../lib/gcc/arm-none-eabi/10.2.0/../../../../arm-none-eabi/lib/armv6k/fpu\libg.a(lib_a-mlock.o)
                0x0000000000115d24                __malloc_lock
 .text.__malloc_unlock
                0x0000000000115d30        0xc c:/devkitpro/devkitarm/bin/../lib/gcc/arm-none-eabi/10.2.0/../../../../arm-none-eabi/lib/armv6k/fpu\libg.a(lib_a-mlock.o)
                0x0000000000115d30                __malloc_unlock
 .text.printf   0x0000000000115d3c       0x34 c:/devkitpro/devkitarm/bin/../lib/gcc/arm-none-eabi/10.2.0/../../../../arm-none-eabi/lib/armv6k/fpu\libg.a(lib_a-printf.o)
                0x0000000000115d3c                printf
 .text.srand    0x0000000000115d70       0x1c c:/devkitpro/devkitarm/bin/../lib/gcc/arm-none-eabi/10.2.0/../../../../arm-none-eabi/lib/armv6k/fpu\libg.a(lib_a-rand.o)
                0x0000000000115d70                srand
 .text.rand     0x0000000000115d8c       0x44 c:/devkitpro/devkitarm/bin/../lib/gcc/arm-none-eabi/10.2.0/../../../../arm-none-eabi/lib/armv6k/fpu\libg.a(lib_a-rand.o)
                0x0000000000115d8c                rand
 .text.lflush   0x0000000000115dd0       0x1c c:/devkitpro/devkitarm/bin/../lib/gcc/arm-none-eabi/10.2.0/../../../../arm-none-eabi/lib/armv6k/fpu\libg.a(lib_a-refill.o)
 .text.__srefill_r
                0x0000000000115dec      0x1ac c:/devkitpro/devkitarm/bin/../lib/gcc/arm-none-eabi/10.2.0/../../../../arm-none-eabi/lib/armv6k/fpu\libg.a(lib_a-refill.o)
                0x0000000000115dec                __srefill_r
 .text.setvbuf  0x0000000000115f98      0x260 c:/devkitpro/devkitarm/bin/../lib/gcc/arm-none-eabi/10.2.0/../../../../arm-none-eabi/lib/armv6k/fpu\libg.a(lib_a-setvbuf.o)
                0x0000000000115f98                setvbuf
 .text.sscanf   0x00000000001161f8       0x74 c:/devkitpro/devkitarm/bin/../lib/gcc/arm-none-eabi/10.2.0/../../../../arm-none-eabi/lib/armv6k/fpu\libg.a(lib_a-sscanf.o)
                0x00000000001161f8                sscanf
 .text.__sread  0x000000000011626c       0x44 c:/devkitpro/devkitarm/bin/../lib/gcc/arm-none-eabi/10.2.0/../../../../arm-none-eabi/lib/armv6k/fpu\libg.a(lib_a-stdio.o)
                0x000000000011626c                __sread
 .text.__seofread
                0x00000000001162b0        0x8 c:/devkitpro/devkitarm/bin/../lib/gcc/arm-none-eabi/10.2.0/../../../../arm-none-eabi/lib/armv6k/fpu\libg.a(lib_a-stdio.o)
                0x00000000001162b0                __seofread
 .text.__swrite
                0x00000000001162b8       0x68 c:/devkitpro/devkitarm/bin/../lib/gcc/arm-none-eabi/10.2.0/../../../../arm-none-eabi/lib/armv6k/fpu\libg.a(lib_a-stdio.o)
                0x00000000001162b8                __swrite
 .text.__sseek  0x0000000000116320       0x48 c:/devkitpro/devkitarm/bin/../lib/gcc/arm-none-eabi/10.2.0/../../../../arm-none-eabi/lib/armv6k/fpu\libg.a(lib_a-stdio.o)
                0x0000000000116320                __sseek
 .text.__sclose
                0x0000000000116368        0x8 c:/devkitpro/devkitarm/bin/../lib/gcc/arm-none-eabi/10.2.0/../../../../arm-none-eabi/lib/armv6k/fpu\libg.a(lib_a-stdio.o)
                0x0000000000116368                __sclose
 .text.strchr   0x0000000000116370      0x144 c:/devkitpro/devkitarm/bin/../lib/gcc/arm-none-eabi/10.2.0/../../../../arm-none-eabi/lib/armv6k/fpu\libg.a(lib_a-strchr.o)
                0x0000000000116370                strchr
 .text.strlen   0x00000000001164b4       0x5c c:/devkitpro/devkitarm/bin/../lib/gcc/arm-none-eabi/10.2.0/../../../../arm-none-eabi/lib/armv6k/fpu\libg.a(lib_a-strlen-stub.o)
                0x00000000001164b4                strlen
 .text.strncat  0x0000000000116510       0xec c:/devkitpro/devkitarm/bin/../lib/gcc/arm-none-eabi/10.2.0/../../../../arm-none-eabi/lib/armv6k/fpu\libg.a(lib_a-strncat.o)
                0x0000000000116510                strncat
 .text.strncmp  0x00000000001165fc       0xdc c:/devkitpro/devkitarm/bin/../lib/gcc/arm-none-eabi/10.2.0/../../../../arm-none-eabi/lib/armv6k/fpu\libg.a(lib_a-strncmp.o)
                0x00000000001165fc                strncmp
 .text.strncpy  0x00000000001166d8       0xc0 c:/devkitpro/devkitarm/bin/../lib/gcc/arm-none-eabi/10.2.0/../../../../arm-none-eabi/lib/armv6k/fpu\libg.a(lib_a-strncpy.o)
                0x00000000001166d8                strncpy
 .text.strnlen  0x0000000000116798       0x48 c:/devkitpro/devkitarm/bin/../lib/gcc/arm-none-eabi/10.2.0/../../../../arm-none-eabi/lib/armv6k/fpu\libg.a(lib_a-strnlen.o)
                0x0000000000116798                strnlen
 .text.get_arg  0x00000000001167e0       0x50 c:/devkitpro/devkitarm/bin/../lib/gcc/arm-none-eabi/10.2.0/../../../../arm-none-eabi/lib/armv6k/fpu\libg.a(lib_a-svfscanf.o)
 .text.__ssvfscanf_r
                0x0000000000116830     0x2b68 c:/devkitpro/devkitarm/bin/../lib/gcc/arm-none-eabi/10.2.0/../../../../arm-none-eabi/lib/armv6k/fpu\libg.a(lib_a-svfscanf.o)
                0x0000000000116830                __ssvfscanf_r
 .text.time     0x0000000000119398       0x3c c:/devkitpro/devkitarm/bin/../lib/gcc/arm-none-eabi/10.2.0/../../../../arm-none-eabi/lib/armv6k/fpu\libg.a(lib_a-time.o)
                0x0000000000119398                time
 .text.get_arg  0x00000000001193d4      0x64c c:/devkitpro/devkitarm/bin/../lib/gcc/arm-none-eabi/10.2.0/../../../../arm-none-eabi/lib/armv6k/fpu\libg.a(lib_a-vfiprintf.o)
 .text.__sprint_r
                0x0000000000119a20       0x34 c:/devkitpro/devkitarm/bin/../lib/gcc/arm-none-eabi/10.2.0/../../../../arm-none-eabi/lib/armv6k/fpu\libg.a(lib_a-vfiprintf.o)
                0x0000000000119a20                __sprint_r
 .text._vfiprintf_r
                0x0000000000119a54     0x2584 c:/devkitpro/devkitarm/bin/../lib/gcc/arm-none-eabi/10.2.0/../../../../arm-none-eabi/lib/armv6k/fpu\libg.a(lib_a-vfiprintf.o)
                0x0000000000119a54                _vfiprintf_r
 .text.__sbprintf
                0x000000000011bfd8       0xd4 c:/devkitpro/devkitarm/bin/../lib/gcc/arm-none-eabi/10.2.0/../../../../arm-none-eabi/lib/armv6k/fpu\libg.a(lib_a-vfiprintf.o)
 .text.get_arg  0x000000000011c0ac      0x64c c:/devkitpro/devkitarm/bin/../lib/gcc/arm-none-eabi/10.2.0/../../../../arm-none-eabi/lib/armv6k/fpu\libg.a(lib_a-vfprintf.o)
 .text._vfprintf_r
                0x000000000011c6f8     0x38d4 c:/devkitpro/devkitarm/bin/../lib/gcc/arm-none-eabi/10.2.0/../../../../arm-none-eabi/lib/armv6k/fpu\libg.a(lib_a-vfprintf.o)
                0x000000000011c6f8                _vfprintf_r
 .text.__sbprintf
                0x000000000011ffcc       0xd4 c:/devkitpro/devkitarm/bin/../lib/gcc/arm-none-eabi/10.2.0/../../../../arm-none-eabi/lib/armv6k/fpu\libg.a(lib_a-vfprintf.o)
 .text._wcrtomb_r
                0x00000000001200a0       0x54 c:/devkitpro/devkitarm/bin/../lib/gcc/arm-none-eabi/10.2.0/../../../../arm-none-eabi/lib/armv6k/fpu\libg.a(lib_a-wcrtomb.o)
                0x00000000001200a0                _wcrtomb_r
 .text._wcsrtombs_r
                0x00000000001200f4       0x28 c:/devkitpro/devkitarm/bin/../lib/gcc/arm-none-eabi/10.2.0/../../../../arm-none-eabi/lib/armv6k/fpu\libg.a(lib_a-wcsrtombs.o)
                0x00000000001200f4                _wcsrtombs_r
 .text.__swsetup_r
                0x000000000012011c      0x154 c:/devkitpro/devkitarm/bin/../lib/gcc/arm-none-eabi/10.2.0/../../../../arm-none-eabi/lib/armv6k/fpu\libg.a(lib_a-wsetup.o)
                0x000000000012011c                __swsetup_r
 .text.__call_exitprocs
                0x0000000000120270      0x114 c:/devkitpro/devkitarm/bin/../lib/gcc/arm-none-eabi/10.2.0/../../../../arm-none-eabi/lib/armv6k/fpu\libg.a(lib_a-__call_atexit.o)
                0x0000000000120270                __call_exitprocs
 .text.quorem   0x0000000000120384      0x1a8 c:/devkitpro/devkitarm/bin/../lib/gcc/arm-none-eabi/10.2.0/../../../../arm-none-eabi/lib/armv6k/fpu\libg.a(lib_a-dtoa.o)
 *fill*         0x000000000012052c        0x4 
 .text._dtoa_r  0x0000000000120530     0x12ec c:/devkitpro/devkitarm/bin/../lib/gcc/arm-none-eabi/10.2.0/../../../../arm-none-eabi/lib/armv6k/fpu\libg.a(lib_a-dtoa.o)
                0x0000000000120530                _dtoa_r
 .text.__sflags
                0x000000000012181c       0xc8 c:/devkitpro/devkitarm/bin/../lib/gcc/arm-none-eabi/10.2.0/../../../../arm-none-eabi/lib/armv6k/fpu\libg.a(lib_a-flags.o)
                0x000000000012181c                __sflags
 .text.__sfvwrite_r
                0x00000000001218e4      0x4a4 c:/devkitpro/devkitarm/bin/../lib/gcc/arm-none-eabi/10.2.0/../../../../arm-none-eabi/lib/armv6k/fpu\libg.a(lib_a-fvwrite.o)
                0x00000000001218e4                __sfvwrite_r
 .text.iswspace
                0x0000000000121d88        0x8 c:/devkitpro/devkitarm/bin/../lib/gcc/arm-none-eabi/10.2.0/../../../../arm-none-eabi/lib/armv6k/fpu\libg.a(lib_a-iswspace.o)
                0x0000000000121d88                iswspace
 .text._localeconv_r
                0x0000000000121d90        0xc c:/devkitpro/devkitarm/bin/../lib/gcc/arm-none-eabi/10.2.0/../../../../arm-none-eabi/lib/armv6k/fpu\libg.a(lib_a-localeconv.o)
                0x0000000000121d90                _localeconv_r
 .text.__locale_mb_cur_max
                0x0000000000121d9c       0x10 c:/devkitpro/devkitarm/bin/../lib/gcc/arm-none-eabi/10.2.0/../../../../arm-none-eabi/lib/armv6k/fpu\libg.a(lib_a-locale.o)
                0x0000000000121d9c                __locale_mb_cur_max
 .text._mbrtowc_r
                0x0000000000121dac       0x68 c:/devkitpro/devkitarm/bin/../lib/gcc/arm-none-eabi/10.2.0/../../../../arm-none-eabi/lib/armv6k/fpu\libg.a(lib_a-mbrtowc.o)
                0x0000000000121dac                _mbrtowc_r
 .text.__utf8_mbtowc
                0x0000000000121e14      0x2fc c:/devkitpro/devkitarm/bin/../lib/gcc/arm-none-eabi/10.2.0/../../../../arm-none-eabi/lib/armv6k/fpu\libg.a(lib_a-mbtowc_r.o)
                0x0000000000121e14                __utf8_mbtowc
 .text.memmove  0x0000000000122110      0x154 c:/devkitpro/devkitarm/bin/../lib/gcc/arm-none-eabi/10.2.0/../../../../arm-none-eabi/lib/armv6k/fpu\libg.a(lib_a-memmove.o)
                0x0000000000122110                memmove
 .text._Balloc  0x0000000000122264       0x88 c:/devkitpro/devkitarm/bin/../lib/gcc/arm-none-eabi/10.2.0/../../../../arm-none-eabi/lib/armv6k/fpu\libg.a(lib_a-mprec.o)
                0x0000000000122264                _Balloc
 .text._Bfree   0x00000000001222ec       0x1c c:/devkitpro/devkitarm/bin/../lib/gcc/arm-none-eabi/10.2.0/../../../../arm-none-eabi/lib/armv6k/fpu\libg.a(lib_a-mprec.o)
                0x00000000001222ec                _Bfree
 .text.__multadd
                0x0000000000122308       0xf4 c:/devkitpro/devkitarm/bin/../lib/gcc/arm-none-eabi/10.2.0/../../../../arm-none-eabi/lib/armv6k/fpu\libg.a(lib_a-mprec.o)
                0x0000000000122308                __multadd
 .text.__s2b    0x00000000001223fc      0x110 c:/devkitpro/devkitarm/bin/../lib/gcc/arm-none-eabi/10.2.0/../../../../arm-none-eabi/lib/armv6k/fpu\libg.a(lib_a-mprec.o)
                0x00000000001223fc                __s2b
 .text.__hi0bits
                0x000000000012250c       0x58 c:/devkitpro/devkitarm/bin/../lib/gcc/arm-none-eabi/10.2.0/../../../../arm-none-eabi/lib/armv6k/fpu\libg.a(lib_a-mprec.o)
                0x000000000012250c                __hi0bits
 .text.__lo0bits
                0x0000000000122564       0x9c c:/devkitpro/devkitarm/bin/../lib/gcc/arm-none-eabi/10.2.0/../../../../arm-none-eabi/lib/armv6k/fpu\libg.a(lib_a-mprec.o)
                0x0000000000122564                __lo0bits
 .text.__i2b    0x0000000000122600       0xa4 c:/devkitpro/devkitarm/bin/../lib/gcc/arm-none-eabi/10.2.0/../../../../arm-none-eabi/lib/armv6k/fpu\libg.a(lib_a-mprec.o)
                0x0000000000122600                __i2b
 .text.__multiply
                0x00000000001226a4      0x204 c:/devkitpro/devkitarm/bin/../lib/gcc/arm-none-eabi/10.2.0/../../../../arm-none-eabi/lib/armv6k/fpu\libg.a(lib_a-mprec.o)
                0x00000000001226a4                __multiply
 .text.__pow5mult
                0x00000000001228a8      0x120 c:/devkitpro/devkitarm/bin/../lib/gcc/arm-none-eabi/10.2.0/../../../../arm-none-eabi/lib/armv6k/fpu\libg.a(lib_a-mprec.o)
                0x00000000001228a8                __pow5mult
 .text.__lshift
                0x00000000001229c8      0x13c c:/devkitpro/devkitarm/bin/../lib/gcc/arm-none-eabi/10.2.0/../../../../arm-none-eabi/lib/armv6k/fpu\libg.a(lib_a-mprec.o)
                0x00000000001229c8                __lshift
 .text.__mcmp   0x0000000000122b04       0x58 c:/devkitpro/devkitarm/bin/../lib/gcc/arm-none-eabi/10.2.0/../../../../arm-none-eabi/lib/armv6k/fpu\libg.a(lib_a-mprec.o)
                0x0000000000122b04                __mcmp
 .text.__mdiff  0x0000000000122b5c      0x1cc c:/devkitpro/devkitarm/bin/../lib/gcc/arm-none-eabi/10.2.0/../../../../arm-none-eabi/lib/armv6k/fpu\libg.a(lib_a-mprec.o)
                0x0000000000122b5c                __mdiff
 .text.__ulp    0x0000000000122d28       0x88 c:/devkitpro/devkitarm/bin/../lib/gcc/arm-none-eabi/10.2.0/../../../../arm-none-eabi/lib/armv6k/fpu\libg.a(lib_a-mprec.o)
                0x0000000000122d28                __ulp
 .text.__b2d    0x0000000000122db0       0xd4 c:/devkitpro/devkitarm/bin/../lib/gcc/arm-none-eabi/10.2.0/../../../../arm-none-eabi/lib/armv6k/fpu\libg.a(lib_a-mprec.o)
                0x0000000000122db0                __b2d
 .text.__d2b    0x0000000000122e84      0x12c c:/devkitpro/devkitarm/bin/../lib/gcc/arm-none-eabi/10.2.0/../../../../arm-none-eabi/lib/armv6k/fpu\libg.a(lib_a-mprec.o)
                0x0000000000122e84                __d2b
 .text.__ratio  0x0000000000122fb0       0x78 c:/devkitpro/devkitarm/bin/../lib/gcc/arm-none-eabi/10.2.0/../../../../arm-none-eabi/lib/armv6k/fpu\libg.a(lib_a-mprec.o)
                0x0000000000122fb0                __ratio
 .text.__copybits
                0x0000000000123028       0x88 c:/devkitpro/devkitarm/bin/../lib/gcc/arm-none-eabi/10.2.0/../../../../arm-none-eabi/lib/armv6k/fpu\libg.a(lib_a-mprec.o)
                0x0000000000123028                __copybits
 .text.__any_on
                0x00000000001230b0       0x5c c:/devkitpro/devkitarm/bin/../lib/gcc/arm-none-eabi/10.2.0/../../../../arm-none-eabi/lib/armv6k/fpu\libg.a(lib_a-mprec.o)
                0x00000000001230b0                __any_on
 .text.realloc  0x000000000012310c       0x28 c:/devkitpro/devkitarm/bin/../lib/gcc/arm-none-eabi/10.2.0/../../../../arm-none-eabi/lib/armv6k/fpu\libg.a(lib_a-realloc.o)
                0x000000000012310c                realloc
 .text._realloc_r
                0x0000000000123134      0x598 c:/devkitpro/devkitarm/bin/../lib/gcc/arm-none-eabi/10.2.0/../../../../arm-none-eabi/lib/armv6k/fpu\libg.a(lib_a-reallocr.o)